01-24 21:32:25.533  2580  5604 V MediaPlayer: resetDrmState:  mDrmInfo=null mDrmProvisioningThread=null mPrepareDrmInProgress=false mActiveDrmScheme=false
01-24 21:32:25.533  2580  5604 V MediaPlayer: cleanDrmObj: mDrmObj=null mDrmSessionId=null
01-24 21:32:25.533  2580  5604 V MediaPlayer: resetDrmState:  mDrmInfo=null mDrmProvisioningThread=null mPrepareDrmInProgress=false mActiveDrmScheme=false
01-24 21:32:25.533  2580  5604 V MediaPlayer: cleanDrmObj: mDrmObj=null mDrmSessionId=null
01-24 21:32:25.534  2580  5604 W Ringtone: Remote playback not allowed: java.io.FileNotFoundException: /product/media/audio/ui/ChargingStarted.ogg: open failed: ENOENT (No such file or directory)
01-24 21:32:25.534  2580  5604 D Ringtone: Problem opening; delegating to remote player
01-24 21:32:25.534  2580  5604 W Ringtone: Neither local nor remote player available when applying playback properties
01-24 21:32:25.534  2580  5604 W Ringtone: Neither local nor remote player available when applying playback properties
01-24 21:32:25.535  1178  1178 I QTI PowerHAL: Power setBoost: 0, duration: 0
01-24 21:32:25.537   882   882 W Binder:882_1: type=1400 audit(0.0:37491): avc: denied { read } for name="wakeup36" dev="sysfs" ino=78165 scontext=u:r:system_suspend:s0 tcontext=u:object_r:sysfs:s0 tclass=dir permissive=0
01-24 21:32:25.539  1591  1829 E QMI_FW  : qmi_cci_get_ref: ref count increased 2
01-24 21:32:25.542  5446  5446 I A       : Creating pss binder().
01-24 21:32:25.542   882   888 E android.system.suspend@1.0-service: Error opening kernel wakelock stats for: wakeup36: Permission denied
01-24 21:32:25.544  1516 17949 D NuPlayerDriver: NuPlayerDriver(0xec342770) created, clientPid(2580)
01-24 21:32:25.545   882   882 W Binder:882_1: type=1400 audit(0.0:37492): avc: denied { read } for name="wakeup133" dev="sysfs" ino=114300 scontext=u:r:system_suspend:s0 tcontext=u:object_r:sysfs:s0 tclass=dir permissive=0
01-24 21:32:25.551   882   888 E android.system.suspend@1.0-service: Error opening kernel wakelock stats for: wakeup133: Permission denied
01-24 21:32:25.557  2935  2935 D DeviceStatisticsService: chargerType=2 batteryLevel=87 totalBatteryCapacity=4035900
01-24 21:32:25.558  2935  2935 D DeviceStatisticsService: chargerType=0 batteryLevel=87 totalBatteryCapacity=4035900
01-24 21:32:25.558  2935  2935 D DeviceInfoHidlClient: isRadioOn()=true
01-24 21:32:25.558  2935  2935 I DeviceInfoHidlClient: isPowerInfoNeverSent=false batteryLevel=87 batteryLevelIndex=3 chargingMode=0 totalCapacity=4035900 powerSaveMode=false
01-24 21:32:25.560  1591  1829 E QMI_FW  : qmi_cci_get_ref: ref count increased 2
01-24 21:32:25.562  5446  9449 I A       : Calling beginBinderSession().
01-24 21:32:25.563  4559  6007 I BrdcstRcvrMsgr: disconnect()
01-24 21:32:25.563  4559  6007 E BrdcstRcvrMsgr: SvcConn: binder null, could not send broadcast of action
01-24 21:32:25.566  1516 17020 D GenericSource: FileSource remote
01-24 21:32:25.572  1513  1754 E Utils   : did not find channel-count and/or sample-rate
01-24 21:32:25.575  1513  1754 E Utils   : did not find channel-count and/or sample-rate
01-24 21:32:25.581  2556  3320 I chatty  : uid=1002(bluetooth) BluetoothAvrcpH expire 10 lines
01-24 21:32:25.582  2556  3320 D HeadsetService: getHeadsetService(): returning com.android.bluetooth.hfp.HeadsetService@65c89c6
01-24 21:32:25.582  1591  1868 E QMI_FW  : qmi_cci_get_ref: ref count increased 2
01-24 21:32:25.582  2556  3320 E HeadsetStateMachine: returning mCurrentState as Disconnected
01-24 21:32:25.582  2556  3320 D HeadsetService:  isAudioOn: The number of audio connected devices 0
01-24 21:32:25.582  2556  3320 D HeadsetService: isScoOrCallActive(): Call Active:falseCall is Ringing:falseSCO is Active:false
01-24 21:32:25.582  2556  3320 E HeadsetStateMachine: returning mCurrentState as Disconnected
01-24 21:32:25.582  2556  3320 D HeadsetService:  isAudioOn: The number of audio connected devices 0
01-24 21:32:25.582  2556  3320 I Avrcp_ext: updatePlayStatusForDevice: device: null
01-24 21:32:25.582  2556  3320 V Avrcp_ext: updatePlaybackState (1): old=PlaybackState {state=2, position=-1, buffered position=0, speed=0.0, updated=101628618, actions=0, custom actions=[], active item id=-1, error=null}(2), new=PlaybackState {state=2, position=-1, buffered position=0, speed=0.0, updated=101641528, actions=0, custom actions=[], active item id=-1, error=null}(2)
01-24 21:32:25.582  2556  3320 I Avrcp_ext: Exit updatePlayStatusForDevice
01-24 21:32:25.582  2556  3320 E HeadsetStateMachine: returning mCurrentState as Disconnected
01-24 21:32:25.582  2556  3320 D HeadsetService:  isAudioOn: The number of audio connected devices 0
01-24 21:32:25.582  2556  3320 D HeadsetService: isScoOrCallActive(): Call Active:falseCall is Ringing:falseSCO is Active:false
01-24 21:32:25.582  2556  3320 E HeadsetStateMachine: returning mCurrentState as Disconnected
01-24 21:32:25.582  2556  3320 D HeadsetService:  isAudioOn: The number of audio connected devices 0
01-24 21:32:25.582  2556  3320 I Avrcp_ext: updatePlayStatusForDevice: device: null
01-24 21:32:25.583  2556  3320 V Avrcp_ext: updatePlaybackState (1): old=PlaybackState {state=2, position=-1, buffered position=0, speed=0.0, updated=101628618, actions=0, custom actions=[], active item id=-1, error=null}(2), new=PlaybackState {state=2, position=-1, buffered position=0, speed=0.0, updated=101641528, actions=0, custom actions=[], active item id=-1, error=null}(2)
01-24 21:32:25.583  2556  3320 I Avrcp_ext: Exit updatePlayStatusForDevice
01-24 21:32:25.583  2556  3320 E HeadsetStateMachine: returning mCurrentState as Disconnected
01-24 21:32:25.583  2556  3320 D HeadsetService:  isAudioOn: The number of audio connected devices 0
01-24 21:32:25.583  2556  3320 D HeadsetService: isScoOrCallActive(): Call Active:falseCall is Ringing:falseSCO is Active:false
01-24 21:32:25.583  2556  3320 E HeadsetStateMachine: returning mCurrentState as Disconnected
01-24 21:32:25.583  2556  3320 D HeadsetService:  isAudioOn: The number of audio connected devices 0
01-24 21:32:25.583  2556  3320 I Avrcp_ext: updatePlayStatusForDevice: device: null
01-24 21:32:25.583  2556  3320 V Avrcp_ext: updatePlaybackState (1): old=PlaybackState {state=2, position=-1, buffered position=0, speed=0.0, updated=101628618, actions=0, custom actions=[], active item id=-1, error=null}(2), new=PlaybackState {state=2, position=-1, buffered position=0, speed=0.0, updated=101641528, actions=0, custom actions=[], active item id=-1, error=null}(2)
01-24 21:32:25.583  2556  3320 I Avrcp_ext: Exit updatePlayStatusForDevice
01-24 21:32:25.583  2556  3320 E HeadsetStateMachine: returning mCurrentState as Disconnected
01-24 21:32:25.583  2556  3320 D HeadsetService:  isAudioOn: The number of audio connected devices 0
01-24 21:32:25.583  2556  3320 D HeadsetService: isScoOrCallActive(): Call Active:falseCall is Ringing:falseSCO is Active:false
01-24 21:32:25.583  2556  3320 E HeadsetStateMachine: returning mCurrentState as Disconnected
01-24 21:32:25.583  2556  3320 D HeadsetService:  isAudioOn: The number of audio connected devices 0
01-24 21:32:25.583  2556  3320 I Avrcp_ext: updatePlayStatusForDevice: device: null
01-24 21:32:25.583  2556  3320 V Avrcp_ext: updatePlaybackState (1): old=PlaybackState {state=2, position=-1, buffered position=0, speed=0.0, updated=101628618, actions=0, custom actions=[], active item id=-1, error=null}(2), new=PlaybackState {state=2, position=-1, buffered position=0, speed=0.0, updated=101641528, actions=0, custom actions=[], active item id=-1, error=null}(2)
01-24 21:32:25.583  2556  3320 I Avrcp_ext: Exit updatePlayStatusForDevice
01-24 21:32:25.583  2556  3320 E HeadsetStateMachine: returning mCurrentState as Disconnected
01-24 21:32:25.583  2556  3320 D HeadsetService:  isAudioOn: The number of audio connected devices 0
01-24 21:32:25.583  2556  3320 D HeadsetService: isScoOrCallActive(): Call Active:falseCall is Ringing:falseSCO is Active:false
01-24 21:32:25.583  2556  3320 E HeadsetStateMachine: returning mCurrentState as Disconnected
01-24 21:32:25.583  2556  3320 D HeadsetService:  isAudioOn: The number of audio connected devices 0
01-24 21:32:25.583  2556  3320 I Avrcp_ext: updatePlayStatusForDevice: device: null
01-24 21:32:25.583  2556  3320 V Avrcp_ext: updatePlaybackState (1): old=PlaybackState {state=2, position=-1, buffered position=0, speed=0.0, updated=101628618, actions=0, custom actions=[], active item id=-1, error=null}(2), new=PlaybackState {state=2, position=-1, buffered position=0, speed=0.0, updated=101641528, actions=0, custom actions=[], active item id=-1, error=null}(2)
01-24 21:32:25.583  2556  3320 I Avrcp_ext: Exit updatePlayStatusForDevice
01-24 21:32:25.583  2556  3320 D Avrcp_ext: Enter sendPlayPosNotificationRsp
01-24 21:32:25.583  2556  3320 D Avrcp_ext: sendPlayPosNotificationRsp: Not registered or requesting.
01-24 21:32:25.583  2556  3320 D Avrcp_ext: Enter sendPlayPosNotificationRsp
01-24 21:32:25.583  2556  3320 D Avrcp_ext: sendPlayPosNotificationRsp: Not registered or requesting.
01-24 21:32:25.583  2556  3320 D Avrcp_ext: Enter sendPlayPosNotificationRsp
01-24 21:32:25.583  2556  3320 D Avrcp_ext: sendPlayPosNotificationRsp: Not registered or requesting.
01-24 21:32:25.583  2556  3320 D Avrcp_ext: Enter sendPlayPosNotificationRsp
01-24 21:32:25.583  2556  3320 D Avrcp_ext: sendPlayPosNotificationRsp: Not registered or requesting.
01-24 21:32:25.583  2556  3320 D Avrcp_ext: Enter sendPlayPosNotificationRsp
01-24 21:32:25.583  2556  3320 D Avrcp_ext: sendPlayPosNotificationRsp: Not registered or requesting.
01-24 21:32:25.583  2556  3320 V Avrcp_ext: Exit updatePlayerStateAndPosition
01-24 21:32:25.583  1516 17019 I GenericSource: start
01-24 21:32:25.585  2580  2580 V MediaRouter: Selecting route: RouteInfo{ name=Phone, description=null, status=null, category=RouteCategory{ name=System types=ROUTE_TYPE_LIVE_AUDIO ROUTE_TYPE_LIVE_VIDEO  groupable=false }, supportedTypes=ROUTE_TYPE_LIVE_AUDIO ROUTE_TYPE_LIVE_VIDEO , presentationDisplay=null }
01-24 21:32:25.585  2580  2580 V MediaRouter: Selecting route ignored,not new route
01-24 21:32:25.586  1591  1868 E QMI_FW  : qmi_cci_get_ref: ref count increased 2
01-24 21:32:25.593  1259  1259 D TimeCheck: startMonitoring for IAudioFlinger command 21 endTime 29074630032295
01-24 21:32:25.593  1259  1259 D AudioFlinger: getParameters() io 0, keys is_hw_dec_session_available=audio/vorbis, calling pid 1516
01-24 21:32:25.593  1148  1341 D audio_hw_primary: adev_get_parameters:is_hw_dec_session_available
01-24 21:32:25.593  1148  1341 D soundtrigger: audio_extn_sound_trigger_get_parameters input string<is_hw_dec_session_available=>
01-24 21:32:25.593  1148  1341 D soundtrigger: extract_sm_handle input string <is_hw_dec_session_available=> param string <is_hw_dec_session_available=>
01-24 21:32:25.593  1148  1341 D audio_hw_extn: audio_extn_get_parameters: returns 
01-24 21:32:25.593  1148  1341 D audio_hw_primary: adev_get_parameters: exit: returns - 
01-24 21:32:25.593  1259  1259 I hash_map_utils: key: 'is_hw_dec_session_available' value: 'audio/vorbis'
01-24 21:32:25.593  1259  1259 D TimeCheck: stopMonitoring for IAudioFlinger command 21 endTime 29074630032295
01-24 21:32:25.596  1516 17023 I MediaCodec: (0xec104bd0) init name(c2.android.vorbis.decoder)
01-24 21:32:25.597  1516 17024 D CCodec  : allocate(c2.android.vorbis.decoder)
01-24 21:32:25.599  1516 17024 I CCodec  : setting up 'default' as default (vendor) store
01-24 21:32:25.600  1516 17024 I CCodec  : Created component [c2.android.vorbis.decoder]
01-24 21:32:25.600  1516 17024 D CCodecConfig: read media type: audio/vorbis
01-24 21:32:25.602  1516 17024 D ReflectedParamUpdater: extent() != 1 for single value type: algo.buffers.max-count.values
01-24 21:32:25.603  1516 17024 D ReflectedParamUpdater: extent() != 1 for single value type: output.subscribed-indices.values
01-24 21:32:25.603  1516 17024 D ReflectedParamUpdater: extent() != 1 for single value type: input.buffers.allocator-ids.values
01-24 21:32:25.603  1516 17024 D ReflectedParamUpdater: extent() != 1 for single value type: output.buffers.allocator-ids.values
01-24 21:32:25.603  1516 17024 D ReflectedParamUpdater: extent() != 1 for single value type: algo.buffers.allocator-ids.values
01-24 21:32:25.603  1516 17024 D ReflectedParamUpdater: extent() != 1 for single value type: output.buffers.pool-ids.values
01-24 21:32:25.604  1516 17024 D ReflectedParamUpdater: extent() != 1 for single value type: algo.buffers.pool-ids.values
01-24 21:32:25.605  1516 17024 I CCodecConfig: query failed after returning 7 values (BAD_INDEX)
01-24 21:32:25.605  1516 17024 D CCodecConfig: c2 config diff is Dict {
01-24 21:32:25.605  1516 17024 D CCodecConfig:   c2::u32 coded.bitrate.value = 64000
01-24 21:32:25.605  1516 17024 D CCodecConfig:   c2::u32 input.buffers.max-size.value = 32768
01-24 21:32:25.605  1516 17024 D CCodecConfig:   c2::u32 input.delay.value = 0
01-24 21:32:25.605  1516 17024 D CCodecConfig:   string input.media-type.value = "audio/vorbis"
01-24 21:32:25.605  1516 17024 D CCodecConfig:   string output.media-type.value = "audio/raw"
01-24 21:32:25.605  1516 17024 D CCodecConfig:   c2::u32 raw.channel-count.value = 1
01-24 21:32:25.605  1516 17024 D CCodecConfig:   c2::u32 raw.sample-rate.value = 48000
01-24 21:32:25.605  1516 17024 D CCodecConfig: }
01-24 21:32:25.605  1516 17024 I MediaCodec: (0xec104bd0) Component Allocated (c2.android.vorbis.decoder)
01-24 21:32:25.606  1516 17023 I MediaCodec: (0xec104bd0) configure surface(0x0) crypto(0x0) flags(0)
01-24 21:32:25.606  1516 17023 D MediaCodec: (0xec104bd0) configure format: AMessage(what = 0x00000000) = {
01-24 21:32:25.606  1516 17023 D MediaCodec:       string mime = "audio/vorbis"
01-24 21:32:25.606  1516 17023 D MediaCodec:       int64_t durationUs = 1567551
01-24 21:32:25.606  1516 17023 D MediaCodec:       Buffer csd-0 = {
01-24 21:32:25.606  1516 17023 D MediaCodec:         00000000:  01 76 6f 72 62 69 73 00  00 00 00 01 44 ac 00 00  .vorbis.....D...
01-24 21:32:25.606  1516 17023 D MediaCodec:         00000010:  00 00 00 00 80 38 01 00  00 00 00 00 b8 01        .....8........
01-24 21:32:25.606  1516 17023 D MediaCodec:       }
01-24 21:32:25.606  1516 17023 D MediaCodec:       Buffer *csd-1 = 0xec5d7850
01-24 21:32:25.606  1516 17023 D MediaCodec:       int32_t bitrate = 80000
01-24 21:32:25.606  1516 17023 D MediaCodec:       int32_t channel-count = 1
01-24 21:32:25.606  1516 17023 D MediaCodec:       int32_t sample-rate = 44100
01-24 21:32:25.606  1516 17023 D MediaCodec:       int32_t channel-mask = 1
01-24 21:32:25.606  1516 17023 D MediaCodec:       int32_t priority = 0
01-24 21:32:25.606  1516 17023 D MediaCodec:       int32_t pcm-encoding = 2
01-24 21:32:25.606  1516 17023 D MediaCodec:     }
01-24 21:32:25.606  1516 17024 D CCodec  : [c2.android.vorbis.decoder] buffers are bound to CCodec for this session
01-24 21:32:25.606  1516 17024 D CCodecConfig: no c2 equivalents for durationUs
01-24 21:32:25.606  1516 17024 D CCodecConfig: no c2 equivalents for csd-1
01-24 21:32:25.606  1516 17024 D CCodecConfig: no c2 equivalents for channel-mask
01-24 21:32:25.606  1516 17024 D CCodecConfig: no c2 equivalents for flags
01-24 21:32:25.607  1516 17024 D CCodecConfig: c2 config diff is   c2::u32 raw.sample-rate.value = 44100
01-24 21:32:25.607  1516 17024 W Codec2Client: query -- param skipped: index = 1107298332.
01-24 21:32:25.607  1516 17024 D CCodec  : setup formats input: AMessage(what = 0x00000000) = {
01-24 21:32:25.607  1516 17024 D CCodec  :   int32_t channel-count = 1
01-24 21:32:25.607  1516 17024 D CCodec  :   int32_t max-input-size = 32768
01-24 21:32:25.607  1516 17024 D CCodec  :   string mime = "audio/vorbis"
01-24 21:32:25.607  1516 17024 D CCodec  :   int32_t sample-rate = 44100
01-24 21:32:25.607  1516 17024 D CCodec  : } and output: AMessage(what = 0x00000000) = {
01-24 21:32:25.607  1516 17024 D CCodec  :   int32_t channel-count = 1
01-24 21:32:25.607  1516 17024 D CCodec  :   string mime = "audio/raw"
01-24 21:32:25.607  1516 17024 D CCodec  :   int32_t sample-rate = 44100
01-24 21:32:25.607  1516 17024 D CCodec  :   int32_t channel-mask = 1
01-24 21:32:25.607  1516 17024 D CCodec  : }
01-24 21:32:25.608  1516 17024 I MediaCodec: MediaCodec will operate in async mode
01-24 21:32:25.608  1516 17023 I MediaCodec: (0xec104bd0) start
01-24 21:32:25.608  1516 17024 W Codec2Client: query -- param skipped: index = 1342179345.
01-24 21:32:25.608  1516 17024 W Codec2Client: query -- param skipped: index = 2415921170.
01-24 21:32:25.609  1516 17024 E FMQ     : grantorIdx must be less than 3
01-24 21:32:25.609  1516 17024 E FMQ     : grantorIdx must be less than 3
01-24 21:32:25.609  1516 17024 D BufferPoolAccessor2.0: bufferpool2 0xe9285908 : 4(131072 size) total buffers - 4(131072 size) used buffers - 66/74 (recycle/alloc) - 8/144 (fetch/transfer)
01-24 21:32:25.609  1546  8559 D BufferPoolAccessor2.0: bufferpool2 0xb40000759761edd8 : 0(0 size) total buffers - 0(0 size) used buffers - 247/251 (recycle/alloc) - 4/250 (fetch/transfer)
01-24 21:32:25.609  1516 17024 D CCodecBufferChannel: [c2.android.vorbis.decoder#766] Created input block pool with allocatorID 16 => poolID 542 - OK (0)
01-24 21:32:25.609  1546  8559 D BufferPoolAccessor2.0: Destruction - bufferpool2 0xb40000759761edd8 cached: 0/0M, 0/0% in use; allocs: 251, 98% recycled; transfers: 250, 98% unfetched
01-24 21:32:25.610  1546  8559 D BufferPoolAccessor2.0: bufferpool2 0xb400007597616ea8 : 0(0 size) total buffers - 0(0 size) used buffers - 254/258 (recycle/alloc) - 4/257 (fetch/transfer)
01-24 21:32:25.610  1546  8559 D BufferPoolAccessor2.0: Destruction - bufferpool2 0xb400007597616ea8 cached: 0/0M, 0/0% in use; allocs: 258, 98% recycled; transfers: 257, 98% unfetched
01-24 21:32:25.610  1546  7193 D BufferPoolAccessor2.0: bufferpool2 0xb4000075976204f8 : 0(0 size) total buffers - 0(0 size) used buffers - 66/70 (recycle/alloc) - 4/69 (fetch/transfer)
01-24 21:32:25.610  1516 19818 D BufferPoolAccessor2.0: bufferpool2 0xe9284288 : 0(0 size) total buffers - 0(0 size) used buffers - 246/254 (recycle/alloc) - 8/506 (fetch/transfer)
01-24 21:32:25.611  1516 19818 D BufferPoolAccessor2.0: Destruction - bufferpool2 0xe9284288 cached: 0/0M, 0/0% in use; allocs: 254, 97% recycled; transfers: 506, 98% unfetched
01-24 21:32:25.611  1516 17024 I CCodecBufferChannel: [c2.android.vorbis.decoder#766] Created output block pool with allocatorID 16 => poolID 556 - OK
01-24 21:32:25.611  1516 17024 D CCodecBufferChannel: [c2.android.vorbis.decoder#766] Configured output block pool ids 556 => OK
01-24 21:32:25.611  1516 19818 D BufferPoolAccessor2.0: bufferpool2 0xe9283f28 : 0(0 size) total buffers - 0(0 size) used buffers - 254/262 (recycle/alloc) - 8/520 (fetch/transfer)
01-24 21:32:25.611  1516 19818 D BufferPoolAccessor2.0: Destruction - bufferpool2 0xe9283f28 cached: 0/0M, 0/0% in use; allocs: 262, 97% recycled; transfers: 520, 98% unfetched
01-24 21:32:25.612  1516 17024 I MediaCodec: (0xec104bd0) kWhatStartCompleted
01-24 21:32:25.613  1516 17024 E FMQ     : grantorIdx must be less than 3
01-24 21:32:25.617  4969  5113 D CmdCenter: - RowBase2: sPrevModStatus: 1, modStatus: 1
01-24 21:32:25.617  4969  5113 D CmdCenter: - RowBase2: sPrevPlugType: 2 plugType: 0
01-24 21:32:25.618  1546 17025 D SimpleC2Component: Using output block pool with poolID 556 => got 556 - 0
01-24 21:32:25.619  1152  3284 I vendor.qti.bluetooth@1.0-ibs_handler: ProcessIbsCmd: Received IBS_WAKE_IND: 0xFD
01-24 21:32:25.619  1152  3284 I vendor.qti.bluetooth@1.0-ibs_handler: ProcessIbsCmd: Writing IBS_WAKE_ACK
01-24 21:32:25.620  1516 19816 E FMQ     : grantorIdx must be less than 3
01-24 21:32:25.622  1516 17024 D CCodecBuffers: [c2.android.vorbis.decoder#766:Output[N]] popFromStashAndRegister: output format changed to AMessage(what = 0x00000000) = {
01-24 21:32:25.622  1516 17024 D CCodecBuffers:   int32_t channel-count = 1
01-24 21:32:25.622  1516 17024 D CCodecBuffers:   string mime = "audio/raw"
01-24 21:32:25.622  1516 17024 D CCodecBuffers:   int32_t sample-rate = 44100
01-24 21:32:25.622  1516 17024 D CCodecBuffers:   int32_t channel-mask = 1
01-24 21:32:25.622  1516 17024 D CCodecBuffers: }
01-24 21:32:25.623  1591  1829 E QMI_FW  : qmi_cci_get_ref: ref count increased 2
01-24 21:32:25.625   882   882 W Binder:882_1: type=1400 audit(0.0:37493): avc: denied { read } for name="wakeup36" dev="sysfs" ino=78165 scontext=u:r:system_suspend:s0 tcontext=u:object_r:sysfs:s0 tclass=dir permissive=0
01-24 21:32:25.625  1259  1259 D TimeCheck: startMonitoring for IAudioPolicyService command 8 endTime 29074662016045
01-24 21:32:25.625  1259  1259 D TimeCheck: stopMonitoring for IAudioPolicyService command 8 endTime 29074662016045
01-24 21:32:25.625  1259  1649 D TimeCheck: startMonitoring for IAudioPolicyService command 8 endTime 29074662350680
01-24 21:32:25.625  1259  1649 D TimeCheck: stopMonitoring for IAudioPolicyService command 8 endTime 29074662350680
01-24 21:32:25.625  1591  1829 E QMI_FW  : qmi_cci_get_ref: ref count increased 2
01-24 21:32:25.625  1259 30615 D TimeCheck: startMonitoring for IAudioFlinger command 1 endTime 29074662761409
01-24 21:32:25.629   882   888 E android.system.suspend@1.0-service: Error opening kernel wakelock stats for: wakeup36: Permission denied
01-24 21:32:25.631  1259 30615 D APM_AudioPolicyManager: getOutputForAttrInt() attributes={ Content type: AUDIO_CONTENT_TYPE_SONIFICATION Usage: AUDIO_USAGE_ASSISTANCE_SONIFICATION Source: AUDIO_SOURCE_DEFAULT Flags: 0xc00 Tags:  } stream=AUDIO_STREAM_SYSTEM session 6169 selectedDeviceId 0
01-24 21:32:25.632  1259 30615 D AudioFlinger: Client defaulted notificationFrames to 11025 for frameCount 22050
01-24 21:32:25.633   882   882 W Binder:882_1: type=1400 audit(0.0:37494): avc: denied { read } for name="wakeup133" dev="sysfs" ino=114300 scontext=u:r:system_suspend:s0 tcontext=u:object_r:sysfs:s0 tclass=dir permissive=0
01-24 21:32:25.633  1259 30615 D AF::TrackHandle: OpPlayAudio: track:802 usage:13 not muted
01-24 21:32:25.634  1259 30615 D TimeCheck: stopMonitoring for IAudioFlinger command 1 endTime 29074662761409
01-24 21:32:25.634  1516 17022 D AudioTrack: createTrack_l: RelativeVolumeFeature, mRelativePercentage:1.000000
01-24 21:32:25.635  1516 17022 D AudioTrack: setVolume: RelativeVolumeFeature, mRelativePercentage:1.000000, left:1.000000, right:1.000000
01-24 21:32:25.635  1516 17022 D AudioTrack: setVolume: RelativeVolumeFeature, mRelativePercentage:1.000000, left:1.000000, right:1.000000
01-24 21:32:25.637   882   888 E android.system.suspend@1.0-service: Error opening kernel wakelock stats for: wakeup133: Permission denied
01-24 21:32:25.640  1259 12060 D APM_AudioPolicyManager: startOutput() output 13, stream 1, session 6169
01-24 21:32:25.641  2032  4661 I chatty  : uid=1000(system) Binder:2032_17 expire 2 lines
01-24 21:32:25.648  1148  4188 D audio_hw_primary: start_output_stream: enter: stream(0xeab464c0)usecase(1: low-latency-playback) devices(0x2) is_haptic_usecase(0)
01-24 21:32:25.648  1148  4188 D audio_hw_primary: select_devices for use case (low-latency-playback)
01-24 21:32:25.648  1148  4188 I msm8974_platform: platform_check_and_set_codec_backend_cfg:becf: afe: bitwidth 16, samplerate 48000 channels 2, backend_idx 0 usecase = 1 device (speaker)
01-24 21:32:25.648  1148  4188 I msm8974_platform: platform_check_and_set_codec_backend_cfg: new_snd_devices[0] is 3
01-24 21:32:25.648  1148  4188 I msm8974_platform: platform_check_codec_backend_cfg:becf: afe: bitwidth 16, samplerate 48000 channels 2, backend_idx 0 usecase = 1 device (speaker)
01-24 21:32:25.649  1148  4188 D msm8974_platform: platform_check_codec_backend_cfg:becf: updated afe: bitwidth 16, samplerate 48000 channels 2,backend_idx 0 usecase = 1 device (speaker)
01-24 21:32:25.649  1148  4188 I msm8974_platform: platform_check_codec_backend_cfg:becf: afe: Codec selected backend: 0 updated bit width: 16 and sample rate: 48000
01-24 21:32:25.649  1148  4188 D audio_hw_primary: check_usecases_codec_backend:becf: force routing 0
01-24 21:32:25.649  1148  4188 D audio_hw_primary: check_usecases_codec_backend:becf: (85) check_usecases curr device: speaker, usecase device: backends match 0
01-24 21:32:25.649  1148  4188 D audio_hw_primary: check_usecases_codec_backend:becf: check_usecases num.of Usecases to switch 0
01-24 21:32:25.649  1148  4188 D hardware_info: hw_info_append_hw_type : device_name = speaker
01-24 21:32:25.649  1148  4188 D audio_hw_primary: enable_snd_device: snd_device(3: speaker)
01-24 21:32:25.649  1148  4188 D msm8974_platform: platform_get_island_cfg_on_device:island cfg status on snd_device = (speaker 0)
01-24 21:32:25.649  1148  4188 I soundtrigger: audio_extn_sound_trigger_update_device_status: device 0x3 of type 0 for Event 1, with Raise=0
01-24 21:32:25.649  1148  4188 D audio_route: Apply path: speaker
01-24 21:32:25.656  1148  4188 D soundtrigger: audio_extn_sound_trigger_update_stream_status: uc_info->id 1 of type 0 for Event 3, with Raise=0
01-24 21:32:25.656  1148  4188 D audio_hw_utils: audio_extn_utils_send_app_type_cfg: usecase->out_snd_device speaker
01-24 21:32:25.656  1148  4188 I audio_hw_utils: send_app_type_cfg_for_device PLAYBACK app_type 69937, acdb_dev_id 14, sample_rate 48000, snd_device_be_idx 178
01-24 21:32:25.659  1148  4188 D ACDB-LOADER: ACDB -> send_audio_cal, acdb_id = 14, path = 0, app id = 0x11131, sample rate = 48000, use_case = 0,buffer_idx_w_path =0, afe_sample_rate = 48000, cal_mode = 1, offset_index = 0
01-24 21:32:25.659  1148  4188 D ACDB-LOADER: ACDB -> send_asm_topology
01-24 21:32:25.659  1148  4188 D ACDB-LOADER: ACDB -> ACDB_CMD_GET_AUDPROC_STREAM_TOPOLOGY_ID
01-24 21:32:25.659  1148  4188 D ACDB-LOADER: ACDB -> send_adm_topology
01-24 21:32:25.659  1148  4188 D ACDB-LOADER: ACDB -> ACDB_CMD_GET_AUDPROC_COMMON_TOPOLOGY_ID
01-24 21:32:25.659  1148  4188 D ACDB-LOADER: ACDB -> send_audtable
01-24 21:32:25.659  1148  4188 D ACDB-LOADER: ACDB -> ACDB_CMD_GET_AUDPROC_INSTANCE_COMMON_TABLE_SIZE
01-24 21:32:25.659  1148  4188 D ACDB-LOADER: ACDB -> ACDB_CMD_GET_AUDPROC_INSTANCE_COMMON_TABLE
01-24 21:32:25.659  1148  4188 D ACDB-LOADER: ACDB -> AUDIO_SET_AUDPROC_CAL cal_type[11] acdb_id[14] app_type[69937]
01-24 21:32:25.659  1148  4188 D ACDB-LOADER: ACDB -> send_audvoltable
01-24 21:32:25.659  1148  4188 D ACDB-LOADER: ACDB -> ACDB_CMD_GET_AUDPROC_INSTANCE_GAIN_DEP_STEP_TABLE_SIZE
01-24 21:32:25.659  1148  4188 D ACDB-LOADER: ACDB -> ACDB_CMD_GET_AUDPROC_INSTANCE_GAIN_DEP_STEP_TABLE, vol index 0
01-24 21:32:25.659  1148  4188 D ACDB-LOADER: ACDB -> AUDIO_SET_VOL_CAL cal type = 12
01-24 21:32:25.659  1148  4188 D ACDB-LOADER: ACDB -> ACDB_CMD_GET_AUDPROC_INSTANCE_STREAM_TABLE_SIZE
01-24 21:32:25.659  1148  4188 D ACDB-LOADER: ACDB -> send_audstrmtable
01-24 21:32:25.660  1148  4188 D ACDB-LOADER: ACDB -> ACDB_CMD_GET_AUDPROC_INSTANCE_STREAM_TABLE
01-24 21:32:25.660  1148  4188 D ACDB-LOADER: ACDB -> audstrm_cal->cal_type.cal_data.cal_size = 20
01-24 21:32:25.660  1148  4188 D ACDB-LOADER: ACDB -> send_afe_topology
01-24 21:32:25.660  1148  4188 D ACDB-LOADER: ACDB -> ACDB_CMD_GET_AFE_TOPOLOGY_ID
01-24 21:32:25.660  1148  4188 D ACDB-LOADER: ACDB -> GET_AFE_TOPOLOGY_ID for adcd_id 14, Topology Id 112fc
01-24 21:32:25.660  1148  4188 D ACDB-LOADER: ACDB -> send_afe_cal
01-24 21:32:25.660  1148  4188 D ACDB-LOADER: ACDB -> ACDB_CMD_GET_AFE_INSTANCE_COMMON_TABLE_SIZE
01-24 21:32:25.660  1148  4188 D android.hardware.audio.service: Failed to fetch the lookup information of the device 0000000E 
01-24 21:32:25.660  1148  4188 D ACDB-LOADER: Error: ACDB_CMD_GET_AFE_INSTANCE_COMMON_TABLE_SIZE Returned = -19
01-24 21:32:25.660  1148  4188 D ACDB-LOADER: ACDB -> ACDB_CMD_GET_AFE_INSTANCE_COMMON_TABLE
01-24 21:32:25.660  1148  4188 D android.hardware.audio.service: Failed to fetch the lookup information of the device 0000000E 
01-24 21:32:25.660  1148  4188 D ACDB-LOADER: Error: ACDB AFE returned = -19
01-24 21:32:25.660  1148  4188 D ACDB-LOADER: ACDB -> AUDIO_SET_AFE_CAL cal_type[16] acdb_id[14]
01-24 21:32:25.660  1148  4188 D ACDB-LOADER: ACDB -> send_hw_delay : acdb_id = 14 path = 0
01-24 21:32:25.660  1148  4188 D ACDB-LOADER: ACDB -> ACDB_AVSYNC_INFO: ACDB_CMD_GET_DEVICE_PROPERTY
01-24 21:32:25.660  1148  4188 D audio_hw_primary: enable_audio_route: apply mixer and update path: low-latency-playback speaker
01-24 21:32:25.660  1148  4188 D audio_route: Apply path: low-latency-playback speaker
01-24 21:32:25.662  1152  3284 I vendor.qti.bluetooth@1.0-ibs_handler: ProcessIbsCmd: Received IBS_SLEEP_IND: 0xFE
01-24 21:32:25.662  1148  4188 V ext_speaker: usecase 1: out_snd_device 3 is active: enabling device(s) 0x2
01-24 21:32:25.662  1148  4188 D msm8974_platform: platform_set_channel_map mixer_ctl_name:Playback Channel Map9
01-24 21:32:25.662  1148  2163 D MotSpeakerHelper: Speaker ON: volume 0.500000 (step 12), usecase SAFE
01-24 21:32:25.662  1148  4188 D msm8974_platform: platform_set_channel_map: set mapping(1 2 0 0 0 0 0 0) for channel:2
01-24 21:32:25.670  1591  1868 E QMI_FW  : qmi_cci_get_ref: ref count increased 2
01-24 21:32:25.697  1148  4188 D audio_hw_primary: start_output_stream: exit
01-24 21:32:25.729  1516 17022 D AudioTrack: getTimestamp_l(1101): device stall time corrected using current time 29069766708024
01-24 21:32:25.747  1591  1868 E QMI_FW  : qmi_cci_get_ref: ref count increased 2
01-24 21:32:25.792  1152  3284 I vendor.qti.bluetooth@1.0-ibs_handler: ProcessIbsCmd: Received IBS_WAKE_IND: 0xFD
01-24 21:32:25.792  1152  3284 I vendor.qti.bluetooth@1.0-ibs_handler: ProcessIbsCmd: Writing IBS_WAKE_ACK
01-24 21:32:25.794  1591  1829 E QMI_FW  : qmi_cci_get_ref: ref count increased 2
01-24 21:32:25.797   882   882 W Binder:882_1: type=1400 audit(0.0:37495): avc: denied { read } for name="wakeup36" dev="sysfs" ino=78165 scontext=u:r:system_suspend:s0 tcontext=u:object_r:sysfs:s0 tclass=dir permissive=0
01-24 21:32:25.797  1591  1829 E QMI_FW  : qmi_cci_get_ref: ref count increased 2
01-24 21:32:25.801   882   888 E android.system.suspend@1.0-service: Error opening kernel wakelock stats for: wakeup36: Permission denied
01-24 21:32:25.817   882   882 W Binder:882_1: type=1400 audit(0.0:37496): avc: denied { read } for name="wakeup133" dev="sysfs" ino=114300 scontext=u:r:system_suspend:s0 tcontext=u:object_r:sysfs:s0 tclass=dir permissive=0
01-24 21:32:25.821   882   888 E android.system.suspend@1.0-service: Error opening kernel wakelock stats for: wakeup133: Permission denied
01-24 21:32:25.832  1152  3284 I vendor.qti.bluetooth@1.0-ibs_handler: ProcessIbsCmd: Received IBS_SLEEP_IND: 0xFE
01-24 21:32:25.937  1591  1868 E QMI_FW  : qmi_cci_get_ref: ref count increased 2
01-24 21:32:26.208  1148  2141 I audio_hw::BatteryListener: healthInfo cb thread: cb CHARGING
01-24 21:32:26.208  1148  2141 I audio_hw_primary: adev_on_battery_status_changed: battery status changed to charging
01-24 21:32:26.208  1148  2141 D sound_trigger_hw: handle_battery_status_change: battery status changed to 1
01-24 21:32:26.208  1148  2141 D sound_trigger_hw_common: st_hw_check_vad_support: disable vad, session does not meet requirement
01-24 21:32:26.208  1161  1287 E QMI_FW  : qmi_cci_get_ref: ref count increased 2
01-24 21:32:26.209  4969  5113 D CmdCenter: - RowBase2: sPrevModStatus: 1, modStatus: 1
01-24 21:32:26.209  4969  5113 D CmdCenter: - RowBase2: sPrevPlugType: 0 plugType: 0
01-24 21:32:26.210  1161  1956 E QMI_FW  : qmi_cci_get_ref: ref count increased 2
01-24 21:32:26.213  1231  1231 D vendor.qti.vibrator: QTI Vibrator off
01-24 21:32:26.229  4559  4559 I GsaVoiceInteractionSrv: O received Intent { act=android.intent.action.ACTION_POWER_CONNECTED flg=0x4000010 (has extras) }
01-24 21:32:26.230  4559  4559 I AmbBrdcstRcvrServClient: handleRefreshAction(): not handling android.intent.action.ACTION_POWER_CONNECTED
01-24 21:32:26.233  1178  1178 I QTI PowerHAL: Power setBoost: 0, duration: 0
01-24 21:32:26.234  4559  6005 I BrdcstRcvrMsgr: sendMessage(): received broadcast id:24 with action:android.intent.action.ACTION_POWER_CONNECTED
01-24 21:32:26.237  1152  3284 I vendor.qti.bluetooth@1.0-ibs_handler: ProcessIbsCmd: Received IBS_WAKE_IND: 0xFD
01-24 21:32:26.237  1152  3284 I vendor.qti.bluetooth@1.0-ibs_handler: ProcessIbsCmd: Writing IBS_WAKE_ACK
01-24 21:32:26.239  1591  1829 E QMI_FW  : qmi_cci_get_ref: ref count increased 2
01-24 21:32:26.241  1591  1829 E QMI_FW  : qmi_cci_get_ref: ref count increased 2
01-24 21:32:26.241  4578  4578 D NfcService: checkQiState() - false
01-24 21:32:26.241  5446  5446 I A       : Creating pss binder().
01-24 21:32:26.246   882   888 E android.system.suspend@1.0-service: Error opening kernel wakelock stats for: wakeup36: Permission denied
01-24 21:32:26.251  2935  2935 D DeviceStatisticsService: chargerType=0 batteryLevel=87 totalBatteryCapacity=4035900
01-24 21:32:26.253   882   888 E android.system.suspend@1.0-service: Error opening kernel wakelock stats for: wakeup133: Permission denied
01-24 21:32:26.257  1231  1231 D vendor.qti.vibrator: QTI Vibrator off
01-24 21:32:26.259  5446  9449 I A       : Calling beginBinderSession().
01-24 21:32:26.260  4559  5634 I BrdcstRcvrMsgr: disconnect()
01-24 21:32:26.260  4559  5634 E BrdcstRcvrMsgr: SvcConn: binder null, could not send broadcast of action
01-24 21:32:26.262  2935  2935 D DeviceStatisticsService: chargerType=2 batteryLevel=87 totalBatteryCapacity=4035900
01-24 21:32:26.262  2935  2935 D DeviceInfoHidlClient: isRadioOn()=true
01-24 21:32:26.262  2935  2935 I DeviceInfoHidlClient: isPowerInfoNeverSent=false batteryLevel=87 batteryLevelIndex=3 chargingMode=2 totalCapacity=4035900 powerSaveMode=false
01-24 21:32:26.263  1231  1231 D vendor.qti.vibrator: Vibrator on for timeoutMs: 640
01-24 21:32:26.268  1591  1829 E QMI_FW  : qmi_cci_get_ref: ref count increased 2
01-24 21:32:26.271  5446  5446 I A       : hasHotwordEverywhere-true
01-24 21:32:26.276  4969  5113 D CmdCenter: - RowBase2: sPrevModStatus: 1, modStatus: 1
01-24 21:32:26.276  4969  5113 D CmdCenter: - RowBase2: sPrevPlugType: 0 plugType: 2
01-24 21:32:26.278  1152  3284 I vendor.qti.bluetooth@1.0-ibs_handler: ProcessIbsCmd: Received IBS_SLEEP_IND: 0xFE
01-24 21:32:26.283  2032  2032 I chatty  : uid=1000 system_server expire 11 lines
01-24 21:32:26.285  2556  3320 D Avrcp_ext: AudioManager Player: AudioPlaybackConfiguration piid:23 type:android.media.SoundPool u/pid:10300/2580 state:idle attr:AudioAttributes: usage=USAGE_ASSISTANCE_SONIFICATION content=CONTENT_TYPE_SONIFICATION flags=0x800 tags= bundle=null
01-24 21:32:26.285  2556  3320 D Avrcp_ext: AudioManager Player: AudioPlaybackConfiguration piid:55 type:android.media.SoundPool u/pid:10219/4112 state:idle attr:AudioAttributes: usage=USAGE_ASSISTANCE_SONIFICATION content=CONTENT_TYPE_SONIFICATION flags=0x801 tags= bundle=null
01-24 21:32:26.285  2556  3320 D Avrcp_ext: AudioManager Player: AudioPlaybackConfiguration piid:3783 type:android.media.MediaPlayer u/pid:10300/2580 state:stopped attr:AudioAttributes: usage=USAGE_VOICE_COMMUNICATION content=CONTENT_TYPE_SONIFICATION flags=0x800 tags= bundle=null
01-24 21:32:26.286  2556  3320 D Avrcp_ext: AudioManager Player: AudioPlaybackConfiguration piid:15 type:android.media.SoundPool u/pid:1000/2032 state:idle attr:AudioAttributes: usage=USAGE_ASSISTANCE_SONIFICATION content=CONTENT_TYPE_SONIFICATION flags=0x800 tags= bundle=null
01-24 21:32:26.286  2556  3320 D Avrcp_ext: AudioManager Player: AudioPlaybackConfiguration piid:63 type:android.media.SoundPool u/pid:1027/4578 state:idle attr:AudioAttributes: usage=USAGE_ASSISTANCE_SONIFICATION content=CONTENT_TYPE_SONIFICATION flags=0x800 tags= bundle=null
01-24 21:32:26.286  2556  3320 D Avrcp_ext: AudioManager Player: AudioPlaybackConfiguration piid:4655 type:android.media.MediaPlayer u/pid:10300/2580 state:started attr:AudioAttributes: usage=USAGE_ASSISTANCE_SONIFICATION content=CONTENT_TYPE_SONIFICATION flags=0x800 tags= bundle=null
01-24 21:32:26.286  2556  3320 D Avrcp_ext: AudioManager isPlaying: true
01-24 21:32:26.301  1152  3284 I vendor.qti.bluetooth@1.0-ibs_handler: ProcessIbsCmd: Received IBS_WAKE_IND: 0xFD
01-24 21:32:26.301  1152  3284 I vendor.qti.bluetooth@1.0-ibs_handler: ProcessIbsCmd: Writing IBS_WAKE_ACK
01-24 21:32:26.302  1591  1829 E QMI_FW  : qmi_cci_get_ref: ref count increased 2
01-24 21:32:26.304  1591  1829 E QMI_FW  : qmi_cci_get_ref: ref count increased 2
01-24 21:32:26.305  2032  2032 D Ringtone: Problem opening; delegating to remote player
01-24 21:32:26.305  2556  3320 D Avrcp_ext: AudioManager Player: AudioPlaybackConfiguration piid:23 type:android.media.SoundPool u/pid:10300/2580 state:idle attr:AudioAttributes: usage=USAGE_ASSISTANCE_SONIFICATION content=CONTENT_TYPE_SONIFICATION flags=0x800 tags= bundle=null
01-24 21:32:26.305  2556  3320 D Avrcp_ext: AudioManager Player: AudioPlaybackConfiguration piid:55 type:android.media.SoundPool u/pid:10219/4112 state:idle attr:AudioAttributes: usage=USAGE_ASSISTANCE_SONIFICATION content=CONTENT_TYPE_SONIFICATION flags=0x801 tags= bundle=null
01-24 21:32:26.305  2556  3320 D Avrcp_ext: AudioManager Player: AudioPlaybackConfiguration piid:3783 type:android.media.MediaPlayer u/pid:10300/2580 state:stopped attr:AudioAttributes: usage=USAGE_VOICE_COMMUNICATION content=CONTENT_TYPE_SONIFICATION flags=0x800 tags= bundle=null
01-24 21:32:26.305  2556  3320 D Avrcp_ext: AudioManager Player: AudioPlaybackConfiguration piid:15 type:android.media.SoundPool u/pid:1000/2032 state:idle attr:AudioAttributes: usage=USAGE_ASSISTANCE_SONIFICATION content=CONTENT_TYPE_SONIFICATION flags=0x800 tags= bundle=null
01-24 21:32:26.305  2556  3320 D Avrcp_ext: AudioManager Player: AudioPlaybackConfiguration piid:63 type:android.media.SoundPool u/pid:1027/4578 state:idle attr:AudioAttributes: usage=USAGE_ASSISTANCE_SONIFICATION content=CONTENT_TYPE_SONIFICATION flags=0x800 tags= bundle=null
01-24 21:32:26.305  2556  3320 D Avrcp_ext: AudioManager Player: AudioPlaybackConfiguration piid:4655 type:android.media.MediaPlayer u/pid:10300/2580 state:started attr:AudioAttributes: usage=USAGE_ASSISTANCE_SONIFICATION content=CONTENT_TYPE_SONIFICATION flags=0x800 tags= bundle=null
01-24 21:32:26.305  2556  3320 D Avrcp_ext: AudioManager isPlaying: true
01-24 21:32:26.308   882   888 E android.system.suspend@1.0-service: Error opening kernel wakelock stats for: wakeup36: Permission denied
01-24 21:32:26.315   882   888 E android.system.suspend@1.0-service: Error opening kernel wakelock stats for: wakeup133: Permission denied
01-24 21:32:26.329  2580  2598 V MediaPlayer: resetDrmState:  mDrmInfo=null mDrmProvisioningThread=null mPrepareDrmInProgress=false mActiveDrmScheme=false
01-24 21:32:26.329  2580  2598 V MediaPlayer: cleanDrmObj: mDrmObj=null mDrmSessionId=null
01-24 21:32:26.330  2580  2598 V MediaPlayer: resetDrmState:  mDrmInfo=null mDrmProvisioningThread=null mPrepareDrmInProgress=false mActiveDrmScheme=false
01-24 21:32:26.330  2580  2598 V MediaPlayer: cleanDrmObj: mDrmObj=null mDrmSessionId=null
01-24 21:32:26.330  2580  2598 W Ringtone: Remote playback not allowed: java.io.FileNotFoundException: /product/media/audio/ui/ChargingStarted.ogg: open failed: ENOENT (No such file or directory)
01-24 21:32:26.330  2580  2598 D Ringtone: Problem opening; delegating to remote player
01-24 21:32:26.331  2556  3320 D Avrcp_ext: AudioManager Player: AudioPlaybackConfiguration piid:23 type:android.media.SoundPool u/pid:10300/2580 state:idle attr:AudioAttributes: usage=USAGE_ASSISTANCE_SONIFICATION content=CONTENT_TYPE_SONIFICATION flags=0x800 tags= bundle=null
01-24 21:32:26.332  2556  3320 D Avrcp_ext: AudioManager Player: AudioPlaybackConfiguration piid:55 type:android.media.SoundPool u/pid:10219/4112 state:idle attr:AudioAttributes: usage=USAGE_ASSISTANCE_SONIFICATION content=CONTENT_TYPE_SONIFICATION flags=0x801 tags= bundle=null
01-24 21:32:26.332  2556  3320 D Avrcp_ext: AudioManager Player: AudioPlaybackConfiguration piid:3783 type:android.media.MediaPlayer u/pid:10300/2580 state:stopped attr:AudioAttributes: usage=USAGE_VOICE_COMMUNICATION content=CONTENT_TYPE_SONIFICATION flags=0x800 tags= bundle=null
01-24 21:32:26.332  2556  3320 D Avrcp_ext: AudioManager Player: AudioPlaybackConfiguration piid:15 type:android.media.SoundPool u/pid:1000/2032 state:idle attr:AudioAttributes: usage=USAGE_ASSISTANCE_SONIFICATION content=CONTENT_TYPE_SONIFICATION flags=0x800 tags= bundle=null
01-24 21:32:26.332  2556  3320 D Avrcp_ext: AudioManager Player: AudioPlaybackConfiguration piid:63 type:android.media.SoundPool u/pid:1027/4578 state:idle attr:AudioAttributes: usage=USAGE_ASSISTANCE_SONIFICATION content=CONTENT_TYPE_SONIFICATION flags=0x800 tags= bundle=null
01-24 21:32:26.332  2556  3320 D Avrcp_ext: AudioManager Player: AudioPlaybackConfiguration piid:4655 type:android.media.MediaPlayer u/pid:10300/2580 state:started attr:AudioAttributes: usage=USAGE_ASSISTANCE_SONIFICATION content=CONTENT_TYPE_SONIFICATION flags=0x800 tags= bundle=null
01-24 21:32:26.332  2556  3320 D Avrcp_ext: AudioManager isPlaying: true
01-24 21:32:26.332  2580  2598 W Ringtone: Neither local nor remote player available when applying playback properties
01-24 21:32:26.332  2580  2598 W Ringtone: Neither local nor remote player available when applying playback properties
01-24 21:32:26.337  1516 17949 D NuPlayerDriver: NuPlayerDriver(0xec3424f0) created, clientPid(2580)
01-24 21:32:26.343  1152  3284 I vendor.qti.bluetooth@1.0-ibs_handler: ProcessIbsCmd: Received IBS_SLEEP_IND: 0xFE
01-24 21:32:26.348  1516 17037 D GenericSource: FileSource remote
01-24 21:32:26.348  2556  3320 D Avrcp_ext: AudioManager Player: AudioPlaybackConfiguration piid:23 type:android.media.SoundPool u/pid:10300/2580 state:idle attr:AudioAttributes: usage=USAGE_ASSISTANCE_SONIFICATION content=CONTENT_TYPE_SONIFICATION flags=0x800 tags= bundle=null
01-24 21:32:26.348  2556  3320 D Avrcp_ext: AudioManager Player: AudioPlaybackConfiguration piid:55 type:android.media.SoundPool u/pid:10219/4112 state:idle attr:AudioAttributes: usage=USAGE_ASSISTANCE_SONIFICATION content=CONTENT_TYPE_SONIFICATION flags=0x801 tags= bundle=null
01-24 21:32:26.348  2556  3320 D Avrcp_ext: AudioManager Player: AudioPlaybackConfiguration piid:3783 type:android.media.MediaPlayer u/pid:10300/2580 state:stopped attr:AudioAttributes: usage=USAGE_VOICE_COMMUNICATION content=CONTENT_TYPE_SONIFICATION flags=0x800 tags= bundle=null
01-24 21:32:26.348  2556  3320 D Avrcp_ext: AudioManager Player: AudioPlaybackConfiguration piid:15 type:android.media.SoundPool u/pid:1000/2032 state:idle attr:AudioAttributes: usage=USAGE_ASSISTANCE_SONIFICATION content=CONTENT_TYPE_SONIFICATION flags=0x800 tags= bundle=null
01-24 21:32:26.348  2556  3320 D Avrcp_ext: AudioManager Player: AudioPlaybackConfiguration piid:63 type:android.media.SoundPool u/pid:1027/4578 state:idle attr:AudioAttributes: usage=USAGE_ASSISTANCE_SONIFICATION content=CONTENT_TYPE_SONIFICATION flags=0x800 tags= bundle=null
01-24 21:32:26.348  2556  3320 D Avrcp_ext: AudioManager Player: AudioPlaybackConfiguration piid:4655 type:android.media.MediaPlayer u/pid:10300/2580 state:started attr:AudioAttributes: usage=USAGE_ASSISTANCE_SONIFICATION content=CONTENT_TYPE_SONIFICATION flags=0x800 tags= bundle=null
01-24 21:32:26.348  2556  3320 D Avrcp_ext: AudioManager isPlaying: true
01-24 21:32:26.352  1513  1754 E Utils   : did not find channel-count and/or sample-rate
01-24 21:32:26.352  1513  1754 E Utils   : did not find channel-count and/or sample-rate
01-24 21:32:26.358  2556  3320 D Avrcp_ext: AudioManager Player: AudioPlaybackConfiguration piid:23 type:android.media.SoundPool u/pid:10300/2580 state:idle attr:AudioAttributes: usage=USAGE_ASSISTANCE_SONIFICATION content=CONTENT_TYPE_SONIFICATION flags=0x800 tags= bundle=null
01-24 21:32:26.358  2556  3320 D Avrcp_ext: AudioManager Player: AudioPlaybackConfiguration piid:55 type:android.media.SoundPool u/pid:10219/4112 state:idle attr:AudioAttributes: usage=USAGE_ASSISTANCE_SONIFICATION content=CONTENT_TYPE_SONIFICATION flags=0x801 tags= bundle=null
01-24 21:32:26.358  2556  3320 D Avrcp_ext: AudioManager Player: AudioPlaybackConfiguration piid:3783 type:android.media.MediaPlayer u/pid:10300/2580 state:stopped attr:AudioAttributes: usage=USAGE_VOICE_COMMUNICATION content=CONTENT_TYPE_SONIFICATION flags=0x800 tags= bundle=null
01-24 21:32:26.358  2556  3320 D Avrcp_ext: AudioManager Player: AudioPlaybackConfiguration piid:15 type:android.media.SoundPool u/pid:1000/2032 state:idle attr:AudioAttributes: usage=USAGE_ASSISTANCE_SONIFICATION content=CONTENT_TYPE_SONIFICATION flags=0x800 tags= bundle=null
01-24 21:32:26.358  2556  3320 D Avrcp_ext: AudioManager Player: AudioPlaybackConfiguration piid:63 type:android.media.SoundPool u/pid:1027/4578 state:idle attr:AudioAttributes: usage=USAGE_ASSISTANCE_SONIFICATION content=CONTENT_TYPE_SONIFICATION flags=0x800 tags= bundle=null
01-24 21:32:26.358  2556  3320 D Avrcp_ext: AudioManager Player: AudioPlaybackConfiguration piid:4655 type:android.media.MediaPlayer u/pid:10300/2580 state:started attr:AudioAttributes: usage=USAGE_ASSISTANCE_SONIFICATION content=CONTENT_TYPE_SONIFICATION flags=0x800 tags= bundle=null
01-24 21:32:26.358  2556  3320 D Avrcp_ext: AudioManager isPlaying: true
01-24 21:32:26.358  2580  2580 V MediaRouter: Selecting route: RouteInfo{ name=Phone, description=null, status=null, category=RouteCategory{ name=System types=ROUTE_TYPE_LIVE_AUDIO ROUTE_TYPE_LIVE_VIDEO  groupable=false }, supportedTypes=ROUTE_TYPE_LIVE_AUDIO ROUTE_TYPE_LIVE_VIDEO , presentationDisplay=null }
01-24 21:32:26.358  2580  2580 V MediaRouter: Selecting route ignored,not new route
01-24 21:32:26.358  1516 17036 I GenericSource: start
01-24 21:32:26.362  1259 12060 D TimeCheck: startMonitoring for IAudioFlinger command 21 endTime 29075399176096
01-24 21:32:26.362  1259 12060 D AudioFlinger: getParameters() io 0, keys is_hw_dec_session_available=audio/vorbis, calling pid 1516
01-24 21:32:26.362  1148  1341 D audio_hw_primary: adev_get_parameters:is_hw_dec_session_available
01-24 21:32:26.362  1148  1341 D soundtrigger: audio_extn_sound_trigger_get_parameters input string<is_hw_dec_session_available=>
01-24 21:32:26.362  1148  1341 D soundtrigger: extract_sm_handle input string <is_hw_dec_session_available=> param string <is_hw_dec_session_available=>
01-24 21:32:26.362  1148  1341 D audio_hw_extn: audio_extn_get_parameters: returns 
01-24 21:32:26.362  1148  1341 D audio_hw_primary: adev_get_parameters: exit: returns - 
01-24 21:32:26.363  1259 12060 I hash_map_utils: key: 'is_hw_dec_session_available' value: 'audio/vorbis'
01-24 21:32:26.363  1259 12060 D TimeCheck: stopMonitoring for IAudioFlinger command 21 endTime 29075399176096
01-24 21:32:26.364  1516 17040 I MediaCodec: (0xec109790) init name(c2.android.vorbis.decoder)
01-24 21:32:26.364  1516 17041 D CCodec  : allocate(c2.android.vorbis.decoder)
01-24 21:32:26.367  1516 17041 I CCodec  : setting up 'default' as default (vendor) store
01-24 21:32:26.368  1516 17041 I CCodec  : Created component [c2.android.vorbis.decoder]
01-24 21:32:26.369  1516 17041 D CCodecConfig: read media type: audio/vorbis
01-24 21:32:26.370  1516 17041 D ReflectedParamUpdater: extent() != 1 for single value type: algo.buffers.max-count.values
01-24 21:32:26.370  1516 17041 D ReflectedParamUpdater: extent() != 1 for single value type: output.subscribed-indices.values
01-24 21:32:26.370  1516 17041 D ReflectedParamUpdater: extent() != 1 for single value type: input.buffers.allocator-ids.values
01-24 21:32:26.370  1516 17041 D ReflectedParamUpdater: extent() != 1 for single value type: output.buffers.allocator-ids.values
01-24 21:32:26.371  1516 17041 D ReflectedParamUpdater: extent() != 1 for single value type: algo.buffers.allocator-ids.values
01-24 21:32:26.371  1516 17041 D ReflectedParamUpdater: extent() != 1 for single value type: output.buffers.pool-ids.values
01-24 21:32:26.371  1516 17041 D ReflectedParamUpdater: extent() != 1 for single value type: algo.buffers.pool-ids.values
01-24 21:32:26.372  1516 17041 I CCodecConfig: query failed after returning 7 values (BAD_INDEX)
01-24 21:32:26.372  1516 17041 D CCodecConfig: c2 config diff is Dict {
01-24 21:32:26.372  1516 17041 D CCodecConfig:   c2::u32 coded.bitrate.value = 64000
01-24 21:32:26.372  1516 17041 D CCodecConfig:   c2::u32 input.buffers.max-size.value = 32768
01-24 21:32:26.372  1516 17041 D CCodecConfig:   c2::u32 input.delay.value = 0
01-24 21:32:26.372  1516 17041 D CCodecConfig:   string input.media-type.value = "audio/vorbis"
01-24 21:32:26.372  1516 17041 D CCodecConfig:   string output.media-type.value = "audio/raw"
01-24 21:32:26.372  1516 17041 D CCodecConfig:   c2::u32 raw.channel-count.value = 1
01-24 21:32:26.372  1516 17041 D CCodecConfig:   c2::u32 raw.sample-rate.value = 48000
01-24 21:32:26.372  1516 17041 D CCodecConfig: }
01-24 21:32:26.372  1516 17041 I MediaCodec: (0xec109790) Component Allocated (c2.android.vorbis.decoder)
01-24 21:32:26.373  1516 17040 I MediaCodec: (0xec109790) configure surface(0x0) crypto(0x0) flags(0)
01-24 21:32:26.373  1516 17040 D MediaCodec: (0xec109790) configure format: AMessage(what = 0x00000000) = {
01-24 21:32:26.373  1516 17040 D MediaCodec:       string mime = "audio/vorbis"
01-24 21:32:26.373  1516 17040 D MediaCodec:       int64_t durationUs = 1567551
01-24 21:32:26.373  1516 17040 D MediaCodec:       Buffer csd-0 = {
01-24 21:32:26.373  1516 17040 D MediaCodec:         00000000:  01 76 6f 72 62 69 73 00  00 00 00 01 44 ac 00 00  .vorbis.....D...
01-24 21:32:26.373  1516 17040 D MediaCodec:         00000010:  00 00 00 00 80 38 01 00  00 00 00 00 b8 01        .....8........
01-24 21:32:26.373  1516 17040 D MediaCodec:       }
01-24 21:32:26.373  1516 17040 D MediaCodec:       Buffer *csd-1 = 0xec5c6650
01-24 21:32:26.373  1516 17040 D MediaCodec:       int32_t bitrate = 80000
