01-24 21:32:13.082  4112 10036 D MFL     : getFreeFormPackages: adding all apps
01-24 21:32:13.083  4112 19206 D MFL     : getFreeFormPackages: adding all apps
01-24 21:32:13.084  4112 10036 D MFL     : getDensityIndependentPixel: smallest width = 432
01-24 21:32:13.084  4112 10036 D MFL     : getLaunchRect: margin = 0
01-24 21:32:13.084  4112 10036 V MotoExtendManager: setGameModeState isActive = false, gameModeOptions = Bundle[{game_mode_force_freeform_packages=[com.twitter.android, com.whatsapp, com.facebook.katana, com.google.android.talk, jp.naver.line.android, com.discord, org.telegram.messenger, com.facebook.orca], touch_enhance_enable=0, display_enhance_enable=0, performance_enhance_enable=0, force_refresh_rate=0.0, game_mode_freeform_launchbounds=Rect(50, 130 - 734, 1210), game_package_name=, display=0, game_mode_display=0}], TOKEN = android.os.Binder@4e9cf2 by (com.motorola.gamemode)
01-24 21:32:13.085  4112 19206 D MFL     : getDensityIndependentPixel: smallest width = 432
01-24 21:32:13.085  4112 19206 D MFL     : getLaunchRect: margin = 0
01-24 21:32:13.085  1185  1185 I motorola.hardware.display.touch@1.1-service: Setting report rate to 0
01-24 21:32:13.085  4112 19206 V MotoExtendManager: setGameModeState isActive = false, gameModeOptions = Bundle[{game_mode_force_freeform_packages=[com.twitter.android, com.whatsapp, com.facebook.katana, com.google.android.talk, jp.naver.line.android, com.discord, org.telegram.messenger, com.facebook.orca], touch_enhance_enable=0, display_enhance_enable=0, performance_enhance_enable=0, force_refresh_rate=0.0, game_mode_freeform_launchbounds=Rect(50, 130 - 734, 1210), game_package_name=, display=0, game_mode_display=0}], TOKEN = android.os.Binder@4e9cf2 by (com.motorola.gamemode)
01-24 21:32:13.087  1185  1185 I motorola.hardware.display.touch@1.1-service: Setting report rate to 0
01-24 21:32:13.099  1152  1152 I chatty  : uid=1002 bluetooth@1.0-s expire 6 lines
01-24 21:32:13.106  1591  1829 E QMI_FW  : qmi_cci_get_ref: ref count increased 2
01-24 21:32:13.108  1591  1829 E QMI_FW  : qmi_cci_get_ref: ref count increased 2
01-24 21:32:13.109  1152  3284 I chatty  : uid=1002 bluetooth@1.0-s expire 10 lines
01-24 21:32:13.137   882   882 W Binder:882_1: type=1400 audit(0.0:37485): avc: denied { read } for name="wakeup36" dev="sysfs" ino=78165 scontext=u:r:system_suspend:s0 tcontext=u:object_r:sysfs:s0 tclass=dir permissive=0
01-24 21:32:13.142   882   888 E android.system.suspend@1.0-service: Error opening kernel wakelock stats for: wakeup36: Permission denied
01-24 21:32:13.165   882   882 W Binder:882_1: type=1400 audit(0.0:37486): avc: denied { read } for name="wakeup133" dev="sysfs" ino=114300 scontext=u:r:system_suspend:s0 tcontext=u:object_r:sysfs:s0 tclass=dir permissive=0
01-24 21:32:13.165  1178  1178 I QTI PowerHAL: Power setBoost: 0, duration: 0
01-24 21:32:13.170   882   888 E android.system.suspend@1.0-service: Error opening kernel wakelock stats for: wakeup133: Permission denied
01-24 21:32:13.181   819   819 I hwservicemanager: getTransport: Cannot find entry android.hardware.power.stats@1.0::IPowerStats/default in either framework or device manifest.
01-24 21:32:13.182   819   819 I hwservicemanager: getTransport: Cannot find entry android.hardware.power@1.0::IPower/default in either framework or device manifest.
01-24 21:32:13.182  2032  2215 I chatty  : uid=1000(system) batterystats-wo expire 1 line
01-24 21:32:13.185 16676 16693 D SuggestionParser: Day 56 for com.android.settings.suggested.category.DEFERRED_SETUP
01-24 21:32:13.222  1591  1829 E QMI_FW  : qmi_cci_get_ref: ref count increased 2
01-24 21:32:13.226  1591  1829 E QMI_FW  : qmi_cci_get_ref: ref count increased 2
01-24 21:32:13.229   882   882 W Binder:882_1: type=1400 audit(0.0:37487): avc: denied { read } for name="wakeup36" dev="sysfs" ino=78165 scontext=u:r:system_suspend:s0 tcontext=u:object_r:sysfs:s0 tclass=dir permissive=0
01-24 21:32:13.234   882   888 E android.system.suspend@1.0-service: Error opening kernel wakelock stats for: wakeup36: Permission denied
01-24 21:32:13.237   882   882 W Binder:882_1: type=1400 audit(0.0:37488): avc: denied { read } for name="wakeup133" dev="sysfs" ino=114300 scontext=u:r:system_suspend:s0 tcontext=u:object_r:sysfs:s0 tclass=dir permissive=0
01-24 21:32:13.240   882   888 E android.system.suspend@1.0-service: Error opening kernel wakelock stats for: wakeup133: Permission denied
01-24 21:32:13.244 16676 16719 D CandidateSuggestionFilter: Suggestion state result Bundle[{candidate_is_complete=true}]
01-24 21:32:13.246 16676 16710 D CandidateSuggestionFilter: Suggestion state result Bundle[{candidate_is_complete=true}]
01-24 21:32:13.249 16676 16713 D CandidateSuggestionFilter: Suggestion state result Bundle[{candidate_is_complete=true}]
01-24 21:32:13.249 16676 16693 D CandidateSuggestionFilter: filterCandidates duration: 25
01-24 21:32:13.250 16676 16693 D CandidateSuggestion: Metadata null or has no info about summary_uri
01-24 21:32:13.251 16676 16693 D SuggestionParser: Day 39 for com.android.settings.suggested.category.HIGH_PRIORITY
01-24 21:32:13.253 16676 16693 D CandidateSuggestionFilter: filterCandidates duration: 1
01-24 21:32:13.254 16676 16693 D CandidateSuggestion: Metadata null or has no info about summary_uri
01-24 21:32:13.254 16676 16693 D SuggestionParser: Day 39 for com.android.settings.suggested.category.FIRST_IMPRESSION
01-24 21:32:13.267 16576 16722 I chatty  : uid=1000(system) Binder:16576_7 expire 2 lines
01-24 21:32:13.268 16676 16716 D CandidateSuggestionFilter: Suggestion state result Bundle[{candidate_is_complete=false}]
01-24 21:32:13.268 16676 16713 D CandidateSuggestionFilter: Suggestion state result Bundle[{candidate_is_complete=true}]
01-24 21:32:13.268 16676 16718 D CandidateSuggestionFilter: Suggestion state result Bundle[{candidate_is_complete=true}]
01-24 21:32:13.269 16676 16717 D CandidateSuggestionFilter: Suggestion state result Bundle[{candidate_is_complete=false}]
01-24 21:32:13.269 16676 16716 D CandidateSuggestionFilter: Suggestion state result Bundle[{candidate_is_complete=true}]
01-24 21:32:13.270 16676 16712 D CandidateSuggestionFilter: Suggestion state result Bundle[{candidate_is_complete=true}]
01-24 21:32:13.272 16676 16710 D CandidateSuggestionFilter: Suggestion state result Bundle[{candidate_is_complete=true}]
01-24 21:32:13.273 16676 16693 D CandidateSuggestionFilter: filterCandidates duration: 8
01-24 21:32:13.273  2032  4739 I chatty  : uid=1000(system) pool-4-thread-1 expire 2 lines
01-24 21:32:13.274 16676 16693 D CandidateSuggestion: Metadata null or has no info about summary_uri
01-24 21:32:13.275 16676 16693 I chatty  : uid=10221(com.android.settings.intelligence) Binder:16676_1 identical 1 line
01-24 21:32:13.277 16676 16693 D CandidateSuggestion: Metadata null or has no info about summary_uri
01-24 21:32:13.283  4385  4385 I GoogleInputMethodService: GoogleInputMethodService.onFinishInput():3301 
01-24 21:32:13.284  4385  4385 I GoogleInputMethodService: GoogleInputMethodService.onStartInput():1979 
01-24 21:32:13.285  4385  4385 I DeviceUnlockedTag: DeviceUnlockedTag.notifyDeviceLockStatusChanged():79 Notify device unlocked.
01-24 21:32:13.285 16676 16693 D CandidateSuggestionFilter: filterCandidates duration: 0
01-24 21:32:13.286 16676 16693 D CandidateSuggestionFilter: filterCandidates duration: 0
01-24 21:32:13.294 16676 16693 D CandidateSuggestionFilter: filterCandidates duration: 2
01-24 21:32:13.295 16676 16693 D CandidateSuggestion: Metadata null or has no info about summary_uri
01-24 21:32:13.296 16676 16693 D CandidateSuggestionFilter: filterCandidates duration: 0
01-24 21:32:13.298 16676 16693 D CandidateSuggestionFilter: filterCandidates duration: 0
01-24 21:32:13.299 16676 16693 D CandidateSuggestionFilter: filterCandidates duration: 0
01-24 21:32:13.306 16676 16693 I AccountEligibility: com.google.android.gms/com.google.android.gms.wallet.setupwizard.PaymentsSetupWizardActivity requires unavailable account type com.google
01-24 21:32:13.309 16676 16693 D CandidateSuggestionFilter: filterCandidates duration: 1
01-24 21:32:13.310 16676 16693 D CandidateSuggestion: Metadata null or has no info about summary_uri
01-24 21:32:13.312 16676 16693 D CandidateSuggestionFilter: filterCandidates duration: 0
01-24 21:32:13.313 16576 16921 I chatty  : uid=1000(system) pool-2-thread-8 expire 1 line
01-24 21:32:13.367 16576 16917 I chatty  : uid=1000(system) pool-2-thread-5 expire 3 lines
01-24 21:32:13.389 16576 16919 I chatty  : uid=1000(system) pool-2-thread-7 expire 3 lines
01-24 21:32:13.458 16522 16547 I Finsky:background: [8427] hxc.f(2): DownloadService is getting stopped.
01-24 21:32:13.463 16522 16522 I Finsky:background: [2] DownloadService.onDestroy(5): DownloadService is getting destroyed.
01-24 21:32:13.467 16393 16393 W Finsky  : [2] ekt.f(3): No LoggingContext in the bundle, which breaks event chain!. Creating a new logging context.
01-24 21:32:13.469 11827 11827 I MotoDisplay: Acquiring partial wakelock MotoDisplayWakeLock for 500ms.
01-24 21:32:13.470 11827 11827 I MotoDisplay: Releasing wakelock: MotoDisplayWakeLock
01-24 21:32:13.471 11827 11827 I MotoDisplay: Acquiring partial wakelock MotoDisplayWakeLock for 500ms.
01-24 21:32:13.472 11827 11827 E MotoDisplay: Notification not found: [Key:  -691562488, groupKey: -691562488]
01-24 21:32:13.498  2032  2448 I chatty  : uid=1000(system) LockSettingsSer expire 1 line
01-24 21:32:13.502  2032  2044 I chatty  : uid=1000(system) ReferenceQueueD expire 12 lines
01-24 21:32:13.680  1534  4061 I ThermalEngine: Monitor:ACTIVE:MON-MSM-CPU47G:cpu4=1651200:GAME_SKIN=41445
01-24 21:32:13.681  1534  4061 I ThermalEngine: ACTION: CPU - Setting CPU[4] to 4
01-24 21:32:13.681  1534  4061 I ThermalEngine: Monitor:ACTIVE:MON-MSM-CPU47G:cpu7=1862400:GAME_SKIN=41445
01-24 21:32:13.681  1534  4061 I ThermalEngine: ACTION: CPU - Setting CPU[7] to 4
01-24 21:32:13.704  4941 12942 D OtaApp  : PollingManagerService:NetworkCallback:networkCapabilities=[ Transports: WIFI Capabilities: NOT_METERED&INTERNET&NOT_RESTRICTED&TRUSTED&NOT_VPN&VALIDATED&NOT_ROAMING&FOREGROUND&NOT_CONGESTED&NOT_SUSPENDED LinkUpBandwidth>=30425Kbps LinkDnBandwidth>=66240Kbps SignalStrength: -39 AdministratorUids: [] RequestorUid: -1 RequestorPackageName: null]
01-24 21:32:13.705  4941 12942 D Fota    : ConnectivityActionReceiver:NetworkCallback:networkCapabilities=[ Transports: WIFI Capabilities: NOT_METERED&INTERNET&NOT_RESTRICTED&TRUSTED&NOT_VPN&VALIDATED&NOT_ROAMING&FOREGROUND&NOT_CONGESTED&NOT_SUSPENDED LinkUpBandwidth>=30425Kbps LinkDnBandwidth>=66240Kbps SignalStrength: -39 AdministratorUids: [] RequestorUid: -1 RequestorPackageName: null]
01-24 21:32:13.705  3552  6018 I CarrierServices: [194] bxe.c: Connected state: [1], networkType: [WIFI]
01-24 21:32:13.711  3552 10260 I CarrierServices: [205] bwu.k: (RCS): [Mobile]: Setting up network interface (rmnet_data1), IP address: redacted-pii:ip_address[chars:13,ip_version:ipv4]
01-24 21:32:13.711  3552  6006 I CarrierServices: [193] cmq.v: Rcs is enabled from user settings: true
01-24 21:32:13.718  3552 10260 I CarrierServices: [205] bwu.k: (RCS): [WiFi]: Setting up network interface (wlan0), IP address: redacted-pii:ip_address[chars:13,ip_version:ipv4]
01-24 21:32:13.723  2032  2448 I chatty  : uid=1000(system) LockSettingsSer expire 1 line
01-24 21:32:13.724  3552 10260 E CarrierServices: [205] bwu.k: (RCS): [VPN]: NetworkType 17 not found.
01-24 21:32:14.004  1591  1868 E QMI_FW  : qmi_cci_get_ref: ref count increased 2
01-24 21:32:14.092  1178  1178 I QTI PowerHAL: Power setBoost: 0, duration: 0
01-24 21:32:14.204  1178  1178 I chatty  : uid=1000(system) android.hardwar identical 14 lines
01-24 21:32:14.206  1178  1178 I QTI PowerHAL: Power setBoost: 0, duration: 0
01-24 21:32:14.214  1152  3290 I chatty  : uid=1002(bluetooth) POSIX timer 4 expire 2 lines
01-24 21:32:14.218  1178  1178 I QTI PowerHAL: Power setMode: 5 to: 1
01-24 21:32:14.236  4112  4112 D GameMode: isScreenUnlocked: true
01-24 21:32:14.236  4112  4112 D GameMode: exiting game mode
01-24 21:32:14.237  4112  4112 D GameMode: reset : false
01-24 21:32:14.237  4112  4112 D GameMode: reset: 
01-24 21:32:14.237  4112  4112 D GameMode: isFeatureSupported: true
01-24 21:32:14.238  4112 10036 D MFL     : getFreeFormPackages: adding all apps
01-24 21:32:14.239  4112 10036 D MFL     : getDensityIndependentPixel: smallest width = 432
01-24 21:32:14.239  4112 10036 D MFL     : getLaunchRect: margin = 0
01-24 21:32:14.240  4112 10036 V MotoExtendManager: setGameModeState isActive = false, gameModeOptions = Bundle[{game_mode_force_freeform_packages=[com.twitter.android, com.whatsapp, com.facebook.katana, com.google.android.talk, jp.naver.line.android, com.discord, org.telegram.messenger, com.facebook.orca], touch_enhance_enable=0, display_enhance_enable=0, performance_enhance_enable=0, force_refresh_rate=0.0, game_mode_freeform_launchbounds=Rect(50, 130 - 734, 1210), game_package_name=, display=0, game_mode_display=0}], TOKEN = android.os.Binder@4e9cf2 by (com.motorola.gamemode)
01-24 21:32:14.240  4112  4814 D MFL     : getFreeFormPackages: adding all apps
01-24 21:32:14.240  4112  4814 D MFL     : getDensityIndependentPixel: smallest width = 432
01-24 21:32:14.241  1185  1185 I motorola.hardware.display.touch@1.1-service: Setting report rate to 0
01-24 21:32:14.241  4112  4814 D MFL     : getLaunchRect: margin = 0
01-24 21:32:14.241  4112  4814 V MotoExtendManager: setGameModeState isActive = false, gameModeOptions = Bundle[{game_mode_force_freeform_packages=[com.twitter.android, com.whatsapp, com.facebook.katana, com.google.android.talk, jp.naver.line.android, com.discord, org.telegram.messenger, com.facebook.orca], touch_enhance_enable=0, display_enhance_enable=0, performance_enhance_enable=0, force_refresh_rate=0.0, game_mode_freeform_launchbounds=Rect(50, 130 - 734, 1210), game_package_name=, display=0, game_mode_display=0}], TOKEN = android.os.Binder@4e9cf2 by (com.motorola.gamemode)
01-24 21:32:14.242  1185  1185 I motorola.hardware.display.touch@1.1-service: Setting report rate to 0
01-24 21:32:14.317  2032  2133 I chatty  : uid=1000(system) android.bg expire 4 lines
01-24 21:32:14.325  1178  1178 I QTI PowerHAL: Power setBoost: 0, duration: 0
01-24 21:32:14.346  4385  4385 I GoogleInputMethodService: GoogleInputMethodService.onFinishInput():3301 
01-24 21:32:14.346  4385  4385 I GoogleInputMethodService: GoogleInputMethodService.onStartInput():1979 
01-24 21:32:14.347  4385  4385 I DeviceUnlockedTag: DeviceUnlockedTag.notifyDeviceLockStatusChanged():79 Notify device unlocked.
01-24 21:32:14.347  1178  1178 I QTI PowerHAL: Power setMode: 5 to: 0
01-24 21:32:14.365  1152  2925 I chatty  : uid=1002(bluetooth) POSIX timer 0 expire 1 line
01-24 21:32:14.383  1047  1047 I Zygote  : Process 15664 exited due to signal 9 (Killed)
01-24 21:32:14.386  2032  2211 I chatty  : uid=1000(system) ActivityManager expire 3 lines
01-24 21:32:14.403  4090 16892 I Authzen : [DeviceStateSyncManager] The server is in sync with current state. Nothing to do
01-24 21:32:14.669  3438 10101 E WakeLock: GCM_HB_ALARM release without a matched acquire!
01-24 21:32:14.669  3438 10101 W WakeLock: GCM_HB_ALARM counter does not exist
01-24 21:32:14.671  2736  9109 D NetworkMonitor/117: Forcing reevaluation for UID 10199. Dns signal count: 0
01-24 21:32:14.672  3438 10101 E WakeLock: GCM_CONN_ALARM release without a matched acquire!
01-24 21:32:14.672  3438 10101 W WakeLock: GCM_CONN_ALARM counter does not exist
01-24 21:32:14.681  2736 16934 D NetworkMonitor/117: PROBE_DNS connectivitycheck.gstatic.com 8ms OK 2800:3f0:4001:808::2003,142.250.79.195
01-24 21:32:14.700  2736 16933 D NetworkMonitor/117: PROBE_DNS www.google.com 27ms OK 2800:3f0:4001:82e::2004,142.250.218.164
01-24 21:32:14.715  2736 16934 D NetworkMonitor/117: PROBE_HTTP http://connectivitycheck.gstatic.com/generate_204 time=33ms ret=204 request={Connection=[close], User-Agent=[Mozilla/5.0 (X11; Linux x86_64) AppleWebKit/537.36 (KHTML, like Gecko) Chrome/60.0.3112.32 Safari/537.36]} headers={null=[HTTP/1.1 204 No Content], Connection=[close], Content-Length=[0], Date=[Tue, 25 Jan 2022 00:32:13 GMT], X-Android-Received-Millis=[1643070734714], X-Android-Response-Source=[NETWORK 204], X-Android-Selected-Protocol=[http/1.1], X-Android-Sent-Millis=[1643070734697]}
01-24 21:32:14.807  2736 16933 D NetworkMonitor/117: PROBE_HTTPS https://www.google.com/generate_204 time=106ms ret=204 request={Connection=[close], User-Agent=[Mozilla/5.0 (X11; Linux x86_64) AppleWebKit/537.36 (KHTML, like Gecko) Chrome/60.0.3112.32 Safari/537.36]} headers={null=[HTTP/1.1 204 No Content], Alt-Svc=[h3=":443"; ma=2592000,h3-29=":443"; ma=2592000,h3-Q050=":443"; ma=2592000,h3-Q046=":443"; ma=2592000,h3-Q043=":443"; ma=2592000,quic=":443"; ma=2592000; v="46,43"], Connection=[close], Content-Length=[0], Date=[Tue, 25 Jan 2022 00:32:13 GMT], X-Android-Received-Millis=[1643070734807], X-Android-Response-Source=[NETWORK 204], X-Android-Selected-Protocol=[http/1.1], X-Android-Sent-Millis=[1643070734788]}
01-24 21:32:14.808  2736 16932 D NetworkMonitor/117: isCaptivePortal: isSuccessful()=true isPortal()=false RedirectUrl=null isPartialConnectivity()=false Time=137ms
01-24 21:32:14.856  1591  1868 E QMI_FW  : qmi_cci_get_ref: ref count increased 2
01-24 21:32:14.904  1178  1178 I QTI PowerHAL: Power setBoost: 0, duration: 0
01-24 21:32:14.940  1178  1178 I QTI PowerHAL: Power setBoost: 0, duration: 0
01-24 21:32:15.258  1178  1178 I QTI PowerHAL: Power setBoost: 0, duration: 0
01-24 21:32:15.258  1178  1178 I QTI PowerHAL: Power setBoost: 0, duration: 0
01-24 21:32:16.101  1178  1178 I QTI PowerHAL: Power setBoost: 0, duration: 0
01-24 21:32:16.102  1178  1178 I QTI PowerHAL: Power setBoost: 0, duration: 0
01-24 21:32:16.215  1178  1178 I QTI PowerHAL: Power setMode: 5 to: 1
01-24 21:32:16.226  4112  4112 D GameMode: isScreenUnlocked: true
01-24 21:32:16.226  4112  4112 D GameMode: exiting game mode
01-24 21:32:16.228  4112  4112 D GameMode: reset : false
01-24 21:32:16.228  4112  4112 D GameMode: reset: 
01-24 21:32:16.228  4112  4112 D GameMode: isFeatureSupported: true
01-24 21:32:16.230  4112 10036 D MFL     : getFreeFormPackages: adding all apps
01-24 21:32:16.230  4112  4814 D MFL     : getFreeFormPackages: adding all apps
01-24 21:32:16.230  4112 10036 D MFL     : getDensityIndependentPixel: smallest width = 432
01-24 21:32:16.230  4112 10036 D MFL     : getLaunchRect: margin = 0
01-24 21:32:16.230  4112 10036 V MotoExtendManager: setGameModeState isActive = false, gameModeOptions = Bundle[{game_mode_force_freeform_packages=[com.twitter.android, com.whatsapp, com.facebook.katana, com.google.android.talk, jp.naver.line.android, com.discord, org.telegram.messenger, com.facebook.orca], touch_enhance_enable=0, display_enhance_enable=0, performance_enhance_enable=0, force_refresh_rate=0.0, game_mode_freeform_launchbounds=Rect(50, 130 - 734, 1210), game_package_name=, display=0, game_mode_display=0}], TOKEN = android.os.Binder@4e9cf2 by (com.motorola.gamemode)
01-24 21:32:16.230  4112  4814 D MFL     : getDensityIndependentPixel: smallest width = 432
01-24 21:32:16.230 16576 16576 I chatty  : uid=1000(system) com.android.settings expire 166 lines
01-24 21:32:16.230  4112  4814 D MFL     : getLaunchRect: margin = 0
01-24 21:32:16.230  4112  4814 V MotoExtendManager: setGameModeState isActive = false, gameModeOptions = Bundle[{game_mode_force_freeform_packages=[com.twitter.android, com.whatsapp, com.facebook.katana, com.google.android.talk, jp.naver.line.android, com.discord, org.telegram.messenger, com.facebook.orca], touch_enhance_enable=0, display_enhance_enable=0, performance_enhance_enable=0, force_refresh_rate=0.0, game_mode_freeform_launchbounds=Rect(50, 130 - 734, 1210), game_package_name=, display=0, game_mode_display=0}], TOKEN = android.os.Binder@4e9cf2 by (com.motorola.gamemode)
01-24 21:32:16.231  1185  1185 I motorola.hardware.display.touch@1.1-service: Setting report rate to 0
01-24 21:32:16.231  1185  1185 I motorola.hardware.display.touch@1.1-service: Setting report rate to 0
01-24 21:32:16.267   819   819 I hwservicemanager: getTransport: Cannot find entry android.hardware.dumpstate@1.1::IDumpstateDevice/default in either framework or device manifest.
01-24 21:32:16.267   819   819 I hwservicemanager: getTransport: Cannot find entry android.hardware.dumpstate@1.0::IDumpstateDevice/default in either framework or device manifest.
01-24 21:32:16.295 16608 16628 I CoreSettingsExt: bt_bigger_btsnoop_size : get persist.mot_bt.dbg_snoopsize : 20
01-24 21:32:16.297 16608 16628 I CoreSettingsExt: bt_stack_debug : get persist.mot_bt.dbg_verbose : false
01-24 21:32:16.322   819   819 I hwservicemanager: getTransport: Cannot find entry android.hardware.dumpstate@1.1::IDumpstateDevice/default in either framework or device manifest.
01-24 21:32:16.322   819   819 I hwservicemanager: getTransport: Cannot find entry android.hardware.dumpstate@1.0::IDumpstateDevice/default in either framework or device manifest.
01-24 21:32:16.329 16576 16682 I chatty  : uid=1000(system) pool-2-thread-2 expire 1 line
01-24 21:32:16.329   819   819 I hwservicemanager: getTransport: Cannot find entry android.hardware.dumpstate@1.1::IDumpstateDevice/default in either framework or device manifest.
01-24 21:32:16.330   819   819 I hwservicemanager: getTransport: Cannot find entry android.hardware.dumpstate@1.0::IDumpstateDevice/default in either framework or device manifest.
01-24 21:32:16.350 16576 16790 I chatty  : uid=1000(system) AsyncTask #3 expire 7 lines
01-24 21:32:16.377  1178  1178 I QTI PowerHAL: Power setBoost: 0, duration: 0
01-24 21:32:16.430  2964  2964 E PhoneInterfaceManager: [PhoneIntfMgr] getAllowedCarriers: CommandException: com.android.internal.telephony.CommandException: REQUEST_NOT_SUPPORTED
01-24 21:32:16.433  2964  2964 E PhoneInterfaceManager: [PhoneIntfMgr] getAllowedCarriers: CommandException: com.android.internal.telephony.CommandException: REQUEST_NOT_SUPPORTED
01-24 21:32:16.450 16576 16700 I chatty  : uid=1000(system) pool-2-thread-3 expire 67 lines
01-24 21:32:16.451 16576 16700 W ProcStatsManager: No process com.google.android.apps.translate/10342 for service com.google.android.libraries.internal.growth.growthkit.internal.jobs.impl.GrowthKitJobService
01-24 21:32:16.451 16576 16700 W ProcStatsManager: No process com.google.android.apps.turbo:aab/10206 for service com.google.android.libraries.smartbattery.appusage.library.EvaluateAppBucketsJob
01-24 21:32:16.451 16576 16700 W ProcStatsManager: No process com.google.android.apps.turbo:aab/10206 for service com.google.android.libraries.smartbattery.appusage.library.InferAppBucketsJob
01-24 21:32:16.451 16576 16700 W ProcStatsManager: No process com.google.android.apps.chromecast.app/10331 for service com.google.android.libraries.notifications.entrypoints.scheduled.ScheduledTaskService
01-24 21:32:16.451 16576 16700 W ProcStatsManager: No process com.google.android.apps.chromecast.app/10331 for service com.google.android.libraries.internal.growth.growthkit.internal.jobs.impl.GrowthKitJobService
01-24 21:32:16.451 16576 16700 W ProcStatsManager: No process com.google.android.keep/10410 for service com.google.android.keep.syncadapter.KeepSyncAdapterService
01-24 21:32:16.451 16576 16700 W ProcStatsManager: No process com.google.android.keep/10410 for service com.google.android.libraries.notifications.entrypoints.scheduled.ScheduledTaskService
01-24 21:32:16.451 16576 16700 W ProcStatsManager: No process com.google.android.keep/10410 for service com.google.android.libraries.internal.growth.growthkit.internal.jobs.impl.GrowthKitJobService
01-24 21:32:16.451 16576 16700 W ProcStatsManager: No process com.google.android.keep/10410 for service com.google.android.apps.keep.shared.notification.ReminderNotificationService
01-24 21:32:16.451 16576 16700 W ProcStatsManager: No process com.google.android.apps.work.clouddpc/10406 for service com.google.android.apps.work.clouddpc.base.services.HealthCheckJobService
01-24 21:32:16.451 16576 16700 W ProcStatsManager: No process com.shopee.br/10392 for service androidx.work.impl.background.systemjob.SystemJobService
01-24 21:32:16.451 16576 16700 W ProcStatsManager: No process com.azure.authenticator/10363 for service com.evernote.android.job.JobRescheduleService
01-24 21:32:16.451 16576 16700 W ProcStatsManager: No process com.azure.authenticator/10363 for service androidx.work.impl.background.systemjob.SystemJobService
01-24 21:32:16.451 16576 16700 W ProcStatsManager: No process com.google.android.apps.youtube.music/10259 for service androidx.work.impl.background.systemjob.SystemJobService
01-24 21:32:16.451 16576 16700 W ProcStatsManager: No process com.facebook.appmanager/10258 for service com.facebook.oxygen.appmanager.connectivity.ConnectivityCheckJobSchedulerService
01-24 21:32:16.451 16576 16700 W ProcStatsManager: No process com.facebook.appmanager/10258 for service com.facebook.preloads.platform.common.periodicwork.PeriodicWorkJobService
01-24 21:32:16.451 16576 16700 W ProcStatsManager: No process com.facebook.appmanager/10258 for service com.facebook.oxygen.common.jobqueue.JobQueueService
01-24 21:32:16.451 16576 16700 W ProcStatsManager: No process com.facebook.appmanager/10258 for service com.facebook.analytics2.logger.LollipopUploadService
01-24 21:32:16.451 16576 16700 W ProcStatsManager: No process com.facebook.appmanager/10258 for service com.facebook.oxygen.appmanager.update.core.UpdateService
01-24 21:32:16.452 16576 16700 W ProcStatsManager: No process com.google.android.play.games/10359 for service com.google.android.libraries.internal.growth.growthkit.internal.jobs.impl.GrowthKitJobService
01-24 21:32:16.452 16576 16700 W ProcStatsManager: No process com.microsoft.teams/10404 for service androidx.work.impl.background.systemjob.SystemJobService
01-24 21:32:16.454 16576 16700 W ProcStatsEntry: No process com.motorola.ccc found in package state com.motorola.ccc.devicemanagement/10270
01-24 21:32:16.471  4385  4385 I GoogleInputMethodService: GoogleInputMethodService.onFinishInput():3301 
01-24 21:32:16.472  4385  4385 I GoogleInputMethodService: GoogleInputMethodService.onStartInput():1979 
01-24 21:32:16.472  4385  4385 I DeviceUnlockedTag: DeviceUnlockedTag.notifyDeviceLockStatusChanged():79 Notify device unlocked.
01-24 21:32:16.487  1178  1178 I QTI PowerHAL: Power setMode: 5 to: 0
01-24 21:32:16.716  4941 12942 D OtaApp  : PollingManagerService:NetworkCallback:networkCapabilities=[ Transports: WIFI Capabilities: NOT_METERED&INTERNET&NOT_RESTRICTED&TRUSTED&NOT_VPN&VALIDATED&NOT_ROAMING&FOREGROUND&NOT_CONGESTED&NOT_SUSPENDED LinkUpBandwidth>=30425Kbps LinkDnBandwidth>=55217Kbps SignalStrength: -34 AdministratorUids: [] RequestorUid: -1 RequestorPackageName: null]
01-24 21:32:16.716  4941 12942 D Fota    : ConnectivityActionReceiver:NetworkCallback:networkCapabilities=[ Transports: WIFI Capabilities: NOT_METERED&INTERNET&NOT_RESTRICTED&TRUSTED&NOT_VPN&VALIDATED&NOT_ROAMING&FOREGROUND&NOT_CONGESTED&NOT_SUSPENDED LinkUpBandwidth>=30425Kbps LinkDnBandwidth>=55217Kbps SignalStrength: -34 AdministratorUids: [] RequestorUid: -1 RequestorPackageName: null]
01-24 21:32:16.720  3552  6018 I CarrierServices: [194] bxe.c: Connected state: [1], networkType: [WIFI]
01-24 21:32:16.723  3552 10260 I CarrierServices: [205] bwu.k: (RCS): [Mobile]: Setting up network interface (rmnet_data1), IP address: redacted-pii:ip_address[chars:13,ip_version:ipv4]
01-24 21:32:16.726 16576 16576 D CompatibilityChangeReporter: Compat change id reported: 150939131; UID 1000; state: ENABLED
01-24 21:32:16.726  3552  6006 I CarrierServices: [193] cmq.v: Rcs is enabled from user settings: true
01-24 21:32:16.728  3552 10260 I CarrierServices: [205] bwu.k: (RCS): [WiFi]: Setting up network interface (wlan0), IP address: redacted-pii:ip_address[chars:13,ip_version:ipv4]
01-24 21:32:16.731  3552 10260 E CarrierServices: [205] bwu.k: (RCS): [VPN]: NetworkType 17 not found.
01-24 21:32:16.797 16576 16576 D DynamicDashboardTileController: unregister observer: @dc362bd, uri: content://com.android.settings.dashboard.SummaryProvider/backup
01-24 21:32:16.798 16576 16576 D DynamicDashboardTileController: unregister observer: @3044c67, uri: content://com.android.settings.dashboard.SummaryProvider/user
01-24 21:32:16.982  3438  4343 W Nearby  : Ignore outdated onLost runnable from cycle : 218, current cycle : 451 [CONTEXT service_id=49 ]
01-24 21:32:17.001  3438  4343 W Nearby  : Ignore outdated onLost runnable from cycle : 219, current cycle : 451 [CONTEXT service_id=49 ]
01-24 21:32:17.345  1573  1850 D [gf_ca_entry]: [gf_ca_invoke_command] enter
01-24 21:32:17.345  1573  1850 D [gf_ca_entry]: [gf_ta_send_modified_cmd_req] enter
01-24 21:32:17.345  1573  1850 D [gf_ca_entry]: [gf_ta_send_modified_cmd_req] begin token 1541, cmd_id=1016
01-24 21:32:17.345  1573  1850 D [gf_sec_ion]: [gf_sec_ion_malloc] enter
01-24 21:32:17.345  1573  1850 D [gf_sec_ion]: [gf_sec_ion_malloc] gf_sec_ion_malloc data_size = 327680
01-24 21:32:17.345  1573  1850 D [gf_sec_ion]: [gf_sec_ion_malloc] exit
01-24 21:32:17.345  1573  1850 D [gf_ca_entry]: [gf_ta_send_modified_cmd_req] whitebox is disabled.
01-24 21:32:17.530  1591  1868 E QMI_FW  : qmi_cci_get_ref: ref count increased 2
01-24 21:32:17.606  1573  1850 D [gf_sec_ion]: [gf_sec_ion_free] enter
01-24 21:32:17.606  1573  1850 D [gf_sec_ion]: [gf_sec_ion_free] gf_sec_ion_free ion_local_flag is not true
01-24 21:32:17.606  1573  1850 D [gf_sec_ion]: [gf_sec_ion_free] exit
01-24 21:32:17.606  1573  1850 D [gf_ca_entry]: [gf_ta_send_modified_cmd_req] exit
01-24 21:32:17.606  1573  1850 D [gf_ca_entry]: [gf_ca_invoke_command] gx_ta_send_modified_cmd_req success
01-24 21:32:17.606  1573  1850 D [gf_ca_entry]: [gf_ca_invoke_command] ta execution succeed
01-24 21:32:17.606  1573  1850 D [gf_ca_entry]: [gf_ca_invoke_command] exit
01-24 21:32:17.606  1573  1850 I [GF_HAL][gf_hal_milan]: [irq_pre_process] irq_type=[GF_IRQ_FINGER_DOWN_MASK], irq_type=0x0002
01-24 21:32:17.606  1573  1850 I [GF_HAL][gf_hal_common]: [gf_hal_nav_listener] nav=GF_NAV_RIGHT, nav_code=6
01-24 21:32:17.625  1591  1868 E QMI_FW  : qmi_cci_get_ref: ref count increased 2
01-24 21:32:17.912  1591  1868 E QMI_FW  : qmi_cci_get_ref: ref count increased 2
01-24 21:32:18.243  3438  3438 D BoundBrokerSvc: onUnbind: Intent { act=com.google.android.gms.scheduler.ACTION_PROXY_SCHEDULE cmp=com.google.android.gms/.chimera.PersistentInternalBoundBrokerService }
01-24 21:32:18.453  1178  1178 I QTI PowerHAL: Power setBoost: 0, duration: 0
01-24 21:32:18.555  1178  1178 I QTI PowerHAL: Power setBoost: 0, duration: 0
01-24 21:32:18.574  1178  1178 I QTI PowerHAL: Power setBoost: 0, duration: 1395
01-24 21:32:18.757  1178  1178 I QTI PowerHAL: Power setBoost: 0, duration: 0
01-24 21:32:18.929  1178  1178 I QTI PowerHAL: Power setBoost: 0, duration: 0
01-24 21:32:18.988  5446  5665 I WorkerManager: dispose()
01-24 21:32:19.031  1178  1178 I QTI PowerHAL: Power setBoost: 0, duration: 0
01-24 21:32:19.032  1178  1178 I QTI PowerHAL: Power setBoost: 0, duration: 0
01-24 21:32:19.080  1047  1047 I Zygote  : Process 15690 exited due to signal 9 (Killed)
01-24 21:32:19.089  1047  1047 I Zygote  : Process 14526 exited due to signal 9 (Killed)
01-24 21:32:19.135  1178  1178 I QTI PowerHAL: Power setBoost: 0, duration: 0
01-24 21:32:19.494  1178  1178 I QTI PowerHAL: Power setBoost: 0, duration: 0
01-24 21:32:19.720  3438  4594 I NetworkManagementSocketTagger: tagSocketFd(-1, 536871943, -1) failed with errno-9
01-24 21:32:19.988  1178  1178 I QTI PowerHAL: Power setBoost: 0, duration: 0
01-24 21:32:20.173  1178  1178 I QTI PowerHAL: Power setBoost: 0, duration: 0
01-24 21:32:20.308  3438 10101 E WakeLock: GCM_CONN_ALARM release without a matched acquire!
01-24 21:32:20.710  1534  4061 I ThermalEngine: ACTION: freeze_rule - Setting freeze_rule to 0
01-24 21:32:20.710  1534  4061 I ThermalEngine: Monitor:INACTIVE:FREEZE-CHG:freeze_rule=1:DETECT-STANDBY=1
01-24 21:32:20.710  1534  4060 I ThermalEngine: Thermal-Server: Thermal received msg from  freezing
01-24 21:32:20.711  1534 16982 I Thermal-Lib: Thermal-Lib-Client: Client request sent
01-24 21:32:20.717  1534  4061 I ThermalEngine: Monitor:ACTIVE:MON-MSM-PDBA1:battery=6:BACK_TEMP=40619
01-24 21:32:21.053  1178  1178 I QTI PowerHAL: Power setBoost: 0, duration: 0
01-24 21:32:21.056  1178  1178 I QTI PowerHAL: Power setBoost: 0, duration: 0
01-24 21:32:21.162 16576 16598 D OpenGLRenderer: endAllActiveAnimators on 0xb4000074c2f833a0 (RippleDrawable) with handle 0xb4000073e2e72030
01-24 21:32:21.184  1178  1178 I QTI PowerHAL: Power setBoost: 0, duration: 0
01-24 21:32:21.188  1178  1178 I QTI PowerHAL: Power setBoost: 0, duration: 0
01-24 21:32:21.217  4385  4385 I GoogleInputMethodService: GoogleInputMethodService.onFinishInput():3301 
01-24 21:32:21.218  4385  4385 I GoogleInputMethodService: GoogleInputMethodService.onStartInput():1979 
01-24 21:32:21.218  4385  4385 I DeviceUnlockedTag: DeviceUnlockedTag.notifyDeviceLockStatusChanged():79 Notify device unlocked.
01-24 21:32:21.314 16989 16989 I adbd    : persist.adb.watchdog set to ''
01-24 21:32:21.315 16989 16989 I adbd    : persist.sys.test_harness set to ''
01-24 21:32:21.315 16989 16989 I adbd    : adb watchdog timeout set to 600 seconds
01-24 21:32:21.315 16989 16991 I adbd    : Waiting for persist.adb.tls_server.enable=1
01-24 21:32:21.315 16989 16989 I adbd    : adbd started
01-24 21:32:21.316 16989 16993 I adbd    : opening control endpoint /dev/usb-ffs/adb/ep0
01-24 21:32:21.322 16989 16993 I adbd    : UsbFfsConnection constructed
01-24 21:32:21.323 16989 16995 I adbd    : UsbFfs-monitor thread spawned
01-24 21:32:21.323 16989 16995 I adbd    : USB event: FUNCTIONFS_BIND
01-24 21:32:21.330  1534  4061 I ThermalEngine: Monitor:INACTIVE:MON-MSM-PDBA2:battery=5:BACK_TEMP=40542
01-24 21:32:21.355 16989 16992 I adbd    : adbd_auth: received a new framework connection
01-24 21:32:21.356 16989 16992 I adbd    : adbd_auth: received new framework fd 18 (current = -1)
01-24 21:32:21.535 16393 16412 I android.vendin: oneway function results will be dropped but finished with status UNKNOWN_TRANSACTION and parcel size 0
01-24 21:32:21.542 16522 16522 I Finsky:background: [2] ktw.onDestroy(8): IPC-SERVER: Stopping gRPC host service...
01-24 21:32:21.628  1149  2346 I chatty  : uid=1000(system) 65748_see expire 6 lines
01-24 21:32:21.850  1149 16240 I chatty  : uid=1000(system) sensors@2.0-ser expire 6 lines
01-24 21:32:22.588  1178  1178 I QTI PowerHAL: Power setBoost: 0, duration: 0
01-24 21:32:22.590  1178  1178 I QTI PowerHAL: Power setBoost: 0, duration: 0
01-24 21:32:22.594  3103  3103 D RecentsOrientedState: current RecentsOrientedState: [this=RecentsOrientedState@68cdb45 mOrientationHandler=PortraitPagedViewHandler@5fdb4b4 mDisplayRotation=0 mTouchRotation=0 mRecentsActivityRotation=0 isRecentsActivityRotationAllowed=false mSystemRotation=false mFlags=35]
01-24 21:32:22.594  3103  3103 I chatty  : uid=10284(com.motorola.launcher3) identical 6 lines
01-24 21:32:22.594  3103  3103 D RecentsOrientedState: current RecentsOrientedState: [this=RecentsOrientedState@68cdb45 mOrientationHandler=PortraitPagedViewHandler@5fdb4b4 mDisplayRotation=0 mTouchRotation=0 mRecentsActivityRotation=0 isRecentsActivityRotationAllowed=false mSystemRotation=false mFlags=35]
01-24 21:32:22.595  3103  3103 D RecentsOrientedState: current RecentsOrientedState: [this=RecentsOrientedState@9880c18 mOrientationHandler=PortraitPagedViewHandler@5fdb4b4 mDisplayRotation=0 mTouchRotation=0 mRecentsActivityRotation=0 isRecentsActivityRotationAllowed=false mSystemRotation=false mFlags=35]
01-24 21:32:22.596  3103  3103 D RecentsOrientedState: current RecentsOrientedState: [this=RecentsOrientedState@9880c18 mOrientationHandler=PortraitPagedViewHandler@5fdb4b4 mDisplayRotation=0 mTouchRotation=0 mRecentsActivityRotation=0 isRecentsActivityRotationAllowed=false mSystemRotation=false mFlags=35]
01-24 21:32:22.598  1178  1178 I QTI PowerHAL: Power setMode: 5 to: 1
01-24 21:32:22.613  3103  3103 D RecentsOrientedState: current RecentsOrientedState: [this=RecentsOrientedState@9880c18 mOrientationHandler=PortraitPagedViewHandler@5fdb4b4 mDisplayRotation=0 mTouchRotation=0 mRecentsActivityRotation=0 isRecentsActivityRotationAllowed=false mSystemRotation=false mFlags=35]
01-24 21:32:22.613  3103  3103 D RecentsOrientedState: current RecentsOrientedState: [this=RecentsOrientedState@9880c18 mOrientationHandler=PortraitPagedViewHandler@5fdb4b4 mDisplayRotation=0 mTouchRotation=0 mRecentsActivityRotation=0 isRecentsActivityRotationAllowed=false mSystemRotation=false mFlags=35]
01-24 21:32:22.615  5081 13683 W DynamicVolume-DynamicVolumeService: onForegroundActivitiesChanged, record latest volume: a[packageName=com.motorola.launcher3, packageUid=10284, time=Mon Jan 24 21:32:22 GMT-03:00 2022, startVolume=2, deviceType=2]
01-24 21:32:22.615  3103  3103 D RecentsOrientedState: current RecentsOrientedState: [this=RecentsOrientedState@68cdb45 mOrientationHandler=PortraitPagedViewHandler@5fdb4b4 mDisplayRotation=0 mTouchRotation=0 mRecentsActivityRotation=0 isRecentsActivityRotationAllowed=false mSystemRotation=false mFlags=35]
01-24 21:32:22.616  3103  3103 D RecentsOrientedState: current RecentsOrientedState: [this=RecentsOrientedState@68cdb45 mOrientationHandler=PortraitPagedViewHandler@5fdb4b4 mDisplayRotation=0 mTouchRotation=0 mRecentsActivityRotation=0 isRecentsActivityRotationAllowed=false mSystemRotation=false mFlags=35]
01-24 21:32:22.616  3103  3103 D RecentsOrientedState: current RecentsOrientedState: [this=RecentsOrientedState@9880c18 mOrientationHandler=PortraitPagedViewHandler@5fdb4b4 mDisplayRotation=0 mTouchRotation=0 mRecentsActivityRotation=0 isRecentsActivityRotationAllowed=false mSystemRotation=false mFlags=35]
01-24 21:32:22.616  3103  3103 D RecentsOrientedState: current RecentsOrientedState: [this=RecentsOrientedState@9880c18 mOrientationHandler=PortraitPagedViewHandler@5fdb4b4 mDisplayRotation=0 mTouchRotation=0 mRecentsActivityRotation=0 isRecentsActivityRotationAllowed=false mSystemRotation=false mFlags=35]
01-24 21:32:22.623  2580  2580 V ShadeControllerImpl: NotificationShadeWindow: com.android.systemui.statusbar.phone.NotificationShadeWindowView{fdab495 I.E...... ......ID 0,0-1080,2400} canPanelBeCollapsed(): false
01-24 21:32:22.668  3103  4750 D CustomAppIcons: Get custom app icon: android.app.Application@75911eb | com.android.settings | com.android.settings.settings
01-24 21:32:22.668  3103  4750 D CustomAppIcons: Icon from CustomAppIcons: com.android.settings | com.android.settings.settings | null
01-24 21:32:22.676  3103  4750 E CustomAppIcons: Load icon from drawable: com.android.launcher3.icons.ComponentDrawableLegacy@4647697
01-24 21:32:22.676  3103  4750 D CustomAppIcons: Get custom app icon: android.app.Application@75911eb | com.android.settings | com.android.settings.settings
01-24 21:32:22.676  3103  4750 D CustomAppIcons: Icon from CustomAppIcons: com.android.settings | com.android.settings.settings | null
01-24 21:32:22.682  1178  1178 I QTI PowerHAL: Power setBoost: 0, duration: 1032
01-24 21:32:22.683  2580  2580 D NavigationModeController: getCurrentUserContext: contextUser=0 currentUser=0
01-24 21:32:22.684  3103  3193 D CustomAppIcons: Get custom app icon: android.app.Application@75911eb | com.android.settings | com.android.settings.settings
01-24 21:32:22.684  3103  3193 D CustomAppIcons: Icon from CustomAppIcons: com.android.settings | com.android.settings.settings | null
01-24 21:32:23.284  3103  3103 D RecentsOrientedState: current RecentsOrientedState: [this=RecentsOrientedState@9880c18 mOrientationHandler=PortraitPagedViewHandler@5fdb4b4 mDisplayRotation=0 mTouchRotation=0 mRecentsActivityRotation=0 isRecentsActivityRotationAllowed=false mSystemRotation=false mFlags=291]
01-24 21:32:23.285  3103  3103 D RecentsOrientedState: current RecentsOrientedState: [this=RecentsOrientedState@9880c18 mOrientationHandler=PortraitPagedViewHandler@5fdb4b4 mDisplayRotation=0 mTouchRotation=0 mRecentsActivityRotation=0 isRecentsActivityRotationAllowed=false mSystemRotation=false mFlags=291]
01-24 21:32:23.293  1178  1178 I QTI PowerHAL: Power setMode: 5 to: 0
01-24 21:32:23.310  5081 13683 W DynamicVolume-DynamicVolumeService: onForegroundActivitiesChanged, record latest volume: a[packageName=com.motorola.launcher3, packageUid=10284, time=Mon Jan 24 21:32:23 GMT-03:00 2022, startVolume=2, deviceType=2]
01-24 21:32:23.316  3103  3103 D RecentsOrientedState: current RecentsOrientedState: [this=RecentsOrientedState@9880c18 mOrientationHandler=PortraitPagedViewHandler@5fdb4b4 mDisplayRotation=0 mTouchRotation=0 mRecentsActivityRotation=0 isRecentsActivityRotationAllowed=false mSystemRotation=false mFlags=291]
01-24 21:32:23.317  3103  3103 D RecentsOrientedState: current RecentsOrientedState: [this=RecentsOrientedState@9880c18 mOrientationHandler=PortraitPagedViewHandler@5fdb4b4 mDisplayRotation=0 mTouchRotation=0 mRecentsActivityRotation=0 isRecentsActivityRotationAllowed=false mSystemRotation=false mFlags=291]
01-24 21:32:23.325  4112  4112 D GameMode: isScreenUnlocked: true
01-24 21:32:23.326  4112  4112 D GameMode: exiting game mode
01-24 21:32:23.335  4559  4559 I GsaVoiceInteractionSrv: Handling ACTION_START_HOTWORD
01-24 21:32:23.336  4559  5380 I GsaVoiceInteractionSrv: disregardVoiceMatch: false
01-24 21:32:23.336  4559  5380 I GsaVoiceInteractionSrv: Cannot start hotword, hotword has been explicitly disabled.
01-24 21:32:23.337  4112  4112 D GameMode: reset : false
01-24 21:32:23.337  4112  4112 D GameMode: reset: 
01-24 21:32:23.338  4112  4112 D GameMode: isFeatureSupported: true
01-24 21:32:23.340  4112 10036 D MFL     : getFreeFormPackages: adding all apps
01-24 21:32:23.342  4385  4385 I GoogleInputMethodService: GoogleInputMethodService.onFinishInput():3301 
01-24 21:32:23.344  4112 10036 D MFL     : getDensityIndependentPixel: smallest width = 432
01-24 21:32:23.344  4112  4814 D MFL     : getFreeFormPackages: adding all apps
01-24 21:32:23.344  4112 10036 D MFL     : getLaunchRect: margin = 0
01-24 21:32:23.344  4112 10036 V MotoExtendManager: setGameModeState isActive = false, gameModeOptions = Bundle[{game_mode_force_freeform_packages=[com.twitter.android, com.whatsapp, com.facebook.katana, com.google.android.talk, jp.naver.line.android, com.discord, org.telegram.messenger, com.facebook.orca], touch_enhance_enable=0, display_enhance_enable=0, performance_enhance_enable=0, force_refresh_rate=0.0, game_mode_freeform_launchbounds=Rect(50, 130 - 734, 1210), game_package_name=, display=0, game_mode_display=0}], TOKEN = android.os.Binder@4e9cf2 by (com.motorola.gamemode)
01-24 21:32:23.345  4385  4385 I GoogleInputMethodService: GoogleInputMethodService.onStartInput():1979 
01-24 21:32:23.345  4112  4814 D MFL     : getDensityIndependentPixel: smallest width = 432
01-24 21:32:23.345  4112  4814 D MFL     : getLaunchRect: margin = 0
01-24 21:32:23.345  4385  4385 I DeviceUnlockedTag: DeviceUnlockedTag.notifyDeviceLockStatusChanged():79 Notify device unlocked.
01-24 21:32:23.345  4112  4814 V MotoExtendManager: setGameModeState isActive = false, gameModeOptions = Bundle[{game_mode_force_freeform_packages=[com.twitter.android, com.whatsapp, com.facebook.katana, com.google.android.talk, jp.naver.line.android, com.discord, org.telegram.messenger, com.facebook.orca], touch_enhance_enable=0, display_enhance_enable=0, performance_enhance_enable=0, force_refresh_rate=0.0, game_mode_freeform_launchbounds=Rect(50, 130 - 734, 1210), game_package_name=, display=0, game_mode_display=0}], TOKEN = android.os.Binder@4e9cf2 by (com.motorola.gamemode)
01-24 21:32:23.352  1185  1185 I motorola.hardware.display.touch@1.1-service: Setting report rate to 0
01-24 21:32:23.353  1185  1185 I motorola.hardware.display.touch@1.1-service: Setting report rate to 0
01-24 21:32:23.643  1591  1868 E QMI_FW  : qmi_cci_get_ref: ref count increased 2
01-24 21:32:23.807  4969 32434 D AssistReceiver: call: lightWakeup | null | null
01-24 21:32:25.267  1591  1868 E QMI_FW  : qmi_cci_get_ref: ref count increased 2
01-24 21:32:25.407  1591  1868 E QMI_FW  : qmi_cci_get_ref: ref count increased 2
01-24 21:32:25.427  4969  5113 D CmdCenter: - RowBase2: sPrevModStatus: 1, modStatus: 1
01-24 21:32:25.427  4969  5113 D CmdCenter: - RowBase2: sPrevPlugType: 1 plugType: 0
01-24 21:32:25.441  1178  1178 I QTI PowerHAL: Power setBoost: 0, duration: 0
01-24 21:32:25.442  4559  4559 I GsaVoiceInteractionSrv: O received Intent { act=android.intent.action.ACTION_POWER_CONNECTED flg=0x4000010 (has extras) }
01-24 21:32:25.442  4559  4559 I AmbBrdcstRcvrServClient: handleRefreshAction(): not handling android.intent.action.ACTION_POWER_CONNECTED
01-24 21:32:25.443  4559  5351 I BrdcstRcvrMsgr: sendMessage(): received broadcast id:22 with action:android.intent.action.ACTION_POWER_CONNECTED
01-24 21:32:25.445  1231  1231 D vendor.qti.vibrator: QTI Vibrator off
01-24 21:32:25.450  4578  4578 D NfcService: checkQiState() - false
01-24 21:32:25.452  1231  1231 D vendor.qti.vibrator: Vibrator on for timeoutMs: 640
01-24 21:32:25.453  5446  5446 I A       : Creating pss binder().
01-24 21:32:25.458  5446 22017 I A       : Calling beginBinderSession().
01-24 21:32:25.458  1591  1829 E QMI_FW  : qmi_cci_get_ref: ref count increased 2
01-24 21:32:25.459  4559  5386 I BrdcstRcvrMsgr: disconnect()
01-24 21:32:25.459  4559  5386 E BrdcstRcvrMsgr: SvcConn: binder null, could not send broadcast of action
01-24 21:32:25.459  3438  3438 D BoundBrokerSvc: onRebind: Intent { act=com.google.android.gms.clearcut.bootcount.service.START cmp=com.google.android.gms/.chimera.PersistentBoundBrokerService }
01-24 21:32:25.460  1591  1829 E QMI_FW  : qmi_cci_get_ref: ref count increased 2
01-24 21:32:25.472  1591  1868 E QMI_FW  : qmi_cci_get_ref: ref count increased 2
01-24 21:32:25.473   882   882 W Binder:882_1: type=1400 audit(0.0:37489): avc: denied { read } for name="wakeup36" dev="sysfs" ino=78165 scontext=u:r:system_suspend:s0 tcontext=u:object_r:sysfs:s0 tclass=dir permissive=0
01-24 21:32:25.474  4969  5113 D CmdCenter: - RowBase2: sPrevModStatus: 1, modStatus: 1
01-24 21:32:25.474  4969  5113 D CmdCenter: - RowBase2: sPrevPlugType: 0 plugType: 2
01-24 21:32:25.474  2032  2032 I chatty  : uid=1000 system_server expire 9 lines
01-24 21:32:25.475  2556  3320 I chatty  : uid=1002(bluetooth) BluetoothAvrcpH expire 40 lines
01-24 21:32:25.477  2935  2935 D DeviceStatisticsService: chargerType=0 batteryLevel=87 totalBatteryCapacity=4035900
01-24 21:32:25.477  2935  2935 D DeviceInfoHidlClient: isRadioOn()=true
01-24 21:32:25.477   882   888 E android.system.suspend@1.0-service: Error opening kernel wakelock stats for: wakeup36: Permission denied
01-24 21:32:25.477  2935  2935 I DeviceInfoHidlClient: isPowerInfoNeverSent=false batteryLevel=87 batteryLevelIndex=3 chargingMode=0 totalCapacity=4035900 powerSaveMode=false
01-24 21:32:25.478  1591  1829 E QMI_FW  : qmi_cci_get_ref: ref count increased 2
01-24 21:32:25.481   882   882 W Binder:882_1: type=1400 audit(0.0:37490): avc: denied { read } for name="wakeup133" dev="sysfs" ino=114300 scontext=u:r:system_suspend:s0 tcontext=u:object_r:sysfs:s0 tclass=dir permissive=0
01-24 21:32:25.484   882   888 E android.system.suspend@1.0-service: Error opening kernel wakelock stats for: wakeup133: Permission denied
01-24 21:32:25.488   819   819 I hwservicemanager: getTransport: Cannot find entry android.hardware.power.stats@1.0::IPowerStats/default in either framework or device manifest.
01-24 21:32:25.488   819   819 I hwservicemanager: getTransport: Cannot find entry android.hardware.power@1.0::IPower/default in either framework or device manifest.
01-24 21:32:25.488  2032  2215 I chatty  : uid=1000(system) batterystats-wo expire 1 line
01-24 21:32:25.500  2032  2032 I chatty  : uid=1000 system_server expire 3 lines
01-24 21:32:25.507  5446  5446 I A       : hasHotwordEverywhere-true
01-24 21:32:25.507  1152  3284 I chatty  : uid=1002 bluetooth@1.0-s expire 4 lines
01-24 21:32:25.511  1182  2503 I android.hardware.usb@1.2-service-qti: uevent received add@/devices/platform/soc/soc:qcom,pmic_glink/soc:qcom,pmic_glink:qcom,ucsi/typec/port0/port0-partner
01-24 21:32:25.511  1182  2503 I android.hardware.usb@1.2-service-qti: partner added
01-24 21:32:25.512  1182  2503 I android.hardware.usb@1.2-service-qti: uevent recieved for same device default
01-24 21:32:25.512  1182  2503 I android.hardware.usb@1.2-service-qti: port0
01-24 21:32:25.513  1182  2503 I android.hardware.usb@1.2-service-qti: connected:1 canChangeMode:1 canChagedata:0 canChangePower:0
01-24 21:32:25.513  5446  5665 I MicroDetectionState: Should stop hotword detection immediately - true
01-24 21:32:25.522  4969  5113 D CmdCenter: - RowBase2: sPrevModStatus: 1, modStatus: 1
01-24 21:32:25.522  4969  5113 D CmdCenter: - RowBase2: sPrevPlugType: 2 plugType: 2
01-24 21:32:25.527  2935  2935 D DeviceStatisticsService: chargerType=2 batteryLevel=87 totalBatteryCapacity=4035900
01-24 21:32:25.527  2935  2935 D DeviceInfoHidlClient: isRadioOn()=true
01-24 21:32:25.527  2935  2935 I DeviceInfoHidlClient: isPowerInfoNeverSent=false batteryLevel=87 batteryLevelIndex=3 chargingMode=2 totalCapacity=4035900 powerSaveMode=false
01-24 21:32:25.527  1591  1829 E QMI_FW  : qmi_cci_get_ref: ref count increased 2
01-24 21:32:25.532  4559  4559 I GsaVoiceInteractionSrv: O received Intent { act=android.intent.action.ACTION_POWER_DISCONNECTED flg=0x4000010 (has extras) }
01-24 21:32:25.532  4559  4559 I AmbBrdcstRcvrServClient: handleRefreshAction(): not handling android.intent.action.ACTION_POWER_DISCONNECTED
01-24 21:32:25.532  4559  5390 I BrdcstRcvrMsgr: sendMessage(): received broadcast id:23 with action:android.intent.action.ACTION_POWER_DISCONNECTED
01-24 21:32:25.533  1591  1829 E QMI_FW  : qmi_cci_get_ref: ref count increased 2
