01-24 21:32:29.296 16393 17177 I Finsky  : [8505] pwl.r(4): SCH: jobFinished: 29-29. TimeElapsed: 2ms.
01-24 21:32:29.321 16393 16473 I Finsky  : [8438] pwj.accept(68): SCH: Scheduling phonesky job Id: 26-1414141414, CT: 1643062365229, Constraints: [{ L: 43199999, D: 44099999, C: 1, I: 1, N: 0 }]
01-24 21:32:29.338 16393 16458 I Finsky  : [8434] pqa.apply(12): SCH: Scheduling 1 system job(s)
01-24 21:32:29.339 16393 16458 I Finsky  : [8434] pqa.apply(18): SCH: Scheduling system job Id: 9851, L: 34815890, D: 35715890, C: false, I: false, N: 0
01-24 21:32:29.355 16393 16515 I Finsky  : [8466] pxx.a(16): SCH: job service finished with id 9847.
01-24 21:32:29.378  1591  1868 E QMI_FW  : qmi_cci_get_ref: ref count increased 2
01-24 21:32:29.664  1591  1868 E QMI_FW  : qmi_cci_get_ref: ref count increased 2
01-24 21:32:30.505  1516 29110 D AudioTrack: setVolume: RelativeVolumeFeature, mRelativePercentage:1.000000, left:0.000000, right:0.000000
01-24 21:32:30.527  1516 29110 D NuPlayerDriver: reset(0xec342770) at state 6
01-24 21:32:30.530  1516 17023 I MediaCodec: (0xec104bd0) flush
01-24 21:32:30.531  1516 17023 I MediaCodec: (0xec104bd0) release
01-24 21:32:30.533  1516 17024 I hw-BpHwBinder: onLastStrongRef automatically unlinking death recipients
01-24 21:32:30.533  2032  7575 I system_server: oneway function results will be dropped but finished with status OK and parcel size 4
01-24 21:32:30.534  2032  4691 I system_server: oneway function results will be dropped but finished with status OK and parcel size 4
01-24 21:32:30.542  1516 17019 D NuPlayerDriver: notifyResetComplete(0xec342770)
01-24 21:32:30.543  1516 29110 D NuPlayerDriver: reset(0xec342770) at state 0
01-24 21:32:30.543  1516 29110 W AMessage: failed to post message as target looper for handler 0 is gone.
01-24 21:32:30.544  2580  2603 V MediaPlayer: resetDrmState:  mDrmInfo=null mDrmProvisioningThread=null mPrepareDrmInProgress=false mActiveDrmScheme=false
01-24 21:32:30.544  2580  2603 V MediaPlayer: cleanDrmObj: mDrmObj=null mDrmSessionId=null
01-24 21:32:30.544  2580  2603 V MediaPlayer: resetDrmState:  mDrmInfo=null mDrmProvisioningThread=null mPrepareDrmInProgress=false mActiveDrmScheme=false
01-24 21:32:30.544  2580  2603 V MediaPlayer: cleanDrmObj: mDrmObj=null mDrmSessionId=null
01-24 21:32:30.546  2556  3320 D Avrcp_ext: AudioManager Player: AudioPlaybackConfiguration piid:23 type:android.media.SoundPool u/pid:10300/2580 state:idle attr:AudioAttributes: usage=USAGE_ASSISTANCE_SONIFICATION content=CONTENT_TYPE_SONIFICATION flags=0x800 tags= bundle=null
01-24 21:32:30.546  2556  3320 D Avrcp_ext: AudioManager Player: AudioPlaybackConfiguration piid:55 type:android.media.SoundPool u/pid:10219/4112 state:idle attr:AudioAttributes: usage=USAGE_ASSISTANCE_SONIFICATION content=CONTENT_TYPE_SONIFICATION flags=0x801 tags= bundle=null
01-24 21:32:30.546  2556  3320 D Avrcp_ext: AudioManager Player: AudioPlaybackConfiguration piid:3783 type:android.media.MediaPlayer u/pid:10300/2580 state:stopped attr:AudioAttributes: usage=USAGE_VOICE_COMMUNICATION content=CONTENT_TYPE_SONIFICATION flags=0x800 tags= bundle=null
01-24 21:32:30.546  2556  3320 D Avrcp_ext: AudioManager Player: AudioPlaybackConfiguration piid:15 type:android.media.SoundPool u/pid:1000/2032 state:idle attr:AudioAttributes: usage=USAGE_ASSISTANCE_SONIFICATION content=CONTENT_TYPE_SONIFICATION flags=0x800 tags= bundle=null
01-24 21:32:30.546  2556  3320 D Avrcp_ext: AudioManager Player: AudioPlaybackConfiguration piid:63 type:android.media.SoundPool u/pid:1027/4578 state:idle attr:AudioAttributes: usage=USAGE_ASSISTANCE_SONIFICATION content=CONTENT_TYPE_SONIFICATION flags=0x800 tags= bundle=null
01-24 21:32:30.546  2556  3320 D Avrcp_ext: AudioManager Player: AudioPlaybackConfiguration piid:4687 type:android.media.MediaPlayer u/pid:10300/2580 state:stopped attr:AudioAttributes: usage=USAGE_ASSISTANCE_SONIFICATION content=CONTENT_TYPE_SONIFICATION flags=0x800 tags= bundle=null
01-24 21:32:30.546  2556  3320 D Avrcp_ext: AudioManager isPlaying: false
01-24 21:32:30.612  1546  2166 D BufferPoolAccessor2.0: evictor expired: 2, evicted: 0
01-24 21:32:31.308  1516 29110 D AudioTrack: setVolume: RelativeVolumeFeature, mRelativePercentage:1.000000, left:0.000000, right:0.000000
01-24 21:32:31.329  1516 29110 D NuPlayerDriver: reset(0xec3424f0) at state 6
01-24 21:32:31.332  1516 17040 I MediaCodec: (0xec109790) flush
01-24 21:32:31.332  1514  2340 D AudioAnalytics: gc(1700, 2000): log size:1700 item map size:138, item map items:1700
01-24 21:32:31.333  1516 17040 I MediaCodec: (0xec109790) release
01-24 21:32:31.334  1516 17041 I hw-BpHwBinder: onLastStrongRef automatically unlinking death recipients
01-24 21:32:31.338  1516 17036 D NuPlayerDriver: notifyResetComplete(0xec3424f0)
01-24 21:32:31.339  1516 29110 D NuPlayerDriver: reset(0xec3424f0) at state 0
01-24 21:32:31.339  1516 29110 W AMessage: failed to post message as target looper for handler 0 is gone.
01-24 21:32:31.339  2580  2603 V MediaPlayer: resetDrmState:  mDrmInfo=null mDrmProvisioningThread=null mPrepareDrmInProgress=false mActiveDrmScheme=false
01-24 21:32:31.339  2580  2603 V MediaPlayer: cleanDrmObj: mDrmObj=null mDrmSessionId=null
01-24 21:32:31.340  2580  2603 V MediaPlayer: resetDrmState:  mDrmInfo=null mDrmProvisioningThread=null mPrepareDrmInProgress=false mActiveDrmScheme=false
01-24 21:32:31.340  2580  2603 V MediaPlayer: cleanDrmObj: mDrmObj=null mDrmSessionId=null
01-24 21:32:31.341  2556  3320 D Avrcp_ext: AudioManager Player: AudioPlaybackConfiguration piid:23 type:android.media.SoundPool u/pid:10300/2580 state:idle attr:AudioAttributes: usage=USAGE_ASSISTANCE_SONIFICATION content=CONTENT_TYPE_SONIFICATION flags=0x800 tags= bundle=null
01-24 21:32:31.341  2556  3320 D Avrcp_ext: AudioManager Player: AudioPlaybackConfiguration piid:55 type:android.media.SoundPool u/pid:10219/4112 state:idle attr:AudioAttributes: usage=USAGE_ASSISTANCE_SONIFICATION content=CONTENT_TYPE_SONIFICATION flags=0x801 tags= bundle=null
01-24 21:32:31.341  2556  3320 D Avrcp_ext: AudioManager Player: AudioPlaybackConfiguration piid:3783 type:android.media.MediaPlayer u/pid:10300/2580 state:stopped attr:AudioAttributes: usage=USAGE_VOICE_COMMUNICATION content=CONTENT_TYPE_SONIFICATION flags=0x800 tags= bundle=null
01-24 21:32:31.341  2556  3320 D Avrcp_ext: AudioManager Player: AudioPlaybackConfiguration piid:15 type:android.media.SoundPool u/pid:1000/2032 state:idle attr:AudioAttributes: usage=USAGE_ASSISTANCE_SONIFICATION content=CONTENT_TYPE_SONIFICATION flags=0x800 tags= bundle=null
01-24 21:32:31.341  2556  3320 D Avrcp_ext: AudioManager Player: AudioPlaybackConfiguration piid:63 type:android.media.SoundPool u/pid:1027/4578 state:idle attr:AudioAttributes: usage=USAGE_ASSISTANCE_SONIFICATION content=CONTENT_TYPE_SONIFICATION flags=0x800 tags= bundle=null
01-24 21:32:31.341  2556  3320 D Avrcp_ext: AudioManager isPlaying: false
01-24 21:32:31.611  1516  2433 D BufferPoolAccessor2.0: evictor expired: 2, evicted: 0
01-24 21:32:32.460  2580  2580 W TouchableRegionManager: onHeadsUpPinnedModeChanged
01-24 21:32:33.013  2580  2580 D StatusBar: disable<e i a s b h r c s > disable2<q i n >
01-24 21:32:33.352  1047  1047 I Zygote  : Process 15785 exited due to signal 9 (Killed)
01-24 21:32:33.367  1047  1047 I Zygote  : Process 15818 exited due to signal 9 (Killed)
01-24 21:32:33.371  1047  1047 I Zygote  : Process 12874 exited due to signal 9 (Killed)
01-24 21:32:33.375  2032  2211 I libprocessgroup: Successfully killed process cgroup uid 10410 pid 12874 in 64ms
01-24 21:32:33.375  2032  2211 I libprocessgroup: Successfully killed process cgroup uid 10290 pid 15785 in 0ms
01-24 21:32:33.376  2032  2211 I libprocessgroup: Successfully killed process cgroup uid 10245 pid 15818 in 0ms
01-24 21:32:33.535  2032  8148 I system_server: oneway function results will be dropped but finished with status OK and parcel size 4
01-24 21:32:33.612  1516  2433 D BufferPoolAccessor2.0: bufferpool2 0xe9281e88 : 0(0 size) total buffers - 0(0 size) used buffers - 254/262 (recycle/alloc) - 8/520 (fetch/transfer)
01-24 21:32:33.612  1516  2433 D BufferPoolAccessor2.0: evictor expired: 1, evicted: 1
01-24 21:32:33.612  1546  2166 D BufferPoolAccessor2.0: bufferpool2 0xb4000075976193a8 : 0(0 size) total buffers - 0(0 size) used buffers - 254/258 (recycle/alloc) - 4/257 (fetch/transfer)
01-24 21:32:33.613  1546  2166 D BufferPoolAccessor2.0: evictor expired: 1, evicted: 1
01-24 21:32:33.671 17062 17094 I GH.PrimesMgr: transmitting to prod
01-24 21:32:33.689 17062 17062 V ClearcutMetricXmitter: Transmission is done.
01-24 21:32:33.690 17062 17062 V ClearcutMetricXmitter: Transmission is done.
01-24 21:32:33.895 17110 17137 I GH.PrimesMgr: transmitting to prod
01-24 21:32:33.910 17110 17110 V ClearcutMetricXmitter: Transmission is done.
01-24 21:32:33.910 17110 17110 I chatty  : uid=10216 com.google.android.projection.gearhead:car identical 1 line
01-24 21:32:33.911 17110 17110 V ClearcutMetricXmitter: Transmission is done.
01-24 21:32:35.614  1546  2166 D BufferPoolAccessor2.0: bufferpool2 0xb40000759761edd8 : 0(0 size) total buffers - 0(0 size) used buffers - 63/70 (recycle/alloc) - 7/69 (fetch/transfer)
01-24 21:32:35.614  1516  2433 D BufferPoolAccessor2.0: bufferpool2 0xe92805c8 : 0(0 size) total buffers - 0(0 size) used buffers - 62/74 (recycle/alloc) - 16/144 (fetch/transfer)
01-24 21:32:35.615  1546  2166 D BufferPoolAccessor2.0: evictor expired: 1, evicted: 1
01-24 21:32:35.615  1516  2433 D BufferPoolAccessor2.0: evictor expired: 1, evicted: 1
01-24 21:32:35.853  1534  4061 I ThermalEngine: Monitor:ACTIVE:MON-MSM-CPU47G:cpu4=1900800:GAME_SKIN=39901
01-24 21:32:35.853  1534  4061 I ThermalEngine: ACTION: CPU - Setting CPU[4] to 3
01-24 21:32:35.853  1534  4061 I ThermalEngine: Monitor:ACTIVE:MON-MSM-CPU47G:cpu7=2035200:GAME_SKIN=39901
01-24 21:32:35.853  1534  4061 I ThermalEngine: ACTION: CPU - Setting CPU[7] to 3
01-24 21:32:36.616  1516  2433 D BufferPoolAccessor2.0: bufferpool2 0xe92831a8 : 0(0 size) total buffers - 0(0 size) used buffers - 63/75 (recycle/alloc) - 13/144 (fetch/transfer)
01-24 21:32:36.617  1546  2166 D BufferPoolAccessor2.0: bufferpool2 0xb400007597613bc8 : 0(0 size) total buffers - 0(0 size) used buffers - 66/70 (recycle/alloc) - 4/69 (fetch/transfer)
01-24 21:32:36.617  1546  2166 D BufferPoolAccessor2.0: evictor expired: 1, evicted: 1
01-24 21:32:36.617  1516  2433 D BufferPoolAccessor2.0: evictor expired: 1, evicted: 1
01-24 21:32:36.931  4090  4102 W gle.android.gm: Suspending all threads took: 18.866ms
01-24 21:32:37.028  1591  1868 E QMI_FW  : qmi_cci_get_ref: ref count increased 2
01-24 21:32:40.565  1591  1868 I chatty  : uid=1001(radio) rild identical 2 lines
01-24 21:32:40.947  1591  1868 E QMI_FW  : qmi_cci_get_ref: ref count increased 2
01-24 21:32:41.271  3438  3438 D BoundBrokerSvc: onUnbind: Intent { act=com.google.android.gms.clearcut.bootcount.service.START cmp=com.google.android.gms/.chimera.PersistentBoundBrokerService }
01-24 21:32:41.334  1047  1047 I Zygote  : Process 16123 exited due to signal 9 (Killed)
01-24 21:32:41.347  2032  2211 I libprocessgroup: Successfully killed process cgroup uid 10227 pid 16123 in 81ms
01-24 21:32:41.863  1149  2346 I chatty  : uid=1000(system) 65748_see expire 3 lines
01-24 21:32:42.696  1178  1178 I QTI PowerHAL: Power setBoost: 0, duration: 0
01-24 21:32:42.698  1178  1178 I QTI PowerHAL: Power setBoost: 0, duration: 0
01-24 21:32:42.790  1178  1178 I QTI PowerHAL: Power setBoost: 0, duration: 957
01-24 21:32:43.964  3438  4594 W ChimeraUtils: Module com.google.android.gms.gcm has empty metadata display_name_string_id
01-24 21:32:43.985  1047  1047 D Zygote  : Forked child process 17221
01-24 21:32:43.997 17221 17221 E com.whatsapp: Not starting debugger since process cannot load the jdwp agent.
01-24 21:32:44.017 17221 17221 I com.whatsapp: The ClassLoaderContext is a special shared library.
01-24 21:32:44.045 17221 17221 D NetworkSecurityConfig: Using Network Security Config from resource network_security_config debugBuild: false
01-24 21:32:44.045 17221 17221 D NetworkSecurityConfig: Using Network Security Config from resource network_security_config debugBuild: false
01-24 21:32:44.048 17221 17221 I MultiDex: Installing application
01-24 21:32:44.048 17221 17221 I MultiDex: VM with version 2.1.0 has multidex support
01-24 21:32:44.048 17221 17221 I MultiDex: VM has multidex support, MultiDex support library is disabled.
01-24 21:32:44.065 17221 17221 W com.whatsapp: Accessing hidden method Lcom/android/org/conscrypt/OpenSSLSocketImpl;->setUseSessionTickets(Z)V (greylist-max-q,test-api, reflection, denied)
01-24 21:32:44.065 17221 17221 W com.whatsapp: Accessing hidden method Lcom/android/org/conscrypt/AbstractConscryptSocket;->setUseSessionTickets(Z)V (greylist-max-q, reflection, denied)
01-24 21:32:44.067 17221 17221 D SoLoader: init start
01-24 21:32:44.067 17221 17221 D SoLoader: adding system library source: /vendor/lib64
01-24 21:32:44.067 17221 17221 D SoLoader: adding system library source: /system/lib64
01-24 21:32:44.067 17221 17221 W SoLoader: context.getApplicationContext returned null, holding reference to original context.
01-24 21:32:44.067 17221 17221 D SoLoader: adding application source: X.06r[root = /data/app/~~BBCqxj65CjDWOj8UNct03A==/com.whatsapp-ws8XtSVDcy6hkboDShlqdw==/lib/arm64 flags = 0]
01-24 21:32:44.068 17221 17221 D SoLoader: adding backup source from : X.06x[root = /data/data/com.whatsapp/lib-main flags = 1]
01-24 21:32:44.068 17221 17221 D SoLoader: Preparing SO source: X.06r[root = /system/lib64 flags = 2]
01-24 21:32:44.068 17221 17221 D SoLoader: Preparing SO source: X.06r[root = /vendor/lib64 flags = 2]
01-24 21:32:44.068 17221 17221 D SoLoader: Preparing SO source: X.06r[root = /data/app/~~BBCqxj65CjDWOj8UNct03A==/com.whatsapp-ws8XtSVDcy6hkboDShlqdw==/lib/arm64 flags = 0]
01-24 21:32:44.068 17221 17221 D SoLoader: Preparing SO source: X.06x[root = /data/data/com.whatsapp/lib-main flags = 1]
01-24 21:32:44.069 17221 17221 W com.whatsapp: type=1400 audit(0.0:37501): avc: granted { execute } for path="/data/data/com.whatsapp/files/decompressed/libs.spk.zst/libc++_shared.so" dev="dm-12" ino=47531 scontext=u:r:untrusted_app:s0:c114,c257,c512,c768 tcontext=u:object_r:app_data_file:s0:c114,c257,c512,c768 tclass=file app=com.whatsapp
01-24 21:32:44.069 17221 17221 V fb-UnpackingSoSource: locked dso store /data/user/0/com.whatsapp/lib-main
01-24 21:32:44.070 17221 17221 I fb-UnpackingSoSource: dso store is up-to-date: /data/user/0/com.whatsapp/lib-main
01-24 21:32:44.070 17221 17221 V fb-UnpackingSoSource: releasing dso store lock for /data/user/0/com.whatsapp/lib-main
01-24 21:32:44.070 17221 17221 D SoLoader: init finish: 4 SO sources prepared
01-24 21:32:44.070 17221 17221 D SoLoader: init exiting
01-24 21:32:44.070 17221 17221 D SoLoader: Prepending to SO sources: X.06r[root = /data/data/com.whatsapp/files/decompressed/libs.spk.zst flags = 1]
01-24 21:32:44.070 17221 17221 D SoLoader: Prepended to SO sources: X.06r[root = /data/data/com.whatsapp/files/decompressed/libs.spk.zst flags = 1]
01-24 21:32:44.070 17221 17221 D SoLoader: About to load: libvlc.so
01-24 21:32:44.070 17221 17221 D SoLoader: libvlc.so found on /data/data/com.whatsapp/files/decompressed/libs.spk.zst
01-24 21:32:44.071 17221 17221 D SoLoader: Loading lib dependencies: [liblog.so, libm.so, libc++_shared.so, libdl.so, libc.so]
01-24 21:32:44.071 17221 17221 D SoLoader: About to load: liblog.so
01-24 21:32:44.072 17221 17221 D SoLoader: liblog.so not found on /data/data/com.whatsapp/files/decompressed/libs.spk.zst
01-24 21:32:44.072 17221 17221 D SoLoader: liblog.so not found on /data/data/com.whatsapp/lib-main
01-24 21:32:44.072 17221 17221 D SoLoader: liblog.so not found on /data/app/~~BBCqxj65CjDWOj8UNct03A==/com.whatsapp-ws8XtSVDcy6hkboDShlqdw==/lib/arm64
01-24 21:32:44.072 17221 17221 D SoLoader: liblog.so not found on /vendor/lib64
01-24 21:32:44.072 17221 17221 D SoLoader: liblog.so found on /system/lib64
01-24 21:32:44.072 17221 17221 D SoLoader: liblog.so loaded implicitly
01-24 21:32:44.072 17221 17221 D SoLoader: Loaded: liblog.so
01-24 21:32:44.072 17221 17221 D SoLoader: About to load: libm.so
01-24 21:32:44.072 17221 17221 D SoLoader: libm.so not found on /data/data/com.whatsapp/files/decompressed/libs.spk.zst
01-24 21:32:44.072 17221 17221 D SoLoader: libm.so not found on /data/data/com.whatsapp/lib-main
01-24 21:32:44.072 17221 17221 D SoLoader: libm.so not found on /data/app/~~BBCqxj65CjDWOj8UNct03A==/com.whatsapp-ws8XtSVDcy6hkboDShlqdw==/lib/arm64
01-24 21:32:44.072 17221 17221 D SoLoader: libm.so not found on /vendor/lib64
01-24 21:32:44.072 17221 17221 D SoLoader: libm.so found on /system/lib64
01-24 21:32:44.072 17221 17221 D SoLoader: libm.so loaded implicitly
01-24 21:32:44.072 17221 17221 D SoLoader: Loaded: libm.so
01-24 21:32:44.072 17221 17221 D SoLoader: About to load: libc++_shared.so
01-24 21:32:44.072 17221 17221 D SoLoader: libc++_shared.so found on /data/data/com.whatsapp/files/decompressed/libs.spk.zst
01-24 21:32:44.073 17221 17221 W com.whatsapp: type=1400 audit(0.0:37502): avc: granted { execute } for path="/data/data/com.whatsapp/files/decompressed/libs.spk.zst/libvlc.so" dev="dm-12" ino=47525 scontext=u:r:untrusted_app:s0:c114,c257,c512,c768 tcontext=u:object_r:app_data_file:s0:c114,c257,c512,c768 tclass=file app=com.whatsapp
01-24 21:32:44.073 17221 17221 D SoLoader: Loading lib dependencies: [libc.so, libdl.so]
01-24 21:32:44.073 17221 17221 D SoLoader: About to load: libc.so
01-24 21:32:44.073 17221 17221 D SoLoader: libc.so not found on /data/data/com.whatsapp/files/decompressed/libs.spk.zst
01-24 21:32:44.073 17221 17221 D SoLoader: libc.so not found on /data/data/com.whatsapp/lib-main
01-24 21:32:44.073 17221 17221 D SoLoader: libc.so not found on /data/app/~~BBCqxj65CjDWOj8UNct03A==/com.whatsapp-ws8XtSVDcy6hkboDShlqdw==/lib/arm64
01-24 21:32:44.073 17221 17221 D SoLoader: libc.so not found on /vendor/lib64
01-24 21:32:44.073 17221 17221 D SoLoader: libc.so found on /system/lib64
01-24 21:32:44.073 17221 17221 D SoLoader: libc.so loaded implicitly
01-24 21:32:44.073 17221 17221 D SoLoader: Loaded: libc.so
01-24 21:32:44.073 17221 17221 D SoLoader: About to load: libdl.so
01-24 21:32:44.073 17221 17221 D SoLoader: libdl.so not found on /data/data/com.whatsapp/files/decompressed/libs.spk.zst
01-24 21:32:44.073 17221 17221 D SoLoader: libdl.so not found on /data/data/com.whatsapp/lib-main
01-24 21:32:44.074 17221 17221 D SoLoader: libdl.so not found on /data/app/~~BBCqxj65CjDWOj8UNct03A==/com.whatsapp-ws8XtSVDcy6hkboDShlqdw==/lib/arm64
01-24 21:32:44.074 17221 17221 D SoLoader: libdl.so not found on /vendor/lib64
01-24 21:32:44.074 17221 17221 D SoLoader: libdl.so found on /system/lib64
01-24 21:32:44.074 17221 17221 D SoLoader: libdl.so loaded implicitly
01-24 21:32:44.074 17221 17221 D SoLoader: Loaded: libdl.so
01-24 21:32:44.077 17221 17221 W com.whatsapp: type=1400 audit(0.0:37503): avc: granted { execute } for path="/data/data/com.whatsapp/files/decompressed/libs.spk.zst/libwhatsapp.so" dev="dm-12" ino=47526 scontext=u:r:untrusted_app:s0:c114,c257,c512,c768 tcontext=u:object_r:app_data_file:s0:c114,c257,c512,c768 tclass=file app=com.whatsapp
01-24 21:32:44.077 17221 17221 D SoLoader: Loaded: libc++_shared.so
01-24 21:32:44.077 17221 17221 D SoLoader: Loaded: libvlc.so
01-24 21:32:44.077 17221 17221 D SoLoader: About to load: libwhatsapp.so
01-24 21:32:44.077 17221 17221 D SoLoader: libwhatsapp.so found on /data/data/com.whatsapp/files/decompressed/libs.spk.zst
01-24 21:32:44.078 17221 17221 D SoLoader: Loading lib dependencies: [libGLESv2.so, libandroid.so, libjnigraphics.so, libvlc.so, libdl.so, libOpenSLES.so, libz.so, liblog.so, libm.so, libc++_shared.so, libc.so]
01-24 21:32:44.078 17221 17221 D SoLoader: About to load: libGLESv2.so
01-24 21:32:44.079 17221 17221 D SoLoader: libGLESv2.so not found on /data/data/com.whatsapp/files/decompressed/libs.spk.zst
01-24 21:32:44.079 17221 17221 D SoLoader: libGLESv2.so not found on /data/data/com.whatsapp/lib-main
01-24 21:32:44.079 17221 17221 D SoLoader: libGLESv2.so not found on /data/app/~~BBCqxj65CjDWOj8UNct03A==/com.whatsapp-ws8XtSVDcy6hkboDShlqdw==/lib/arm64
01-24 21:32:44.079 17221 17221 D SoLoader: libGLESv2.so not found on /vendor/lib64
01-24 21:32:44.079 17221 17221 D SoLoader: libGLESv2.so found on /system/lib64
01-24 21:32:44.079 17221 17221 D SoLoader: libGLESv2.so loaded implicitly
01-24 21:32:44.079 17221 17221 D SoLoader: Loaded: libGLESv2.so
01-24 21:32:44.079 17221 17221 D SoLoader: About to load: libandroid.so
01-24 21:32:44.079 17221 17221 D SoLoader: libandroid.so not found on /data/data/com.whatsapp/files/decompressed/libs.spk.zst
01-24 21:32:44.079 17221 17221 D SoLoader: libandroid.so not found on /data/data/com.whatsapp/lib-main
01-24 21:32:44.079 17221 17221 D SoLoader: libandroid.so not found on /data/app/~~BBCqxj65CjDWOj8UNct03A==/com.whatsapp-ws8XtSVDcy6hkboDShlqdw==/lib/arm64
01-24 21:32:44.079 17221 17221 D SoLoader: libandroid.so not found on /vendor/lib64
01-24 21:32:44.079 17221 17221 D SoLoader: libandroid.so found on /system/lib64
01-24 21:32:44.079 17221 17221 D SoLoader: libandroid.so loaded implicitly
01-24 21:32:44.079 17221 17221 D SoLoader: Loaded: libandroid.so
01-24 21:32:44.079 17221 17221 D SoLoader: About to load: libjnigraphics.so
01-24 21:32:44.079 17221 17221 D SoLoader: libjnigraphics.so not found on /data/data/com.whatsapp/files/decompressed/libs.spk.zst
01-24 21:32:44.079 17221 17221 D SoLoader: libjnigraphics.so not found on /data/data/com.whatsapp/lib-main
01-24 21:32:44.080 17221 17221 D SoLoader: libjnigraphics.so not found on /data/app/~~BBCqxj65CjDWOj8UNct03A==/com.whatsapp-ws8XtSVDcy6hkboDShlqdw==/lib/arm64
01-24 21:32:44.080 17221 17221 D SoLoader: libjnigraphics.so not found on /vendor/lib64
01-24 21:32:44.080 17221 17221 D SoLoader: libjnigraphics.so found on /system/lib64
01-24 21:32:44.080 17221 17221 D SoLoader: libjnigraphics.so loaded implicitly
01-24 21:32:44.080 17221 17221 D SoLoader: Loaded: libjnigraphics.so
01-24 21:32:44.080 17221 17221 D SoLoader: About to load: libOpenSLES.so
01-24 21:32:44.080 17221 17221 D SoLoader: libOpenSLES.so not found on /data/data/com.whatsapp/files/decompressed/libs.spk.zst
01-24 21:32:44.080 17221 17221 D SoLoader: libOpenSLES.so not found on /data/data/com.whatsapp/lib-main
01-24 21:32:44.080 17221 17221 D SoLoader: libOpenSLES.so not found on /data/app/~~BBCqxj65CjDWOj8UNct03A==/com.whatsapp-ws8XtSVDcy6hkboDShlqdw==/lib/arm64
01-24 21:32:44.080 17221 17221 D SoLoader: libOpenSLES.so not found on /vendor/lib64
01-24 21:32:44.080 17221 17221 D SoLoader: libOpenSLES.so found on /system/lib64
01-24 21:32:44.080 17221 17221 D SoLoader: libOpenSLES.so loaded implicitly
01-24 21:32:44.080 17221 17221 D SoLoader: Loaded: libOpenSLES.so
01-24 21:32:44.080 17221 17221 D SoLoader: About to load: libz.so
01-24 21:32:44.080 17221 17221 D SoLoader: libz.so not found on /data/data/com.whatsapp/files/decompressed/libs.spk.zst
01-24 21:32:44.080 17221 17221 D SoLoader: libz.so not found on /data/data/com.whatsapp/lib-main
01-24 21:32:44.080 17221 17221 D SoLoader: libz.so not found on /data/app/~~BBCqxj65CjDWOj8UNct03A==/com.whatsapp-ws8XtSVDcy6hkboDShlqdw==/lib/arm64
01-24 21:32:44.080 17221 17221 D SoLoader: libz.so not found on /vendor/lib64
01-24 21:32:44.080 17221 17221 D SoLoader: libz.so found on /system/lib64
01-24 21:32:44.080 17221 17221 D SoLoader: libz.so loaded implicitly
01-24 21:32:44.080 17221 17221 D SoLoader: Loaded: libz.so
01-24 21:32:44.089 17221 17221 W com.whatsapp: type=1400 audit(0.0:37504): avc: granted { execute } for path="/data/data/com.whatsapp/files/decompressed/libs.spk.zst/libcurve25519.so" dev="dm-12" ino=47528 scontext=u:r:untrusted_app:s0:c114,c257,c512,c768 tcontext=u:object_r:app_data_file:s0:c114,c257,c512,c768 tclass=file app=com.whatsapp
01-24 21:32:44.090 17221 17221 D SigquitBasedANRDetector: Registered
01-24 21:32:44.090 17221 17221 D SoLoader: Loaded: libwhatsapp.so
01-24 21:32:44.090 17221 17221 D SoLoader: About to load: libcurve25519.so
01-24 21:32:44.090 17221 17221 D SoLoader: libcurve25519.so found on /data/data/com.whatsapp/files/decompressed/libs.spk.zst
01-24 21:32:44.091 17221 17221 D SoLoader: Loading lib dependencies: [libm.so, libdl.so, libc.so]
01-24 21:32:44.091 17221 17221 D SoLoader: Loaded: libcurve25519.so
01-24 21:32:44.103 17221 17221 D SigquitBasedANRDetector: Initialized
01-24 21:32:44.107 17221 17221 I SigquitBasedANRDetector: Function _ZN3art13SignalCatcher6OutputERKNSt3__112basic_stringIcNS1_11char_traitsIcEENS1_9allocatorIcEEEE hooked with result=0
01-24 21:32:44.107 17221 17221 D SigquitBasedANRDetector: Detector started
01-24 21:32:44.123 17221 17221 D FirebaseApp: com.google.firebase.auth.FirebaseAuth is not linked. Skipping initialization.
01-24 21:32:44.123 17221 17221 D FirebaseApp: com.google.firebase.crash.FirebaseCrash is not linked. Skipping initialization.
01-24 21:32:44.123 17221 17221 D FirebaseApp: com.google.android.gms.measurement.AppMeasurement is not linked. Skipping initialization.
01-24 21:32:44.123 17221 17221 I FirebaseInitProvider: FirebaseApp initialization successful
01-24 21:32:44.158 17221 17221 I TetheringManager: registerTetheringEventCallback:com.whatsapp
01-24 21:32:44.242  2032  2462 D WifiNetworkFactory: got request NetworkRequest [ TRACK_DEFAULT id=1659, [ Capabilities: INTERNET&NOT_RESTRICTED&TRUSTED Uid: 10370 AdministratorUids: [] RequestorUid: 10370 RequestorPackageName: com.whatsapp] ] with score 60 and providerId 5
01-24 21:32:44.242  2032  2462 D OemPaidWifiNetworkFactory: got request NetworkRequest [ TRACK_DEFAULT id=1659, [ Capabilities: INTERNET&NOT_RESTRICTED&TRUSTED Uid: 10370 AdministratorUids: [] RequestorUid: 10370 RequestorPackageName: com.whatsapp] ] with score 60 and providerId 5
01-24 21:32:44.243  2032  2462 D UntrustedWifiNetworkFactory: got request NetworkRequest [ TRACK_DEFAULT id=1659, [ Capabilities: INTERNET&NOT_RESTRICTED&TRUSTED Uid: 10370 AdministratorUids: [] RequestorUid: 10370 RequestorPackageName: com.whatsapp] ] with score 60 and providerId 5
01-24 21:32:44.243  2964  2964 D PhoneSwitcherNetworkRequstListener: got request NetworkRequest [ TRACK_DEFAULT id=1659, [ Capabilities: INTERNET&NOT_RESTRICTED&TRUSTED Uid: 10370 AdministratorUids: [] RequestorUid: 10370 RequestorPackageName: com.whatsapp] ] with score 60 and providerId 5
01-24 21:32:44.243  2032  2516 D Ethernet: got request NetworkRequest [ TRACK_DEFAULT id=1659, [ Capabilities: INTERNET&NOT_RESTRICTED&TRUSTED Uid: 10370 AdministratorUids: [] RequestorUid: 10370 RequestorPackageName: com.whatsapp] ] with score 60 and providerId 5
01-24 21:32:44.266 17221 17285 D WM-PackageManagerHelper: androidx.work.impl.background.systemjob.SystemJobService enabled
01-24 21:32:44.266 17221 17285 D WM-Schedulers: Created SystemJobScheduler and enabled SystemJobService
01-24 21:32:44.268 17221 17295 D WM-WorkManagerImpl: Unable to initialize multi-process support
01-24 21:32:44.268 17221 17295 D WM-WorkManagerImpl: java.lang.ClassNotFoundException: androidx.work.multiprocess.RemoteWorkManagerClient
01-24 21:32:44.268 17221 17295 D WM-WorkManagerImpl: 	at java.lang.Class.classForName(Native Method)
01-24 21:32:44.268 17221 17295 D WM-WorkManagerImpl: 	at java.lang.Class.forName(Class.java:454)
01-24 21:32:44.268 17221 17295 D WM-WorkManagerImpl: 	at java.lang.Class.forName(Class.java:379)
01-24 21:32:44.268 17221 17295 D WM-WorkManagerImpl: 	at X.2dE.run(:349512)
01-24 21:32:44.268 17221 17295 D WM-WorkManagerImpl: 	at X.2WT.run(:344156)
01-24 21:32:44.268 17221 17295 D WM-WorkManagerImpl: 	at java.util.concurrent.ThreadPoolExecutor.runWorker(ThreadPoolExecutor.java:1167)
01-24 21:32:44.268 17221 17295 D WM-WorkManagerImpl: 	at java.util.concurrent.ThreadPoolExecutor$Worker.run(ThreadPoolExecutor.java:641)
01-24 21:32:44.268 17221 17295 D WM-WorkManagerImpl: 	at java.lang.Thread.run(Thread.java:923)
01-24 21:32:44.268 17221 17295 D WM-WorkManagerImpl: Caused by: java.lang.ClassNotFoundException: androidx.work.multiprocess.RemoteWorkManagerClient
01-24 21:32:44.268 17221 17295 D WM-WorkManagerImpl: 	... 8 more
01-24 21:32:44.269 17221 17295 D WM-ForceStopRunnable: Performing cleanup operations.
01-24 21:32:44.283 17221 17221 D CompatibilityChangeReporter: Compat change id reported: 147600208; UID 10370; state: ENABLED
01-24 21:32:44.284  1178  1178 I QTI PowerHAL: Power setBoost: 0, duration: 0
01-24 21:32:44.391  1178  1178 I chatty  : uid=1000(system) android.hardwar identical 20 lines
01-24 21:32:44.392  1178  1178 I QTI PowerHAL: Power setBoost: 0, duration: 0
01-24 21:32:44.396  1178  1178 I QTI PowerHAL: Power setBoost: 0, duration: 833
01-24 21:32:44.490 11827 11827 I MotoDisplay: Acquiring partial wakelock MotoDisplayWakeLock for 500ms.
01-24 21:32:44.493 11827 11827 I MotoDisplay: Releasing wakelock: MotoDisplayWakeLock
01-24 21:32:44.495  2580  2580 D InterruptionStateProvider: No bubble up: not allowed to bubble: 0|com.whatsapp|11|null|10370
01-24 21:32:44.495  2580  2580 D InterruptionStateProvider: No heads up: unimportant notification: 0|com.whatsapp|11|null|10370
01-24 21:32:44.837  1178  1178 I QTI PowerHAL: Power setBoost: 0, duration: 0
01-24 21:32:44.940  1178  1178 I QTI PowerHAL: Power setBoost: 0, duration: 0
01-24 21:32:44.949  1178  1178 I QTI PowerHAL: Power setBoost: 0, duration: 1004
01-24 21:32:49.409  1178  1178 I QTI PowerHAL: Power setBoost: 0, duration: 0
01-24 21:32:49.512  1178  1178 I QTI PowerHAL: Power setBoost: 0, duration: 0
01-24 21:32:49.543  1178  1178 I QTI PowerHAL: Power setBoost: 0, duration: 920
01-24 21:32:49.743 11827 11827 I MotoDisplay: Acquiring partial wakelock MotoDisplayWakeLock for 500ms.
01-24 21:32:49.745 11827 11827 I MotoDisplay: Releasing wakelock: MotoDisplayWakeLock
01-24 21:32:49.762 11827 11827 I MotoDisplay: Acquiring partial wakelock MotoDisplayWakeLock for 500ms.
01-24 21:32:49.763 11827 11827 E MotoDisplay: Notification not found: [Key:  1764693475, groupKey: 1764693475]
01-24 21:32:49.877 17221 17334 E SQLiteLog: (1) duplicate column name: mute_reactions in "ALTER TABLE settings ADD mute_reactions BOOLEAN"
01-24 21:32:49.892  1047  1047 D Zygote  : Forked child process 17338
01-24 21:32:49.902 17338 17338 E d.process.acor: Not starting debugger since process cannot load the jdwp agent.
01-24 21:32:49.948 17338 17338 D NetworkSecurityConfig: No Network Security Config specified, using platform default
01-24 21:32:49.949 17338 17338 D NetworkSecurityConfig: No Network Security Config specified, using platform default
01-24 21:32:49.983 17338 17338 I ContactsPerf: VoicemailContentProvider.onCreate start
01-24 21:32:49.991 17338 17338 I ContactsPerf: VoicemailContentProvider.onCreate finish
01-24 21:32:50.003 17338 17338 I ContactsDatabaseHelper: updateUseStrictPhoneNumberComparison: BR
01-24 21:32:50.040 17338 17363 D ContactsDatabaseHelper: WAL enabled for contacts2.db: true
01-24 21:32:50.113 17338 17363 I ContactLocale: AddressBook Labels [[en_US,pt_BR]]: […, A, B, C, D, E, F, G, H, I, J, K, L, M, N, O, P, Q, R, S, T, U, V, W, X, Y, Z, Α, Β, Γ, Δ, Ε, Ζ, Η, Θ, Ι, Κ, Λ, Μ, Ν, Ξ, Ο, Π, Ρ, Σ, Τ, Υ, Φ, Χ, Ψ, Ω, …, А, Б, В, Г, Д, Ђ, Е, Є, Ж, З, И, І, Й, Ј, К, Л, Љ, М, Н, Њ, О, П, Р, С, Т, Ћ, У, Ф, Х, Ц, Ч, Џ, Ш, Щ, Ю, Я, …, א, ב, ג, ד, ה, ו, ז, ח, ט, י, כ, ל, מ, נ, ס, ע, פ, צ, ק, ר, ש, ת, …, ا, ب, ت, ث, ج, ح, خ, د, ذ, ر, ز, س, ش, ص, ض, ط, ظ, ع, غ, ف, ق, ك, ل, م, ن, ه, و, ي, …, ก, ข, ฃ, ค, ฅ, ฆ, ง, จ, ฉ, ช, ซ, ฌ, ญ, ฎ, ฏ, ฐ, ฑ, ฒ, ณ, ด, ต, ถ, ท, ธ, น, บ, ป, ผ, ฝ, พ, ฟ, ภ, ม, ย, ร, ฤ, ล, ฦ, ว, ศ, ษ, ส, ห, ฬ, อ, ฮ, …, ㄱ, ㄴ, ㄷ, ㄹ, ㅁ, ㅂ, ㅅ, ㅇ, ㅈ, ㅊ, ㅋ, ㅌ, ㅍ, ㅎ, …, あ, か, さ, た, な, は, ま, や, ら, わ, #, …]
01-24 21:32:50.121 17338 17364 D ContactsDatabaseHelper: WAL enabled for profile.db: false
01-24 21:32:50.521  1178  1178 I QTI PowerHAL: Power setBoost: 0, duration: 0
01-24 21:32:50.730  1178  1178 I QTI PowerHAL: Power setBoost: 0, duration: 0
01-24 21:32:50.746  2580  2580 D StatusBar: disable<e i a s b h r c s > disable2<q i n >
01-24 21:32:50.752  2580 17368 W RingtonePlayer: STOP command without a player
01-24 21:32:50.796  2580  2580 D StatusBar: disable<e i a s b h r c s > disable2<q i n >
01-24 21:32:50.835  1178  1178 I QTI PowerHAL: Power setBoost: 0, duration: 0
01-24 21:32:51.172  1178  1178 I QTI PowerHAL: Power setBoost: 0, duration: 0
01-24 21:32:51.199  4385  4385 I GoogleInputMethodService: GoogleInputMethodService.onFinishInput():3301 
01-24 21:32:51.200  4385  4385 I GoogleInputMethodService: GoogleInputMethodService.onStartInput():1979 
01-24 21:32:51.200  4385  4385 I DeviceUnlockedTag: DeviceUnlockedTag.notifyDeviceLockStatusChanged():79 Notify device unlocked.
01-24 21:32:51.270  1178  1178 I QTI PowerHAL: Power setBoost: 0, duration: 0
01-24 21:32:51.495  1178  1178 I QTI PowerHAL: Power setBoost: 0, duration: 0
01-24 21:32:51.530  2580  2580 D StatusBar: disable<e i a s b h r c s > disable2<q i n >
01-24 21:32:51.641  1178  1178 I QTI PowerHAL: Power setBoost: 0, duration: 0
01-24 21:32:51.642  1178  1178 I QTI PowerHAL: Power setBoost: 0, duration: 0
01-24 21:32:51.714  1178  1178 I QTI PowerHAL: Power setBoost: 0, duration: 883
01-24 21:32:52.874  1149 16240 I chatty  : uid=1000(system) sensors@2.0-ser expire 1 line
01-24 21:32:52.937  1149  2346 I chatty  : uid=1000(system) 65748_see expire 4 lines
01-24 21:32:53.213  2032  2032 E AudioService.OrientationHelper: Unknown device rotation
01-24 21:32:53.316  1178  1178 I QTI PowerHAL: Power setBoost: 0, duration: 0
01-24 21:32:53.321  1178  1178 I QTI PowerHAL: Power setBoost: 0, duration: 0
01-24 21:32:53.341  3103  3103 D BaseSwipeDetector: setState:IDLE->IDLE
01-24 21:32:53.555  1591  1868 E QMI_FW  : qmi_cci_get_ref: ref count increased 2
01-24 21:32:53.650  1591  1868 E QMI_FW  : qmi_cci_get_ref: ref count increased 2
01-24 21:32:54.039  1591  1868 I chatty  : uid=1001(radio) rild identical 3 lines
01-24 21:32:54.513  1591  1868 E QMI_FW  : qmi_cci_get_ref: ref count increased 2
01-24 21:32:54.632  1573  1850 D [gf_ca_entry]: [gf_ca_invoke_command] enter
01-24 21:32:54.632  1573  1850 D [gf_ca_entry]: [gf_ta_send_modified_cmd_req] enter
01-24 21:32:54.632  1573  1850 D [gf_ca_entry]: [gf_ta_send_modified_cmd_req] begin token 1542, cmd_id=1016
01-24 21:32:54.632  1573  1850 D [gf_sec_ion]: [gf_sec_ion_malloc] enter
01-24 21:32:54.632  1573  1850 D [gf_sec_ion]: [gf_sec_ion_malloc] gf_sec_ion_malloc data_size = 327680
01-24 21:32:54.632  1573  1850 D [gf_sec_ion]: [gf_sec_ion_malloc] exit
01-24 21:32:54.633  1573  1850 D [gf_ca_entry]: [gf_ta_send_modified_cmd_req] whitebox is disabled.
01-24 21:32:54.788  1178  1178 I QTI PowerHAL: Power setMode: 5 to: 1
01-24 21:32:54.938  1573  1850 D [gf_sec_ion]: [gf_sec_ion_free] enter
01-24 21:32:54.938  1573  1850 D [gf_sec_ion]: [gf_sec_ion_free] gf_sec_ion_free ion_local_flag is not true
01-24 21:32:54.938  1573  1850 D [gf_sec_ion]: [gf_sec_ion_free] exit
01-24 21:32:54.938  1573  1850 D [gf_ca_entry]: [gf_ta_send_modified_cmd_req] exit
01-24 21:32:54.938  1573  1850 D [gf_ca_entry]: [gf_ca_invoke_command] gx_ta_send_modified_cmd_req success
01-24 21:32:54.938  1573  1850 D [gf_ca_entry]: [gf_ca_invoke_command] ta execution succeed
01-24 21:32:54.938  1573  1850 D [gf_ca_entry]: [gf_ca_invoke_command] exit
01-24 21:32:54.938  1573  1850 I [GF_HAL][gf_hal_milan]: [irq_pre_process] irq_type=[GF_IRQ_FINGER_DOWN_MASK], irq_type=0x0002
01-24 21:32:54.959  2580  2603 D KeyguardViewMediator: onStartedGoingToSleep(2)
01-24 21:32:54.962  4385  4385 I GoogleInputMethodService: GoogleInputMethodService.onFinishInput():3301 
01-24 21:32:54.963  2580  2603 D KeyguardViewMediator: notifyStartedGoingToSleep
01-24 21:32:54.963  4385  4385 I GoogleInputMethodService: GoogleInputMethodService.onStartInput():1979 
01-24 21:32:54.964  4385  4385 I DeviceUnlockedTag: DeviceUnlockedTag.notifyDeviceLockStatusChanged():79 Notify device unlocked.
01-24 21:32:54.964  1259  2445 D TimeCheck: startMonitoring for IAudioFlinger command 1 endTime 29104001038481
01-24 21:32:54.965  1259  2445 D APM_AudioPolicyManager: getOutputForAttrInt() attributes={ Content type: AUDIO_CONTENT_TYPE_SONIFICATION Usage: AUDIO_USAGE_ASSISTANCE_SONIFICATION Source: AUDIO_SOURCE_DEFAULT Flags: 0xc00 Tags:  } stream=AUDIO_STREAM_SYSTEM session 6217 selectedDeviceId 0
01-24 21:32:54.966  1259  2445 D AF::TrackHandle: OpPlayAudio: track:805 usage:13 not muted
01-24 21:32:54.967  2032  4645 I system_server: oneway function results will be dropped but finished with status OK and parcel size 8
01-24 21:32:54.968  1573  1573 I [GF_HAL][gf_hal]: [gf_hal_get_auth_id]
01-24 21:32:54.968  1573  1573 D [gf_ca_entry]: [gf_ca_invoke_command] enter
01-24 21:32:54.968  1573  1573 D [gf_ca_entry]: [gf_ta_send_modified_cmd_req] enter
01-24 21:32:54.968  1573  1573 D [gf_ca_entry]: [gf_ta_send_modified_cmd_req] begin token 1543, cmd_id=1011
01-24 21:32:54.968  1573  1573 D [gf_sec_ion]: [gf_sec_ion_malloc] enter
01-24 21:32:54.968  1573  1573 D [gf_sec_ion]: [gf_sec_ion_malloc] gf_sec_ion_malloc data_size = 192
01-24 21:32:54.968  1573  1573 D [gf_sec_ion]: [gf_sec_ion_malloc] exit
01-24 21:32:54.968  1573  1573 D [gf_ca_entry]: [gf_ta_send_modified_cmd_req] whitebox is disabled.
01-24 21:32:54.968  2032  5196 I system_server: oneway function results will be dropped but finished with status OK and parcel size 4
01-24 21:32:54.969  2032  5196 I system_server: oneway function results will be dropped but finished with status OK and parcel size 4
01-24 21:32:54.969  1259  2445 D TimeCheck: stopMonitoring for IAudioFlinger command 1 endTime 29104001038481
01-24 21:32:54.970  2580  3069 I AudioTrack: createTrack_l(118): AUDIO_OUTPUT_FLAG_FAST successful; frameCount 0 -> 10872
01-24 21:32:54.970  2580  3069 D AudioTrack: createTrack_l: RelativeVolumeFeature, mRelativePercentage:1.000000
01-24 21:32:54.970  2580  3069 D AudioTrack: setVolume: RelativeVolumeFeature, mRelativePercentage:1.000000, left:0.501187, right:0.501187
01-24 21:32:54.970  1259  2445 D APM_AudioPolicyManager: startOutput() output 13, stream 1, session 6217
01-24 21:32:54.972  2032  8148 I system_server: oneway function results will be dropped but finished with status OK and parcel size 4
01-24 21:32:54.974  1148  4188 D audio_hw_primary: start_output_stream: enter: stream(0xeab464c0)usecase(1: low-latency-playback) devices(0x2) is_haptic_usecase(0)
01-24 21:32:54.974  1148  4188 D audio_hw_primary: select_devices for use case (low-latency-playback)
01-24 21:32:54.975  1148  4188 I msm8974_platform: platform_check_and_set_codec_backend_cfg:becf: afe: bitwidth 16, samplerate 48000 channels 2, backend_idx 0 usecase = 1 device (speaker)
01-24 21:32:54.975  1148  4188 I msm8974_platform: platform_check_and_set_codec_backend_cfg: new_snd_devices[0] is 3
01-24 21:32:54.975  1148  4188 I msm8974_platform: platform_check_codec_backend_cfg:becf: afe: bitwidth 16, samplerate 48000 channels 2, backend_idx 0 usecase = 1 device (speaker)
01-24 21:32:54.975  1148  4188 D msm8974_platform: platform_check_codec_backend_cfg:becf: updated afe: bitwidth 16, samplerate 48000 channels 2,backend_idx 0 usecase = 1 device (speaker)
01-24 21:32:54.975  1148  4188 I msm8974_platform: platform_check_codec_backend_cfg:becf: afe: Codec selected backend: 0 updated bit width: 16 and sample rate: 48000
01-24 21:32:54.975  1148  4188 D audio_hw_primary: check_usecases_codec_backend:becf: force routing 0
01-24 21:32:54.975  1148  4188 D audio_hw_primary: check_usecases_codec_backend:becf: (85) check_usecases curr device: speaker, usecase device: backends match 0
01-24 21:32:54.975  1148  4188 D audio_hw_primary: check_usecases_codec_backend:becf: check_usecases num.of Usecases to switch 0
01-24 21:32:54.975  1148  4188 D hardware_info: hw_info_append_hw_type : device_name = speaker
01-24 21:32:54.975  1148  4188 D audio_hw_primary: enable_snd_device: snd_device(3: speaker)
01-24 21:32:54.975  1148  4188 D msm8974_platform: platform_get_island_cfg_on_device:island cfg status on snd_device = (speaker 0)
01-24 21:32:54.975  1148  4188 I soundtrigger: audio_extn_sound_trigger_update_device_status: device 0x3 of type 0 for Event 1, with Raise=0
01-24 21:32:54.975  1148  4188 D audio_route: Apply path: speaker
01-24 21:32:54.979  1148  4188 D soundtrigger: audio_extn_sound_trigger_update_stream_status: uc_info->id 1 of type 0 for Event 3, with Raise=0
01-24 21:32:54.979  1148  4188 D audio_hw_utils: audio_extn_utils_send_app_type_cfg: usecase->out_snd_device speaker
01-24 21:32:54.979  1148  4188 I audio_hw_utils: send_app_type_cfg_for_device PLAYBACK app_type 69937, acdb_dev_id 14, sample_rate 48000, snd_device_be_idx 178
01-24 21:32:54.980  1148  4188 D ACDB-LOADER: ACDB -> send_audio_cal, acdb_id = 14, path = 0, app id = 0x11131, sample rate = 48000, use_case = 0,buffer_idx_w_path =0, afe_sample_rate = 48000, cal_mode = 1, offset_index = 0
01-24 21:32:54.980  1148  4188 D ACDB-LOADER: ACDB -> send_asm_topology
01-24 21:32:54.980  1148  4188 D ACDB-LOADER: ACDB -> ACDB_CMD_GET_AUDPROC_STREAM_TOPOLOGY_ID
01-24 21:32:54.980  1148  4188 D ACDB-LOADER: ACDB -> send_adm_topology
01-24 21:32:54.980  1148  4188 D ACDB-LOADER: ACDB -> ACDB_CMD_GET_AUDPROC_COMMON_TOPOLOGY_ID
01-24 21:32:54.980  1148  4188 D ACDB-LOADER: ACDB -> send_audtable
01-24 21:32:54.980  1148  4188 D ACDB-LOADER: ACDB -> ACDB_CMD_GET_AUDPROC_INSTANCE_COMMON_TABLE_SIZE
01-24 21:32:54.980  1148  4188 D ACDB-LOADER: ACDB -> ACDB_CMD_GET_AUDPROC_INSTANCE_COMMON_TABLE
01-24 21:32:54.980  1148  4188 D ACDB-LOADER: ACDB -> AUDIO_SET_AUDPROC_CAL cal_type[11] acdb_id[14] app_type[69937]
01-24 21:32:54.980  1148  4188 D ACDB-LOADER: ACDB -> send_audvoltable
01-24 21:32:54.980  1148  4188 D ACDB-LOADER: ACDB -> ACDB_CMD_GET_AUDPROC_INSTANCE_GAIN_DEP_STEP_TABLE_SIZE
01-24 21:32:54.980  1148  4188 D ACDB-LOADER: ACDB -> ACDB_CMD_GET_AUDPROC_INSTANCE_GAIN_DEP_STEP_TABLE, vol index 0
01-24 21:32:54.980  1148  4188 D ACDB-LOADER: ACDB -> AUDIO_SET_VOL_CAL cal type = 12
01-24 21:32:54.980  1148  4188 D ACDB-LOADER: ACDB -> ACDB_CMD_GET_AUDPROC_INSTANCE_STREAM_TABLE_SIZE
01-24 21:32:54.980  1148  4188 D ACDB-LOADER: ACDB -> send_audstrmtable
01-24 21:32:54.980  1148  4188 D ACDB-LOADER: ACDB -> ACDB_CMD_GET_AUDPROC_INSTANCE_STREAM_TABLE
01-24 21:32:54.980  1148  4188 D ACDB-LOADER: ACDB -> audstrm_cal->cal_type.cal_data.cal_size = 20
01-24 21:32:54.980  1148  4188 D ACDB-LOADER: ACDB -> send_afe_topology
01-24 21:32:54.980  1148  4188 D ACDB-LOADER: ACDB -> ACDB_CMD_GET_AFE_TOPOLOGY_ID
01-24 21:32:54.980  1148  4188 D ACDB-LOADER: ACDB -> GET_AFE_TOPOLOGY_ID for adcd_id 14, Topology Id 112fc
01-24 21:32:54.980  1148  4188 D ACDB-LOADER: ACDB -> send_afe_cal
01-24 21:32:54.980  1148  4188 D ACDB-LOADER: ACDB -> ACDB_CMD_GET_AFE_INSTANCE_COMMON_TABLE_SIZE
01-24 21:32:54.980  1148  4188 D android.hardware.audio.service: Failed to fetch the lookup information of the device 0000000E 
01-24 21:32:54.980  1148  4188 D ACDB-LOADER: Error: ACDB_CMD_GET_AFE_INSTANCE_COMMON_TABLE_SIZE Returned = -19
01-24 21:32:54.980  1148  4188 D ACDB-LOADER: ACDB -> ACDB_CMD_GET_AFE_INSTANCE_COMMON_TABLE
01-24 21:32:54.980  1148  4188 D android.hardware.audio.service: Failed to fetch the lookup information of the device 0000000E 
01-24 21:32:54.980  1148  4188 D ACDB-LOADER: Error: ACDB AFE returned = -19
01-24 21:32:54.980  1148  4188 D ACDB-LOADER: ACDB -> AUDIO_SET_AFE_CAL cal_type[16] acdb_id[14]
01-24 21:32:54.980  1148  4188 D ACDB-LOADER: ACDB -> send_hw_delay : acdb_id = 14 path = 0
01-24 21:32:54.980  1148  4188 D ACDB-LOADER: ACDB -> ACDB_AVSYNC_INFO: ACDB_CMD_GET_DEVICE_PROPERTY
01-24 21:32:54.980  1148  4188 D audio_hw_primary: enable_audio_route: apply mixer and update path: low-latency-playback speaker
01-24 21:32:54.980  1148  4188 D audio_route: Apply path: low-latency-playback speaker
01-24 21:32:54.981  1148  4188 V ext_speaker: usecase 1: out_snd_device 3 is active: enabling device(s) 0x2
01-24 21:32:54.981  1148  4188 D msm8974_platform: platform_set_channel_map mixer_ctl_name:Playback Channel Map9
01-24 21:32:54.981  1148  2163 D MotSpeakerHelper: Speaker ON: volume 0.500000 (step 12), usecase SAFE
01-24 21:32:54.981  1148  4188 D msm8974_platform: platform_set_channel_map: set mapping(1 2 0 0 0 0 0 0) for channel:2
01-24 21:32:54.982  1573  1573 D [gf_sec_ion]: [gf_sec_ion_free] enter
01-24 21:32:54.982  1573  1573 D [gf_sec_ion]: [gf_sec_ion_free] gf_sec_ion_free ion_local_flag is not true
01-24 21:32:54.982  1573  1573 D [gf_sec_ion]: [gf_sec_ion_free] exit
01-24 21:32:54.982  1573  1573 D [gf_ca_entry]: [gf_ta_send_modified_cmd_req] exit
01-24 21:32:54.982  1573  1573 D [gf_ca_entry]: [gf_ca_invoke_command] gx_ta_send_modified_cmd_req success
01-24 21:32:54.982  1573  1573 D [gf_ca_entry]: [gf_ca_invoke_command] ta execution succeed
01-24 21:32:54.982  1573  1573 D [gf_ca_entry]: [gf_ca_invoke_command] exit
01-24 21:32:54.982  2580  2580 D KeyguardUpdateMonitor: fingerprintRunningState: 1
01-24 21:32:54.983  2580  2580 D KeyguardViewMediator: handleNotifyStartedGoingToSleep
01-24 21:32:54.983  1573  1573 D [gf_ca_entry]: [gf_ca_invoke_command] enter
01-24 21:32:54.983  1573  1573 D [gf_ca_entry]: [gf_ta_send_modified_cmd_req] enter
01-24 21:32:54.983  1573  1573 D [gf_ca_entry]: [gf_ta_send_modified_cmd_req] begin token 1544, cmd_id=1010
01-24 21:32:54.983  1573  1573 D [gf_sec_ion]: [gf_sec_ion_malloc] enter
01-24 21:32:54.983  1573  1573 D [gf_sec_ion]: [gf_sec_ion_malloc] gf_sec_ion_malloc data_size = 192
01-24 21:32:54.983  1573  1573 D [gf_sec_ion]: [gf_sec_ion_malloc] exit
01-24 21:32:54.983  1573  1573 D [gf_ca_entry]: [gf_ta_send_modified_cmd_req] whitebox is disabled.
01-24 21:32:55.006  2556  2913 I BtGatt.ScanManager: msg.what = 6
01-24 21:32:55.012  1148  4188 D audio_hw_primary: start_output_stream: exit
01-24 21:32:55.016  1573  1573 D [gf_sec_ion]: [gf_sec_ion_free] enter
01-24 21:32:55.016  1573  1573 D [gf_sec_ion]: [gf_sec_ion_free] gf_sec_ion_free ion_local_flag is not true
01-24 21:32:55.016  1573  1573 D [gf_sec_ion]: [gf_sec_ion_free] exit
01-24 21:32:55.016  1573  1573 D [gf_ca_entry]: [gf_ta_send_modified_cmd_req] exit
01-24 21:32:55.016  1573  1573 D [gf_ca_entry]: [gf_ca_invoke_command] gx_ta_send_modified_cmd_req success
01-24 21:32:55.016  1573  1573 D [gf_ca_entry]: [gf_ca_invoke_command] ta execution succeed
01-24 21:32:55.016  1573  1573 D [gf_ca_entry]: [gf_ca_invoke_command] exit
01-24 21:32:55.016  1573  1573 D android.hardware.biometrics.fingerprint@2.1-service: onAcquired(6)
01-24 21:32:55.034  1573  1850 D [gf_ca_entry]: [gf_ca_invoke_command] enter
01-24 21:32:55.034  1573  1850 D [gf_ca_entry]: [gf_ta_send_modified_cmd_req] enter
01-24 21:32:55.034  1573  1850 D [gf_ca_entry]: [gf_ta_send_modified_cmd_req] begin token 1545, cmd_id=1016
01-24 21:32:55.034  1573  1850 D [gf_sec_ion]: [gf_sec_ion_malloc] enter
01-24 21:32:55.034  1573  1850 D [gf_sec_ion]: [gf_sec_ion_malloc] gf_sec_ion_malloc data_size = 327680
01-24 21:32:55.034  1573  1850 D [gf_sec_ion]: [gf_sec_ion_malloc] exit
01-24 21:32:55.034  1573  1850 D [gf_ca_entry]: [gf_ta_send_modified_cmd_req] whitebox is disabled.
01-24 21:32:55.056  1573  1850 D [gf_sec_ion]: [gf_sec_ion_free] enter
01-24 21:32:55.056  1573  1850 D [gf_sec_ion]: [gf_sec_ion_free] gf_sec_ion_free ion_local_flag is not true
01-24 21:32:55.056  1573  1850 D [gf_sec_ion]: [gf_sec_ion_free] exit
01-24 21:32:55.056  1573  1850 D [gf_ca_entry]: [gf_ta_send_modified_cmd_req] exit
01-24 21:32:55.056  1573  1850 D [gf_ca_entry]: [gf_ca_invoke_command] gx_ta_send_modified_cmd_req success
01-24 21:32:55.056  1573  1850 D [gf_ca_entry]: [gf_ca_invoke_command] ta execution succeed
01-24 21:32:55.056  1573  1850 D [gf_ca_entry]: [gf_ca_invoke_command] exit
01-24 21:32:55.056  1573  1850 I [GF_HAL][gf_hal_milan]: [irq_pre_process] irq_type=INVALID_IRQ_TYPE, irq_type=0x0000
01-24 21:32:55.056  1573  1850 I [GF_HAL][gf_hal_milan]: [irq_process] invalid irq type 0
01-24 21:32:55.305  1259  1558 D APM_AudioPolicyManager: stopOutput() output 13, stream 1, session 6217
01-24 21:32:55.305  2032  8148 I system_server: oneway function results will be dropped but finished with status OK and parcel size 4
01-24 21:32:55.305  1259  1558 W APM::AudioPolicyEngine: getDevicesForStrategy() unknown strategy: -1
01-24 21:32:55.436  1184  1184 I DisplayPanel: setDcMode: DC mode = OFF
01-24 21:32:55.436  1184  1184 D DisplayPanel: setParam: requested value for property(DC) = 0 is same. Do nothing
01-24 21:32:55.436  1184  1184 I DisplayPanel: setColor: color profile = NONE
01-24 21:32:55.437  1184  1184 D DisplayPanel: setParam: requested value for property(COLOR) = 3 is same. Do nothing
01-24 21:32:55.441   882   882 W Binder:882_1: type=1400 audit(0.0:37505): avc: denied { read } for name="wakeup36" dev="sysfs" ino=78165 scontext=u:r:system_suspend:s0 tcontext=u:object_r:sysfs:s0 tclass=dir permissive=0
01-24 21:32:55.446   882   888 E android.system.suspend@1.0-service: Error opening kernel wakelock stats for: wakeup36: Permission denied
01-24 21:32:55.449   882   882 W Binder:882_1: type=1400 audit(0.0:37506): avc: denied { read } for name="wakeup133" dev="sysfs" ino=114300 scontext=u:r:system_suspend:s0 tcontext=u:object_r:sysfs:s0 tclass=dir permissive=0
01-24 21:32:55.454   882   888 E android.system.suspend@1.0-service: Error opening kernel wakelock stats for: wakeup133: Permission denied
01-24 21:32:55.461  2580  2603 D KeyguardViewMediator: notifyScreenTurnedOff
01-24 21:32:55.461  1149  1149 I chatty  : uid=1000(system) sensors@2.0-ser expire 172 lines
01-24 21:32:55.461  2580  2580 D KeyguardViewMediator: handleNotifyScreenTurnedOff
01-24 21:32:55.467  1184  1184 I DisplayPanel: setDcMode: DC mode = OFF
01-24 21:32:55.467  1184  1184 D DisplayPanel: setParam: requested value for property(DC) = 0 is same. Do nothing
01-24 21:32:55.471  1184  1184 I DisplayPanel: setColor: color profile = NONE
