01-24 21:35:55.553  5446  5446 I A       : onApplyWindowInsets: systemWindowInsets=Insets{left=0, top=90, right=0, bottom=60}
01-24 21:35:55.553  5446  5446 I A       : onApplyWindowInsets: systemWindowInsets=Insets{left=0, top=90, right=0, bottom=60}
01-24 21:35:55.556 11827 11827 E MotoDisplay: receiver is already disconnected
01-24 21:35:55.556 11827 11827 E MotoDisplay: receiver is already disconnected
01-24 21:35:55.556  2580  3218 W OpenGLRenderer: Incorrectly called buildLayer on View: LinearLayout, destroying layer...
01-24 21:35:55.562 11827 11827 I MotoDisplay: onDestroy
01-24 21:35:55.562 11827 11827 I MotoDisplay: Releasing wakelock: MotoDisplayWakeLock
01-24 21:35:55.567  1149  1149 I sensors-hal: batch:242, android.sensor.light/51, period=250000000, max_latency=0
01-24 21:35:55.567  1149  1149 I sensors-hal: set_config:68, no need to adjust sample_period_ns due to on_change_sp_enabled = 1 or reporting_mode = 2
01-24 21:35:55.567  1149  1149 I sensors-hal: send_sensor_config_request:482, dt=ambient_light: convert sample_period=250000000 to batch_period=250000
01-24 21:35:55.567  1149  1149 I sensors-hal: send_sync_sensor_request:359, send sync request
01-24 21:35:55.567  1149  1149 E QMI_FW  : qmi_cci_get_ref: ref count increased 2
01-24 21:35:55.567  1149  1149 I sensors-hal: send_sync_sensor_request:385, wait for notification of response
01-24 21:35:55.568  2580  2580 W KeyguardUpdateMonitor: forcing hiding FOD icon since the user had unlocked the phone!
01-24 21:35:55.568  1149 17640 I sensors-hal: ssc_conn_resp_cb:666, resp_value = 0
01-24 21:35:55.568  1149  1149 I sensors-hal: send_sync_sensor_request:391, takes 0 ms to receive the response with 0
01-24 21:35:55.568  1149  1149 I sensors-hal: batch:251, android.sensor.light/51, period=250000000, max_latency=0 request completed
01-24 21:35:55.568  1270  1375 W HWComposer: Ignoring duplicate VSYNC event from HWC for display 19261025351113858 (t=29279605109000)
01-24 21:35:55.570  1259  1558 D APM_AudioPolicyManager: stopOutput() output 13, stream 1, session 6225
01-24 21:35:55.571  1259  1558 W APM::AudioPolicyEngine: getDevicesForStrategy() unknown strategy: -1
01-24 21:35:55.572  2032  8323 I system_server: oneway function results will be dropped but finished with status OK and parcel size 4
01-24 21:35:55.580 11827 11827 I MotoDisplay: onListenerDisconnected - DisplayNotificationListenerService
01-24 21:35:55.585  1270  1375 W HWComposer: Ignoring duplicate VSYNC event from HWC for display 19261025351113858 (t=29279621737000)
01-24 21:35:55.595  1149  1149 I sensors-hal: batch:242, android.sensor.light/51, period=200000000, max_latency=0
01-24 21:35:55.595  1149  1149 I sensors-hal: set_config:68, no need to adjust sample_period_ns due to on_change_sp_enabled = 1 or reporting_mode = 2
01-24 21:35:55.595  1149  1149 I sensors-hal: send_sensor_config_request:482, dt=ambient_light: convert sample_period=200000000 to batch_period=200000
01-24 21:35:55.595  1149  1149 I sensors-hal: send_sync_sensor_request:359, send sync request
01-24 21:35:55.595  1149  1149 E QMI_FW  : qmi_cci_get_ref: ref count increased 2
01-24 21:35:55.595  1149  1149 I sensors-hal: send_sync_sensor_request:385, wait for notification of response
01-24 21:35:55.596  1149 17640 I sensors-hal: ssc_conn_resp_cb:666, resp_value = 0
01-24 21:35:55.597  1149  1149 I sensors-hal: send_sync_sensor_request:391, takes 1 ms to receive the response with 0
01-24 21:35:55.597  1149  1149 I sensors-hal: batch:251, android.sensor.light/51, period=200000000, max_latency=0 request completed
01-24 21:35:55.599  4090  4247 I CryptauthV2: [HaveKeyWithKeyNameOperation] Have key with key name operation is called.
01-24 21:35:55.601  1270  1375 W HWComposer: Ignoring duplicate VSYNC event from HWC for display 19261025351113858 (t=29279638219000)
01-24 21:35:55.620  1573  1850 D [gf_sec_ion]: [gf_sec_ion_free] enter
01-24 21:35:55.620  1573  1850 D [gf_sec_ion]: [gf_sec_ion_free] gf_sec_ion_free ion_local_flag is not true
01-24 21:35:55.620  1573  1850 D [gf_sec_ion]: [gf_sec_ion_free] exit
01-24 21:35:55.620  1573  1850 D [gf_ca_entry]: [gf_ta_send_modified_cmd_req] exit
01-24 21:35:55.620  1573  1850 D [gf_ca_entry]: [gf_ca_invoke_command] gx_ta_send_modified_cmd_req success
01-24 21:35:55.620  1573  1850 D [gf_ca_entry]: [gf_ca_invoke_command] ta execution succeed
01-24 21:35:55.620  1573  1850 D [gf_ca_entry]: [gf_ca_invoke_command] exit
01-24 21:35:55.620  1573  1850 I [GF_HAL][gf_hal_milan]: [irq_pre_process] irq_type=[GF_IRQ_FINGER_UP_MASK], irq_type=0x0004
01-24 21:35:55.620  1573  1850 D android.hardware.biometrics.fingerprint@2.1-service: onAcquired(6)
01-24 21:35:55.627  4385  4385 I DeviceStatusMonitor: DeviceStatusMonitor$1.onReceive():58 onReceive() : Action = android.intent.action.SCREEN_ON
01-24 21:35:55.627  4385  4385 I DeviceStatusMonitor: DeviceStatusMonitor.updateCountryInfo():121 updateCountryInfo(), notifyAnyway = false
01-24 21:35:55.631  4112  4112 D GameMode: isScreenUnlocked: true
01-24 21:35:55.632  4112  4112 D GameMode: exiting game mode
01-24 21:35:55.633  4112  4112 D GameMode: reset : false
01-24 21:35:55.633  4112  4112 D GameMode: reset: 
01-24 21:35:55.633  4112  4112 D GameMode: isFeatureSupported: true
01-24 21:35:55.633  4090  4247 I CryptauthV2: [HaveKeyWithKeyNameOperation] Have key with key name operation is called.
01-24 21:35:55.634  4112  4814 D MFL     : getFreeFormPackages: adding all apps
01-24 21:35:55.634  4112  4814 D MFL     : getDensityIndependentPixel: smallest width = 432
01-24 21:35:55.634  4112  4814 D MFL     : getLaunchRect: margin = 0
01-24 21:35:55.634  4112  4814 V MotoExtendManager: setGameModeState isActive = false, gameModeOptions = Bundle[{game_mode_force_freeform_packages=[com.twitter.android, com.whatsapp, com.facebook.katana, com.google.android.talk, jp.naver.line.android, com.discord, org.telegram.messenger, com.facebook.orca], touch_enhance_enable=0, display_enhance_enable=0, performance_enhance_enable=0, force_refresh_rate=0.0, game_mode_freeform_launchbounds=Rect(50, 130 - 734, 1210), game_package_name=, display=0, game_mode_display=0}], TOKEN = android.os.Binder@4e9cf2 by (com.motorola.gamemode)
01-24 21:35:55.635  1185  1185 I motorola.hardware.display.touch@1.1-service: Setting report rate to 0
01-24 21:35:55.637  4112  4814 D MFL     : getFreeFormPackages: adding all apps
01-24 21:35:55.637  4112  4814 D MFL     : getDensityIndependentPixel: smallest width = 432
01-24 21:35:55.637  4112  4814 D MFL     : getLaunchRect: margin = 0
01-24 21:35:55.637  4112  4814 V MotoExtendManager: setGameModeState isActive = false, gameModeOptions = Bundle[{game_mode_force_freeform_packages=[com.twitter.android, com.whatsapp, com.facebook.katana, com.google.android.talk, jp.naver.line.android, com.discord, org.telegram.messenger, com.facebook.orca], touch_enhance_enable=0, display_enhance_enable=0, performance_enhance_enable=0, force_refresh_rate=0.0, game_mode_freeform_launchbounds=Rect(50, 130 - 734, 1210), game_package_name=, display=0, game_mode_display=0}], TOKEN = android.os.Binder@4e9cf2 by (com.motorola.gamemode)
01-24 21:35:55.637  1185  1185 I motorola.hardware.display.touch@1.1-service: Setting report rate to 0
01-24 21:35:55.643  4578  4578 D NfcService: BroadcastReceiver - SCREEN_STATE_ON_UNLOCKED
01-24 21:35:55.644  4578  4578 D NfcService: NfcServiceHandler - handleMessage(MSG_APPLY_SCREEN_STATE) - state: ON_UNLOCKED
01-24 21:35:55.644  4578  4578 D NfcService: Discovery configuration equal, not updating.
01-24 21:35:55.648  1591  1868 E QMI_FW  : qmi_cci_get_ref: ref count increased 2
01-24 21:35:55.657  3438  6142 I NearbyDiscovery: FastPairHandler: Received action android.intent.action.SCREEN_ON [CONTEXT service_id=49 ]
01-24 21:35:55.658  3438  6142 I NearbyDiscovery: FastPairScanner2: isScreenOn=true, scanWithScreenOff=false, isLocationEnabled=true, disableLocationRequirement=false, isDiscoveryScanningEnabled=true [CONTEXT service_id=49 ]
01-24 21:35:55.660  3438  6142 D BluetoothAdapter: isLeEnabled(): ON
01-24 21:35:55.660  3438  6142 I NearbyDiscovery: FastPairScanner2: eventType=SCREEN_ON, intReq=false, scanning=false, scanAllowed=true, bleEnabled=true, bleScanAvailable=true, lockScanRate=false [CONTEXT service_id=49 ]
01-24 21:35:55.661  3438  6142 I NearbyDiscovery: FastPairScanner2: isScreenOn=true, scanWithScreenOff=false, isLocationEnabled=true, disableLocationRequirement=false, isDiscoveryScanningEnabled=true [CONTEXT service_id=49 ]
01-24 21:35:55.662  2935  2935 D DeviceStatisticsService: Send device is interactive
01-24 21:35:55.662  2935  2935 D DeviceInfoHidlClient: getDeviceInfoSupportStatus()=1
01-24 21:35:55.662  2935  2935 D DeviceInfoHidlClient: isRadioOn()=true
01-24 21:35:55.662  2935  2935 I DeviceInfoHidlClient: deviceState=2
01-24 21:35:55.662  3438  6142 D BluetoothAdapter: isLeEnabled(): ON
01-24 21:35:55.663  1591  1829 E QMI_FW  : qmi_cci_get_ref: ref count increased 2
01-24 21:35:55.663  2556 17831 D BtGatt.GattService: registerScanner() - UUID=da1f7aa0-997c-474d-a07e-481f5f6f63a4
01-24 21:35:55.666  3438 31545 I NearbySharing: Screen is unlocked [CONTEXT service_id=194 ]
01-24 21:35:55.666  3438 31545 I NearbyMediums: FEATURE_UWB exists: false [CONTEXT service_id=54 ]
01-24 21:35:55.666  3438 31545 I NearbyMediums: FEATURE_SAMSUNG_UWB  exists: false [CONTEXT service_id=54 ]
01-24 21:35:55.666  2556  3286 I bt_stack: [INFO:gatt_api.cc(950)] GATT_Register a1f18e55-8705-0b7f-4250-349cb273820e
01-24 21:35:55.666  2556  3286 I bt_stack: [INFO:gatt_api.cc(970)] allocated gatt_if=8
01-24 21:35:55.666  2556  2626 D BtGatt.GattService: onScannerRegistered() - UUID=da1f7aa0-997c-474d-a07e-481f5f6f63a4, scannerId=8, status=0
01-24 21:35:55.668  3438  3461 D BluetoothLeScanner: onScannerRegistered() - status=0 scannerId=8 mScannerId=0
01-24 21:35:55.668  3438 31545 I NearbyMediums: enable_platform_uwb flag: false [CONTEXT service_id=54 ]
01-24 21:35:55.668  3438 31545 I NearbyMediums: FEATURE_UWB exists: false [CONTEXT service_id=54 ]
01-24 21:35:55.670  3438 31545 I NearbyMediums: FEATURE_SAMSUNG_UWB  exists: false [CONTEXT service_id=54 ]
01-24 21:35:55.670  3438 31545 I NearbyMediums: enable_platform_uwb flag: false [CONTEXT service_id=54 ]
01-24 21:35:55.670  3438 31545 I NearbyMediums: FEATURE_UWB exists: false [CONTEXT service_id=54 ]
01-24 21:35:55.670  3438 31545 I NearbyMediums: FEATURE_SAMSUNG_UWB  exists: false [CONTEXT service_id=54 ]
01-24 21:35:55.670  3438 31545 I NearbyMediums: enable_platform_uwb flag: false [CONTEXT service_id=54 ]
01-24 21:35:55.670  3438 31545 I NearbyMediums: FEATURE_UWB exists: false [CONTEXT service_id=54 ]
01-24 21:35:55.670  3438 31545 I NearbyMediums: FEATURE_SAMSUNG_UWB  exists: false [CONTEXT service_id=54 ]
01-24 21:35:55.670  3438 31545 I NearbyMediums: enable_platform_uwb flag: false [CONTEXT service_id=54 ]
01-24 21:35:55.670  3438 31545 I NearbySharing: Failed to stop scanning because weren't scanning. [CONTEXT service_id=194 ]
01-24 21:35:55.670  3438 31545 I NearbySharing: Stopping discovery because Nearby Sharing is disabled. [CONTEXT service_id=194 ]
01-24 21:35:55.670  3438 31545 I NearbySharing: Can't stop advertising FastInitiation. Not advertising. [CONTEXT service_id=194 ]
01-24 21:35:55.671  3438 31545 I NearbySharing: Stopping Fast Init advertisement because we're not scanning. [CONTEXT service_id=194 ]
01-24 21:35:55.671  3438 31545 I NearbySharing: Stopping advertising because Nearby Sharing is disabled. [CONTEXT service_id=194 ]
01-24 21:35:55.672  2556  4611 D BtGatt.GattService: start scan with filters. callingPackage: com.google.android.gms
01-24 21:35:55.673  3438 31545 I NearbySharing: Failed to scan for fast initiation because we're already scanning with isHighPowerAllowed=false. [CONTEXT service_id=194 ]
01-24 21:35:55.673  3438 31545 I NearbySharing: Dismissing HUN as there's no device nearby. [CONTEXT service_id=194 ]
01-24 21:35:55.673  3438 31545 I NearbySharing: Cancelling in use notification [CONTEXT service_id=194 ]
01-24 21:35:55.673  2556  2913 I BtGatt.ScanManager: msg.what = 0
01-24 21:35:55.673  2556  2913 D BtGatt.ScanManager: handling starting scan
01-24 21:35:55.674  3438  6142 I NearbyDiscovery: FastPairScanner2: Starting LOW_LATENCY_SCANNING scan for 6 seconds [CONTEXT service_id=49 ]
01-24 21:35:55.674  2556  2913 D BtGatt.ScanManager: isAptXLowLatencyModeEnabled: false
01-24 21:35:55.675  1152  1152 D vendor.qti.bluetooth@1.0-ibs_handler: SerialClockVote: vote for UART CLK ON
01-24 21:35:55.676  1152  1152 D vendor.qti.bluetooth@1.0-wake_lock: Acquire wakelock is acquired 
01-24 21:35:55.676  1152  1152 I vendor.qti.bluetooth@1.0-ibs_handler: DeviceWakeUp: Writing IBS_WAKE_IND
01-24 21:35:55.679  4090  4247 I CryptauthV2: [HaveKeyWithKeyNameOperation] Have key with key name operation is called.
01-24 21:35:55.683  3438  6343 I Nearby  : Start ble scanning from NearbyDirect:BluetoothAdapterWrapper [CONTEXT service_id=49 ]
01-24 21:35:55.683  3438  6343 D BluetoothAdapter: isLeEnabled(): ON
01-24 21:35:55.684  2556 17831 D BtGatt.GattService: stopScan() - queue size =3
01-24 21:35:55.684  3438  3438 D BoundBrokerSvc: onRebind: Intent { act=com.google.android.gms.clearcut.bootcount.service.START cmp=com.google.android.gms/.chimera.PersistentBoundBrokerService }
01-24 21:35:55.685  1152  3284 I vendor.qti.bluetooth@1.0-ibs_handler: ProcessIbsCmd: Received IBS_WAKE_ACK: 0xFC
01-24 21:35:55.686  1152  3284 I vendor.qti.bluetooth@1.0-ibs_handler: ProcessIbsCmd: Received IBS_WAKE_IND: 0xFD
01-24 21:35:55.686  1152  3284 I vendor.qti.bluetooth@1.0-ibs_handler: ProcessIbsCmd: Writing IBS_WAKE_ACK
01-24 21:35:55.687  2556  2626 D BtGatt.GattService: onScanFilterEnableDisabled() - clientIf=8, status=0, action=1
01-24 21:35:55.687  2556  2626 D BtGatt.ScanManager: callback done for scannerId - 8 status - 0
01-24 21:35:55.687  2556  2913 D BtGatt.ScanManager: Available Filter size: 61
01-24 21:35:55.688  2556  2626 D BtGatt.GattService: onScanFilterConfig() - clientIf=8, action = 0 status = 0, filterType=0, availableSpace=0
01-24 21:35:55.688  2556  2626 D BtGatt.ScanManager: callback done for scannerId - 8 status - 0
01-24 21:35:55.688  2556  2913 D BtGatt.ScanManager: configureFilterParamter 500 10000 1 0, deliveryMode=0
01-24 21:35:55.689  2556 17831 D BtGatt.GattService: unregisterScanner() - scannerId=6
01-24 21:35:55.690  3438  6343 I Nearby  : M hardware scan: 1 clients, scanMode= LOW_LATENCY, callback type= ALL_MATCHES [CONTEXT service_id=49 ]
01-24 21:35:55.692  3438  6343 D BluetoothAdapter: isLeEnabled(): ON
01-24 21:35:55.693  2556 17831 D BtGatt.GattService: registerScanner() - UUID=105158bc-2ad5-4508-bf69-57600707d7e6
01-24 21:35:55.694  2556  2626 D BtGatt.GattService: onScanFilterParamsConfigured() - clientIf=8, status=0, action=0, availableSpace=63
01-24 21:35:55.694  2556  2626 D BtGatt.ScanManager: callback done for scannerId - 8 status - 0
01-24 21:35:55.694  2556  2913 D BtGatt.ScanManager: configureRegularScanParams() - queue=3
01-24 21:35:55.694  2556  2913 D BtGatt.ScanManager: configureRegularScanParams() - ScanSetting LE 1M Scan mode=2ScanSetting LE Coded Scan mode=2 mLastConfiguredScanSettingLE1M=-1 mLastConfiguredScanSettingLECoded=-1scanPhy=255
01-24 21:35:55.695  4090  4247 I CryptauthV2: [HaveKeyWithKeyNameOperation] Have key with key name operation is called.
01-24 21:35:55.696  2556  3286 I bt_stack: [INFO:gatt_api.cc(950)] GATT_Register 4ac236b1-18f1-b86f-17d3-3c56107eeb18
01-24 21:35:55.696  2556  3286 I bt_stack: [INFO:gatt_api.cc(970)] allocated gatt_if=6
01-24 21:35:55.696  2556  2626 D BtGatt.GattService: onScannerRegistered() - UUID=105158bc-2ad5-4508-bf69-57600707d7e6, scannerId=6, status=0
01-24 21:35:55.697  2556  2913 D BtGatt.ScanManager: configureRegularScanParams - scanInterval LE 1M = 4096configureRegularScanParams - scanWindow LE 1M= 4096configureRegularScanParams - scanInterval LE Coded= 4096configureRegularScanParams - scanWindow LE Coded= 4096
01-24 21:35:55.698  2556  2913 I BtGatt.ScanManager: msg.what = 1
01-24 21:35:55.697  3438  3598 D BluetoothLeScanner: onScannerRegistered() - status=0 scannerId=6 mScannerId=0
01-24 21:35:55.698  2556 17831 D BtGatt.GattService: start scan with filters. callingPackage: com.google.android.gms
01-24 21:35:55.699  2556  2626 D BtGatt.GattService: onScanParamSetupCompleted : 0
01-24 21:35:55.700  2556  2913 I BtGatt.ScanManager: msg.what = 0
01-24 21:35:55.700  2556  2913 D BtGatt.ScanManager: handling starting scan
01-24 21:35:55.700  2556  2913 D BtGatt.ScanManager: isAptXLowLatencyModeEnabled: false
01-24 21:35:55.706  2803  4208 D QCNEJ/WlanStaInfoRelay: Received action: android.net.wifi.RSSI_CHANGED
01-24 21:35:55.711  2556  2626 D BtGatt.GattService: onScanFilterEnableDisabled() - clientIf=6, status=0, action=1
01-24 21:35:55.711  2556  2626 D BtGatt.ScanManager: callback done for scannerId - 6 status - 0
01-24 21:35:55.711  2556  2913 D BtGatt.ScanManager: Available Filter size: 60
01-24 21:35:55.712  2556  2626 D BtGatt.GattService: onScanFilterConfig() - clientIf=6, action = 0 status = 0, filterType=0, availableSpace=0
01-24 21:35:55.712  2556  2626 D BtGatt.ScanManager: callback done for scannerId - 6 status - 0
01-24 21:35:55.712  2556  2913 D BtGatt.ScanManager: configureFilterParamter 500 10000 1 0, deliveryMode=0
01-24 21:35:55.713  2556  2626 D BtGatt.GattService: onScanFilterParamsConfigured() - clientIf=6, status=0, action=0, availableSpace=62
01-24 21:35:55.713  2556  2626 D BtGatt.ScanManager: callback done for scannerId - 6 status - 0
01-24 21:35:55.713  2556  3286 I bt_stack: [INFO:btm_ble_adv_filter.cc(693)] BTM_LE_PF_set UUID MASK is empty 
01-24 21:35:55.713  2556  2626 D BtGatt.GattService: onScanFilterConfig() - clientIf=6, action = 0 status = 0, filterType=0, availableSpace=0
01-24 21:35:55.713  2556  2626 D BtGatt.ScanManager: callback done for scannerId - 6 status - 0
01-24 21:35:55.714  2556  2913 D BtGatt.ScanManager: configureFilterParamter 500 10000 1 0, deliveryMode=0
01-24 21:35:55.719  4941 12942 D OtaApp  : PollingManagerService:NetworkCallback:networkCapabilities=[ Transports: WIFI Capabilities: NOT_METERED&INTERNET&NOT_RESTRICTED&TRUSTED&NOT_VPN&VALIDATED&NOT_ROAMING&FOREGROUND&NOT_CONGESTED&NOT_SUSPENDED LinkUpBandwidth>=30425Kbps LinkDnBandwidth>=53529Kbps SignalStrength: -23 AdministratorUids: [] RequestorUid: -1 RequestorPackageName: null]
01-24 21:35:55.719  4941 12942 D Fota    : ConnectivityActionReceiver:NetworkCallback:networkCapabilities=[ Transports: WIFI Capabilities: NOT_METERED&INTERNET&NOT_RESTRICTED&TRUSTED&NOT_VPN&VALIDATED&NOT_ROAMING&FOREGROUND&NOT_CONGESTED&NOT_SUSPENDED LinkUpBandwidth>=30425Kbps LinkDnBandwidth>=53529Kbps SignalStrength: -23 AdministratorUids: [] RequestorUid: -1 RequestorPackageName: null]
01-24 21:35:55.719  2556  2626 D BtGatt.GattService: onScanFilterParamsConfigured() - clientIf=6, status=0, action=0, availableSpace=61
01-24 21:35:55.719  2556  2626 D BtGatt.ScanManager: callback done for scannerId - 6 status - 0
01-24 21:35:55.720  2556  3286 I bt_stack: [INFO:btm_ble_adv_filter.cc(693)] BTM_LE_PF_set UUID MASK is empty 
01-24 21:35:55.720  2556  2626 D BtGatt.GattService: onScanFilterConfig() - clientIf=6, action = 0 status = 0, filterType=0, availableSpace=0
01-24 21:35:55.720  2556  2626 D BtGatt.ScanManager: callback done for scannerId - 6 status - 0
01-24 21:35:55.720  2556  2913 D BtGatt.ScanManager: configureFilterParamter 500 10000 1 0, deliveryMode=0
01-24 21:35:55.721  2556  2626 D BtGatt.GattService: onScanFilterParamsConfigured() - clientIf=6, status=0, action=0, availableSpace=60
01-24 21:35:55.721  2556  2626 D BtGatt.ScanManager: callback done for scannerId - 6 status - 0
01-24 21:35:55.722  3552  6018 I CarrierServices: [194] bxe.c: Connected state: [1], networkType: [WIFI]
01-24 21:35:55.722  2556  3286 I bt_stack: [INFO:btm_ble_adv_filter.cc(693)] BTM_LE_PF_set UUID MASK is empty 
01-24 21:35:55.722  2556  2626 D BtGatt.GattService: onScanFilterConfig() - clientIf=6, action = 0 status = 0, filterType=0, availableSpace=0
01-24 21:35:55.722  2556  2626 D BtGatt.ScanManager: callback done for scannerId - 6 status - 0
01-24 21:35:55.722  2556  2913 D BtGatt.ScanManager: configureFilterParamter 500 10000 1 0, deliveryMode=0
01-24 21:35:55.725  2556  2626 D BtGatt.GattService: onScanFilterParamsConfigured() - clientIf=6, status=0, action=0, availableSpace=59
01-24 21:35:55.725  2556  2626 D BtGatt.ScanManager: callback done for scannerId - 6 status - 0
01-24 21:35:55.728  4090  4247 I CryptauthV2: [HaveKeyWithKeyNameOperation] Have key with key name operation is called.
01-24 21:35:55.728  2556  2626 D BtGatt.GattService: onScanFilterConfig() - clientIf=6, action = 0 status = 0, filterType=0, availableSpace=0
01-24 21:35:55.728  2556  2626 D BtGatt.ScanManager: callback done for scannerId - 6 status - 0
01-24 21:35:55.729  2556  2913 D BtGatt.ScanManager: configureFilterParamter 500 10000 1 0, deliveryMode=0
01-24 21:35:55.730  2556  2626 D BtGatt.GattService: onScanFilterParamsConfigured() - clientIf=6, status=0, action=0, availableSpace=58
01-24 21:35:55.730  2556  2626 D BtGatt.ScanManager: callback done for scannerId - 6 status - 0
01-24 21:35:55.731  2556  2913 D BtGatt.ScanManager: configureRegularScanParams() - queue=3
01-24 21:35:55.731  2556  2913 D BtGatt.ScanManager: configureRegularScanParams() - ScanSetting LE 1M Scan mode=2ScanSetting LE Coded Scan mode=2 mLastConfiguredScanSettingLE1M=2 mLastConfiguredScanSettingLECoded=2scanPhy=255
01-24 21:35:55.739  3552 10260 I CarrierServices: [205] bwu.k: (RCS): [Mobile]: Setting up network interface (rmnet_data1), IP address: redacted-pii:ip_address[chars:13,ip_version:ipv4]
01-24 21:35:55.741  3552 10260 I CarrierServices: [205] bwu.k: (RCS): [WiFi]: Setting up network interface (wlan0), IP address: redacted-pii:ip_address[chars:13,ip_version:ipv4]
01-24 21:35:55.743  3552 10260 E CarrierServices: [205] bwu.k: (RCS): [VPN]: NetworkType 17 not found.
01-24 21:35:55.747  3552  6006 I CarrierServices: [193] cmq.v: Rcs is enabled from user settings: true
01-24 21:35:55.771  1152  3284 I vendor.qti.bluetooth@1.0-ibs_handler: ProcessIbsCmd: Received IBS_SLEEP_IND: 0xFE
01-24 21:35:55.842  1591  1868 E QMI_FW  : qmi_cci_get_ref: ref count increased 2
01-24 21:35:55.881  4969 24849 D AssistReceiver: call: lightWakeup | null | null
01-24 21:35:56.221  1591  1868 E QMI_FW  : qmi_cci_get_ref: ref count increased 2
01-24 21:35:56.730  1152  3290 I vendor.qti.bluetooth@1.0-ibs_handler: DeviceSleep: TX Awake, Sending SLEEP_IND
01-24 21:35:56.730  1152  3290 D vendor.qti.bluetooth@1.0-ibs_handler: SerialClockVote: vote for UART CLK OFF
01-24 21:35:56.744  1178  1178 I QTI PowerHAL: Power setBoost: 0, duration: 0
01-24 21:35:56.751  1178  1178 I QTI PowerHAL: Power setBoost: 0, duration: 0
01-24 21:35:56.821  3103  3103 D BaseSwipeDetector: setState:IDLE->IDLE
01-24 21:35:56.829  3103  3193 D CustomAppIcons: Get custom app icon: android.app.Application@75911eb | com.motorola.camera3 | com.motorola.camera.camera
01-24 21:35:56.830  3103  3193 D CustomAppIcons: Icon from CustomAppIcons: com.motorola.camera3 | com.motorola.camera.camera | null
01-24 21:35:56.838  1178  1178 I QTI PowerHAL: Power setMode: 5 to: 1
01-24 21:35:56.846  2580  5604 D KeyguardViewMediator: setOccluded true
01-24 21:35:56.847  2580  2580 D KeyguardViewMediator: adjustStatusBarLocked: mShowing=false mOccluded=true isSecure=true force=false --> flags=0x0
01-24 21:35:56.867  1047  1047 D Zygote  : Forked child process 17721
01-24 21:35:56.880  1152  2925 D vendor.qti.bluetooth@1.0-wake_lock: Release wakelock is released 
01-24 21:35:56.888 17721 17721 E otorola.camera: Not starting debugger since process cannot load the jdwp agent.
01-24 21:35:56.905  2556  2913 I BtGatt.ScanManager: msg.what = 8
01-24 21:35:56.907  2556  2913 I BtGatt.ScanManager: msg.what = 5
01-24 21:35:56.910  4112  4112 D GameMode: isScreenUnlocked: true
01-24 21:35:56.910  4112  4112 D GameMode: exiting game mode
01-24 21:35:56.919 17721 17721 I otorola.camera: The ClassLoaderContext is a special shared library.
01-24 21:35:56.921 17721 17721 W otorola.camera: ClassLoaderContext classpath size mismatch. expected=6, found=0 (PCL[/system/framework/com.android.location.provider.jar*1664931834:/system/framework/services.jar*3416277198:/system/framework/services.jar!classes2.dex*3710438775:/system/framework/ethernet-service.jar*1446218191:/system/framework/moto-telephony.jar*878136435:/system/framework/moto-core_services.jar*3662660715] | PCL[])
01-24 21:35:56.928  4112  4112 D GameMode: reset : false
01-24 21:35:56.929  4112  4112 D GameMode: reset: 
01-24 21:35:56.929  4112  4112 D GameMode: isFeatureSupported: true
01-24 21:35:56.930  4112  4814 D MFL     : getFreeFormPackages: adding all apps
01-24 21:35:56.931  4112 10036 D MFL     : getFreeFormPackages: adding all apps
01-24 21:35:56.931  4112 10036 D MFL     : getDensityIndependentPixel: smallest width = 432
01-24 21:35:56.931  4112 10036 D MFL     : getLaunchRect: margin = 0
01-24 21:35:56.931  4112 10036 V MotoExtendManager: setGameModeState isActive = false, gameModeOptions = Bundle[{game_mode_force_freeform_packages=[com.twitter.android, com.whatsapp, com.facebook.katana, com.google.android.talk, jp.naver.line.android, com.discord, org.telegram.messenger, com.facebook.orca], touch_enhance_enable=0, display_enhance_enable=0, performance_enhance_enable=0, force_refresh_rate=0.0, game_mode_freeform_launchbounds=Rect(50, 130 - 734, 1210), game_package_name=, display=0, game_mode_display=0}], TOKEN = android.os.Binder@4e9cf2 by (com.motorola.gamemode)
01-24 21:35:56.933 17721 17721 W otorola.camera: JIT profile information will not be recorded: profile file does not exist.
01-24 21:35:56.934 17721 17721 I chatty  : uid=10222(com.motorola.camera3) identical 1 line
01-24 21:35:56.934 17721 17721 W otorola.camera: JIT profile information will not be recorded: profile file does not exist.
01-24 21:35:56.934  4112  4814 D MFL     : getDensityIndependentPixel: smallest width = 432
01-24 21:35:56.934  4112  4814 D MFL     : getLaunchRect: margin = 0
01-24 21:35:56.934  4112  4814 V MotoExtendManager: setGameModeState isActive = false, gameModeOptions = Bundle[{game_mode_force_freeform_packages=[com.twitter.android, com.whatsapp, com.facebook.katana, com.google.android.talk, jp.naver.line.android, com.discord, org.telegram.messenger, com.facebook.orca], touch_enhance_enable=0, display_enhance_enable=0, performance_enhance_enable=0, force_refresh_rate=0.0, game_mode_freeform_launchbounds=Rect(50, 130 - 734, 1210), game_package_name=, display=0, game_mode_display=0}], TOKEN = android.os.Binder@4e9cf2 by (com.motorola.gamemode)
01-24 21:35:56.947  5081 13683 W DynamicVolume-DynamicVolumeService: onForegroundActivitiesChanged, record latest volume: a[packageName=com.motorola.camera3, packageUid=10222, time=Mon Jan 24 21:35:56 GMT-03:00 2022, startVolume=2, deviceType=2]
01-24 21:35:56.948  1185  1185 I motorola.hardware.display.touch@1.1-service: Setting report rate to 0
01-24 21:35:56.950 17721 17721 D NetworkSecurityConfig: No Network Security Config specified, using platform default
01-24 21:35:56.950  4559  4559 I GsaVoiceInteractionSrv: Handling ACTION_STOP_HOTWORD
01-24 21:35:56.951 17721 17721 D NetworkSecurityConfig: No Network Security Config specified, using platform default
01-24 21:35:56.951  1185  1185 I motorola.hardware.display.touch@1.1-service: Setting report rate to 0
01-24 21:35:56.980  1270  2306 W DisplayIdentification: Invalid EDID: falling back to serial number due to missing display name.
01-24 21:35:56.980  1270  2306 W DisplayIdentification: Invalid EDID: falling back to ASCII text due to missing serial number.
01-24 21:35:56.995 17721 17721 W ReflectionUtil: Failed to find class com.motorola.hardware.CLIManager, returning null
01-24 21:35:56.995 17721 17721 W ReflectionUtil: java.lang.ClassNotFoundException: com.motorola.hardware.CLIManager
01-24 21:35:56.995 17721 17721 W ReflectionUtil: 	at java.lang.Class.classForName(Native Method)
01-24 21:35:56.995 17721 17721 W ReflectionUtil: 	at java.lang.Class.forName(Class.java:454)
01-24 21:35:56.995 17721 17721 W ReflectionUtil: 	at java.lang.Class.forName(Class.java:379)
01-24 21:35:56.995 17721 17721 W ReflectionUtil: 	at com.motorola.camera.utility.ReflectionUtilKt.classForNameOrNull(ReflectionUtil.kt:1)
01-24 21:35:56.995 17721 17721 W ReflectionUtil: 	at com.motorola.camera.utility.ReflectionUtilKt.getDeclaredStringFromClass(ReflectionUtil.kt:1)
01-24 21:35:56.995 17721 17721 W ReflectionUtil: 	at com.motorola.camera.reflect.CLIManagerFW.<clinit>(CLIManagerFW.kt:1)
01-24 21:35:56.995 17721 17721 W ReflectionUtil: 	at com.motorola.camera.launch.LaunchManager.<init>(LaunchManager.kt:3)
01-24 21:35:56.995 17721 17721 W ReflectionUtil: 	at com.motorola.camera.Camera.<init>(Camera.java:9)
01-24 21:35:56.995 17721 17721 W ReflectionUtil: 	at java.lang.Class.newInstance(Native Method)
01-24 21:35:56.995 17721 17721 W ReflectionUtil: 	at android.app.AppComponentFactory.instantiateActivity(AppComponentFactory.java:95)
01-24 21:35:56.995 17721 17721 W ReflectionUtil: 	at androidx.core.app.CoreComponentFactory.instantiateActivity(CoreComponentFactory.java:1)
01-24 21:35:56.995 17721 17721 W ReflectionUtil: 	at android.app.Instrumentation.newActivity(Instrumentation.java:1253)
01-24 21:35:56.995 17721 17721 W ReflectionUtil: 	at android.app.ActivityThread.performLaunchActivity(ActivityThread.java:3432)
01-24 21:35:56.995 17721 17721 W ReflectionUtil: 	at android.app.ActivityThread.handleLaunchActivity(ActivityThread.java:3703)
01-24 21:35:56.995 17721 17721 W ReflectionUtil: 	at android.app.servertransaction.LaunchActivityItem.execute(LaunchActivityItem.java:85)
01-24 21:35:56.995 17721 17721 W ReflectionUtil: 	at android.app.servertransaction.TransactionExecutor.executeCallbacks(TransactionExecutor.java:135)
01-24 21:35:56.995 17721 17721 W ReflectionUtil: 	at android.app.servertransaction.TransactionExecutor.execute(TransactionExecutor.java:95)
01-24 21:35:56.995 17721 17721 W ReflectionUtil: 	at android.app.ActivityThread$H.handleMessage(ActivityThread.java:2152)
01-24 21:35:56.995 17721 17721 W ReflectionUtil: 	at android.os.Handler.dispatchMessage(Handler.java:106)
01-24 21:35:56.995 17721 17721 W ReflectionUtil: 	at android.os.Looper.loop(Looper.java:250)
01-24 21:35:56.995 17721 17721 W ReflectionUtil: 	at android.app.ActivityThread.main(ActivityThread.java:7886)
01-24 21:35:56.995 17721 17721 W ReflectionUtil: 	at java.lang.reflect.Method.invoke(Native Method)
01-24 21:35:56.995 17721 17721 W ReflectionUtil: 	at com.android.internal.os.RuntimeInit$MethodAndArgsCaller.run(RuntimeInit.java:592)
01-24 21:35:56.995 17721 17721 W ReflectionUtil: 	at com.android.internal.os.ZygoteInit.main(ZygoteInit.java:970)
01-24 21:35:56.995 17721 17721 W ReflectionUtil: Caused by: java.lang.ClassNotFoundException: com.motorola.hardware.CLIManager
01-24 21:35:56.995 17721 17721 W ReflectionUtil: 	... 24 more
01-24 21:35:56.996 17721 17721 W ReflectionUtil: Failed to find class com.motorola.hardware.CLIManager, returning null
01-24 21:35:56.996 17721 17721 W ReflectionUtil: java.lang.ClassNotFoundException: com.motorola.hardware.CLIManager
01-24 21:35:56.996 17721 17721 W ReflectionUtil: 	at java.lang.Class.classForName(Native Method)
01-24 21:35:56.996 17721 17721 W ReflectionUtil: 	at java.lang.Class.forName(Class.java:454)
01-24 21:35:56.996 17721 17721 W ReflectionUtil: 	at java.lang.Class.forName(Class.java:379)
01-24 21:35:56.996 17721 17721 W ReflectionUtil: 	at com.motorola.camera.utility.ReflectionUtilKt.classForNameOrNull(ReflectionUtil.kt:1)
01-24 21:35:56.996 17721 17721 W ReflectionUtil: 	at com.motorola.camera.utility.ReflectionUtilKt.getDeclaredStringFromClass(ReflectionUtil.kt:1)
01-24 21:35:56.996 17721 17721 W ReflectionUtil: 	at com.motorola.camera.reflect.CLIManagerFW.<clinit>(CLIManagerFW.kt:2)
01-24 21:35:56.996 17721 17721 W ReflectionUtil: 	at com.motorola.camera.launch.LaunchManager.<init>(LaunchManager.kt:3)
01-24 21:35:56.996 17721 17721 W ReflectionUtil: 	at com.motorola.camera.Camera.<init>(Camera.java:9)
01-24 21:35:56.996 17721 17721 W ReflectionUtil: 	at java.lang.Class.newInstance(Native Method)
01-24 21:35:56.996 17721 17721 W ReflectionUtil: 	at android.app.AppComponentFactory.instantiateActivity(AppComponentFactory.java:95)
01-24 21:35:56.996 17721 17721 W ReflectionUtil: 	at androidx.core.app.CoreComponentFactory.instantiateActivity(CoreComponentFactory.java:1)
01-24 21:35:56.996 17721 17721 W ReflectionUtil: 	at android.app.Instrumentation.newActivity(Instrumentation.java:1253)
01-24 21:35:56.996 17721 17721 W ReflectionUtil: 	at android.app.ActivityThread.performLaunchActivity(ActivityThread.java:3432)
01-24 21:35:56.996 17721 17721 W ReflectionUtil: 	at android.app.ActivityThread.handleLaunchActivity(ActivityThread.java:3703)
01-24 21:35:56.996 17721 17721 W ReflectionUtil: 	at android.app.servertransaction.LaunchActivityItem.execute(LaunchActivityItem.java:85)
01-24 21:35:56.996 17721 17721 W ReflectionUtil: 	at android.app.servertransaction.TransactionExecutor.executeCallbacks(TransactionExecutor.java:135)
01-24 21:35:56.996 17721 17721 W ReflectionUtil: 	at android.app.servertransaction.TransactionExecutor.execute(TransactionExecutor.java:95)
01-24 21:35:56.996 17721 17721 W ReflectionUtil: 	at android.app.ActivityThread$H.handleMessage(ActivityThread.java:2152)
01-24 21:35:56.996 17721 17721 W ReflectionUtil: 	at android.os.Handler.dispatchMessage(Handler.java:106)
01-24 21:35:56.996 17721 17721 W ReflectionUtil: 	at android.os.Looper.loop(Looper.java:250)
01-24 21:35:56.996 17721 17721 W ReflectionUtil: 	at android.app.ActivityThread.main(ActivityThread.java:7886)
01-24 21:35:56.996 17721 17721 W ReflectionUtil: 	at java.lang.reflect.Method.invoke(Native Method)
01-24 21:35:56.996 17721 17721 W ReflectionUtil: 	at com.android.internal.os.RuntimeInit$MethodAndArgsCaller.run(RuntimeInit.java:592)
01-24 21:35:56.996 17721 17721 W ReflectionUtil: 	at com.android.internal.os.ZygoteInit.main(ZygoteInit.java:970)
01-24 21:35:56.996 17721 17721 W ReflectionUtil: Caused by: java.lang.ClassNotFoundException: com.motorola.hardware.CLIManager
01-24 21:35:56.996 17721 17721 W ReflectionUtil: 	... 24 more
01-24 21:35:56.996 17721 17721 W ReflectionUtil: Failed to find class com.motorola.hardware.CLIManager, returning null
01-24 21:35:56.996 17721 17721 W ReflectionUtil: java.lang.ClassNotFoundException: com.motorola.hardware.CLIManager
01-24 21:35:56.996 17721 17721 W ReflectionUtil: 	at java.lang.Class.classForName(Native Method)
01-24 21:35:56.996 17721 17721 W ReflectionUtil: 	at java.lang.Class.forName(Class.java:454)
01-24 21:35:56.996 17721 17721 W ReflectionUtil: 	at java.lang.Class.forName(Class.java:379)
01-24 21:35:56.996 17721 17721 W ReflectionUtil: 	at com.motorola.camera.utility.ReflectionUtilKt.classForNameOrNull(ReflectionUtil.kt:1)
01-24 21:35:56.996 17721 17721 W ReflectionUtil: 	at com.motorola.camera.utility.ReflectionUtilKt.getDeclaredIntFromClass(ReflectionUtil.kt:1)
01-24 21:35:56.996 17721 17721 W ReflectionUtil: 	at com.motorola.camera.reflect.CLIManagerFW.<clinit>(CLIManagerFW.kt:3)
01-24 21:35:56.996 17721 17721 W ReflectionUtil: 	at com.motorola.camera.launch.LaunchManager.<init>(LaunchManager.kt:3)
01-24 21:35:56.996 17721 17721 W ReflectionUtil: 	at com.motorola.camera.Camera.<init>(Camera.java:9)
01-24 21:35:56.996 17721 17721 W ReflectionUtil: 	at java.lang.Class.newInstance(Native Method)
01-24 21:35:56.996 17721 17721 W ReflectionUtil: 	at android.app.AppComponentFactory.instantiateActivity(AppComponentFactory.java:95)
01-24 21:35:56.996 17721 17721 W ReflectionUtil: 	at androidx.core.app.CoreComponentFactory.instantiateActivity(CoreComponentFactory.java:1)
01-24 21:35:56.996 17721 17721 W ReflectionUtil: 	at android.app.Instrumentation.newActivity(Instrumentation.java:1253)
01-24 21:35:56.996 17721 17721 W ReflectionUtil: 	at android.app.ActivityThread.performLaunchActivity(ActivityThread.java:3432)
01-24 21:35:56.996 17721 17721 W ReflectionUtil: 	at android.app.ActivityThread.handleLaunchActivity(ActivityThread.java:3703)
01-24 21:35:56.996 17721 17721 W ReflectionUtil: 	at android.app.servertransaction.LaunchActivityItem.execute(LaunchActivityItem.java:85)
01-24 21:35:56.996 17721 17721 W ReflectionUtil: 	at android.app.servertransaction.TransactionExecutor.executeCallbacks(TransactionExecutor.java:135)
01-24 21:35:56.996 17721 17721 W ReflectionUtil: 	at android.app.servertransaction.TransactionExecutor.execute(TransactionExecutor.java:95)
01-24 21:35:56.996 17721 17721 W ReflectionUtil: 	at android.app.ActivityThread$H.handleMessage(ActivityThread.java:2152)
01-24 21:35:56.996 17721 17721 W ReflectionUtil: 	at android.os.Handler.dispatchMessage(Handler.java:106)
01-24 21:35:56.996 17721 17721 W ReflectionUtil: 	at android.os.Looper.loop(Looper.java:250)
01-24 21:35:56.996 17721 17721 W ReflectionUtil: 	at android.app.ActivityThread.main(ActivityThread.java:7886)
01-24 21:35:56.996 17721 17721 W ReflectionUtil: 	at java.lang.reflect.Method.invoke(Native Method)
01-24 21:35:56.996 17721 17721 W ReflectionUtil: 	at com.android.internal.os.RuntimeInit$MethodAndArgsCaller.run(RuntimeInit.java:592)
01-24 21:35:56.996 17721 17721 W ReflectionUtil: 	at com.android.internal.os.ZygoteInit.main(ZygoteInit.java:970)
01-24 21:35:56.996 17721 17721 W ReflectionUtil: Caused by: java.lang.ClassNotFoundException: com.motorola.hardware.CLIManager
01-24 21:35:56.996 17721 17721 W ReflectionUtil: 	... 24 more
01-24 21:35:56.996 17721 17721 W ReflectionUtil: Failed to find class com.motorola.hardware.CLIManager, returning null
01-24 21:35:56.996 17721 17721 W ReflectionUtil: java.lang.ClassNotFoundException: com.motorola.hardware.CLIManager
01-24 21:35:56.996 17721 17721 W ReflectionUtil: 	at java.lang.Class.classForName(Native Method)
01-24 21:35:56.996 17721 17721 W ReflectionUtil: 	at java.lang.Class.forName(Class.java:454)
01-24 21:35:56.996 17721 17721 W ReflectionUtil: 	at java.lang.Class.forName(Class.java:379)
01-24 21:35:56.996 17721 17721 W ReflectionUtil: 	at com.motorola.camera.utility.ReflectionUtilKt.classForNameOrNull(ReflectionUtil.kt:1)
01-24 21:35:56.996 17721 17721 W ReflectionUtil: 	at com.motorola.camera.utility.ReflectionUtilKt.getDeclaredIntFromClass(ReflectionUtil.kt:1)
01-24 21:35:56.996 17721 17721 W ReflectionUtil: 	at com.motorola.camera.reflect.CLIManagerFW.<clinit>(CLIManagerFW.kt:4)
01-24 21:35:56.996 17721 17721 W ReflectionUtil: 	at com.motorola.camera.launch.LaunchManager.<init>(LaunchManager.kt:3)
01-24 21:35:56.996 17721 17721 W ReflectionUtil: 	at com.motorola.camera.Camera.<init>(Camera.java:9)
01-24 21:35:56.996 17721 17721 W ReflectionUtil: 	at java.lang.Class.newInstance(Native Method)
01-24 21:35:56.996 17721 17721 W ReflectionUtil: 	at android.app.AppComponentFactory.instantiateActivity(AppComponentFactory.java:95)
01-24 21:35:56.996 17721 17721 W ReflectionUtil: 	at androidx.core.app.CoreComponentFactory.instantiateActivity(CoreComponentFactory.java:1)
01-24 21:35:56.996 17721 17721 W ReflectionUtil: 	at android.app.Instrumentation.newActivity(Instrumentation.java:1253)
01-24 21:35:56.996 17721 17721 W ReflectionUtil: 	at android.app.ActivityThread.performLaunchActivity(ActivityThread.java:3432)
01-24 21:35:56.996 17721 17721 W ReflectionUtil: 	at android.app.ActivityThread.handleLaunchActivity(ActivityThread.java:3703)
01-24 21:35:56.996 17721 17721 W ReflectionUtil: 	at android.app.servertransaction.LaunchActivityItem.execute(LaunchActivityItem.java:85)
01-24 21:35:56.996 17721 17721 W ReflectionUtil: 	at android.app.servertransaction.TransactionExecutor.executeCallbacks(TransactionExecutor.java:135)
01-24 21:35:56.996 17721 17721 W ReflectionUtil: 	at android.app.servertransaction.TransactionExecutor.execute(TransactionExecutor.java:95)
01-24 21:35:56.996 17721 17721 W ReflectionUtil: 	at android.app.ActivityThread$H.handleMessage(ActivityThread.java:2152)
01-24 21:35:56.996 17721 17721 W ReflectionUtil: 	at android.os.Handler.dispatchMessage(Handler.java:106)
01-24 21:35:56.996 17721 17721 W ReflectionUtil: 	at android.os.Looper.loop(Looper.java:250)
01-24 21:35:56.996 17721 17721 W ReflectionUtil: 	at android.app.ActivityThread.main(ActivityThread.java:7886)
01-24 21:35:56.996 17721 17721 W ReflectionUtil: 	at java.lang.reflect.Method.invoke(Native Method)
01-24 21:35:56.996 17721 17721 W ReflectionUtil: 	at com.android.internal.os.RuntimeInit$MethodAndArgsCaller.run(RuntimeInit.java:592)
01-24 21:35:56.996 17721 17721 W ReflectionUtil: 	at com.android.internal.os.ZygoteInit.main(ZygoteInit.java:970)
01-24 21:35:56.996 17721 17721 W ReflectionUtil: Caused by: java.lang.ClassNotFoundException: com.motorola.hardware.CLIManager
01-24 21:35:56.996 17721 17721 W ReflectionUtil: 	... 24 more
01-24 21:35:56.996 17721 17721 W ReflectionUtil: Failed to find class com.motorola.hardware.CLIManager, returning null
01-24 21:35:56.996 17721 17721 W ReflectionUtil: java.lang.ClassNotFoundException: com.motorola.hardware.CLIManager
01-24 21:35:56.996 17721 17721 W ReflectionUtil: 	at java.lang.Class.classForName(Native Method)
01-24 21:35:56.996 17721 17721 W ReflectionUtil: 	at java.lang.Class.forName(Class.java:454)
01-24 21:35:56.996 17721 17721 W ReflectionUtil: 	at java.lang.Class.forName(Class.java:379)
01-24 21:35:56.996 17721 17721 W ReflectionUtil: 	at com.motorola.camera.utility.ReflectionUtilKt.classForNameOrNull(ReflectionUtil.kt:1)
01-24 21:35:56.996 17721 17721 W ReflectionUtil: 	at com.motorola.camera.utility.ReflectionUtilKt.getDeclaredIntFromClass(ReflectionUtil.kt:1)
01-24 21:35:56.996 17721 17721 W ReflectionUtil: 	at com.motorola.camera.reflect.CLIManagerFW.<clinit>(CLIManagerFW.kt:5)
01-24 21:35:56.996 17721 17721 W ReflectionUtil: 	at com.motorola.camera.launch.LaunchManager.<init>(LaunchManager.kt:3)
01-24 21:35:56.996 17721 17721 W ReflectionUtil: 	at com.motorola.camera.Camera.<init>(Camera.java:9)
01-24 21:35:56.996 17721 17721 W ReflectionUtil: 	at java.lang.Class.newInstance(Native Method)
01-24 21:35:56.996 17721 17721 W ReflectionUtil: 	at android.app.AppComponentFactory.instantiateActivity(AppComponentFactory.java:95)
01-24 21:35:56.996 17721 17721 W ReflectionUtil: 	at androidx.core.app.CoreComponentFactory.instantiateActivity(CoreComponentFactory.java:1)
01-24 21:35:56.996 17721 17721 W ReflectionUtil: 	at android.app.Instrumentation.newActivity(Instrumentation.java:1253)
01-24 21:35:56.996 17721 17721 W ReflectionUtil: 	at android.app.ActivityThread.performLaunchActivity(ActivityThread.java:3432)
01-24 21:35:56.996 17721 17721 W ReflectionUtil: 	at android.app.ActivityThread.handleLaunchActivity(ActivityThread.java:3703)
01-24 21:35:56.996 17721 17721 W ReflectionUtil: 	at android.app.servertransaction.LaunchActivityItem.execute(LaunchActivityItem.java:85)
01-24 21:35:56.996 17721 17721 W ReflectionUtil: 	at android.app.servertransaction.TransactionExecutor.executeCallbacks(TransactionExecutor.java:135)
01-24 21:35:56.996 17721 17721 W ReflectionUtil: 	at android.app.servertransaction.TransactionExecutor.execute(TransactionExecutor.java:95)
01-24 21:35:56.996 17721 17721 W ReflectionUtil: 	at android.app.ActivityThread$H.handleMessage(ActivityThread.java:2152)
01-24 21:35:56.996 17721 17721 W ReflectionUtil: 	at android.os.Handler.dispatchMessage(Handler.java:106)
01-24 21:35:56.996 17721 17721 W ReflectionUtil: 	at android.os.Looper.loop(Looper.java:250)
01-24 21:35:56.996 17721 17721 W ReflectionUtil: 	at android.app.ActivityThread.main(ActivityThread.java:7886)
01-24 21:35:56.996 17721 17721 W ReflectionUtil: 	at java.lang.reflect.Method.invoke(Native Method)
01-24 21:35:56.996 17721 17721 W ReflectionUtil: 	at com.android.internal.os.RuntimeInit$MethodAndArgsCaller.run(RuntimeInit.java:592)
01-24 21:35:56.996 17721 17721 W ReflectionUtil: 	at com.android.internal.os.ZygoteInit.main(ZygoteInit.java:970)
01-24 21:35:56.996 17721 17721 W ReflectionUtil: Caused by: java.lang.ClassNotFoundException: com.motorola.hardware.CLIManager
01-24 21:35:56.996 17721 17721 W ReflectionUtil: 	... 24 more
01-24 21:35:57.013 17721 17721 W JsonConfig: bad read of 'super-remosaic' in config_devices.
01-24 21:35:57.013 17721 17721 E JsonConfig: Parse json file(config_retries) for berlin failed,use default value
01-24 21:35:57.030 17721 17751 I CameraManagerGlobal: Connecting to camera service
01-24 21:35:57.035  1497 31186 W ServiceManager: Permission failure: android.permission.CAMERA_OPEN_CLOSE_LISTENER from uid=10222 pid=17721
01-24 21:35:57.049  1047  1047 D Zygote  : Forked child process 17756
01-24 21:35:57.052  5446 17696 I GsaConfigFlagsSyncer: Flags already sync'ed.
01-24 21:35:57.058 17721 17721 E ThemeUtils: View class com.motorola.camera.ui.controls_2020.capturebar.shutter.ShutterButton is an AppCompat widget that can only be used with a Theme.AppCompat theme (or descendant).
01-24 21:35:57.060 17756 17756 E era3.content.a: Not starting debugger since process cannot load the jdwp agent.
01-24 21:35:57.089 17721 17721 E SettingsManager: CameraCharacteristics is null for cameraId=null and key=android.control.aeCompensationRange
01-24 21:35:57.090 17721 17721 W SettingsManager: Exposure compensation value is out of range or not supported
01-24 21:35:57.092 17756 17756 D nativeloader: classloader namespace configured for unbundled product apk. library_path=/product/app/MotCamera3AI/lib/arm64:/product/lib64:/system/product/lib64
01-24 21:35:57.093  1047  1047 D Zygote  : Forked child process 17778
01-24 21:35:57.093  4997  4997 D com.motorola.faceunlock.service.FaceAuthService: OnReceive intent = Intent { act=com.motorola.internal.CAMERA_START flg=0x10 }
01-24 21:35:57.096 17721 17749 E VendorTagDescriptor: lookupTag: Tag name 'quad_pixel' does not exist.
01-24 21:35:57.101 17721 17749 I chatty  : uid=10222(com.motorola.camera3) AppFgRunner identical 2 lines
01-24 21:35:57.102 17721 17749 E VendorTagDescriptor: lookupTag: Tag name 'quad_pixel' does not exist.
01-24 21:35:57.103 17778 17778 I libc    : SetHeapTaggingLevel: tag level set to 0
01-24 21:35:57.103 17721 17749 E VendorTagDescriptor: lookupTag: Tag name 'quad_pixel' does not exist.
01-24 21:35:57.108 17721 17749 E VendorTagDescriptor: lookupTag: Tag name 'supports_mcf' does not exist.
01-24 21:35:57.108 17721 17749 E VendorTagDescriptor: lookupTag: Tag name 'supports_reproc' does not exist.
01-24 21:35:57.110 17721 17774 D SingleInstanceRunnable: Sending close app event to other FSMs. Current fsm ID: 17774. Running FSMs [17774]
01-24 21:35:57.111 17721 17749 E VendorTagDescriptor: lookupTag: Tag name '3d_hdr_supported' does not exist.
01-24 21:35:57.112 17721 17721 I MotoCamera: App version: 80008158
01-24 21:35:57.112 17721 17749 E VendorTagDescriptor: lookupTag: Tag name '3d_hdr_supported' does not exist.
01-24 21:35:57.112 17721 17749 I chatty  : uid=10222(com.motorola.camera3) AppFgRunner identical 2 lines
01-24 21:35:57.112 17721 17749 E VendorTagDescriptor: lookupTag: Tag name '3d_hdr_supported' does not exist.
01-24 21:35:57.112 17721 17749 E VendorTagDescriptor: lookupTag: Tag name 'engine_phase' does not exist.
01-24 21:35:57.114 17721 17774 E VendorTagDescriptor: lookupTag: Tag name 'is_aux_bayer' does not exist.
01-24 21:35:57.116 17756 17756 I LoadedApk: No resource references to update in package com.motorola.camera3.content.ai.vendor_berlin
01-24 21:35:57.116 17756 17756 D NetworkSecurityConfig: No Network Security Config specified, using platform default
01-24 21:35:57.116 17756 17756 D NetworkSecurityConfig: No Network Security Config specified, using platform default
01-24 21:35:57.124 17778 17778 E .google.ar.len: Not starting debugger since process cannot load the jdwp agent.
01-24 21:35:57.134 17721 17774 W PersistVideoFormatBehavior: unable to load: 
01-24 21:35:57.135  1497 31186 I CameraService: CameraService::connect call (PID -1 "com.motorola.camera3", camera ID 4) for HAL version default and Camera API version 2
01-24 21:35:57.144  1047  1047 D Zygote  : Forked child process 17806
01-24 21:35:57.150  1497 31186 I CameraService: Incoming client com.motorola.camera3 (cameraId 4) isDesktopMode: false
01-24 21:35:57.150  1497 31186 I Camera2ClientBase: Camera 4: Opened. Client: com.motorola.camera3 (PID 17721, UID 10222)
01-24 21:35:57.150  1497 31186 I CameraDeviceClient: CameraDeviceClient 4: Opened
01-24 21:35:57.152 17721 17743 I AdrenoGLES-0: QUALCOMM build                   : 4a124bc83a, I55aa49cfcc
01-24 21:35:57.152 17721 17743 I AdrenoGLES-0: Build Date                       : 05/21/21
01-24 21:35:57.152 17721 17743 I AdrenoGLES-0: OpenGL ES Shader Compiler Version: EV031.35.01.08
01-24 21:35:57.152 17721 17743 I AdrenoGLES-0: Local Branch                     : 
01-24 21:35:57.152 17721 17743 I AdrenoGLES-0: Remote Branch                    : 
01-24 21:35:57.152 17721 17743 I AdrenoGLES-0: Remote Branch                    : 
01-24 21:35:57.152 17721 17743 I AdrenoGLES-0: Reconstruct Branch               : 
01-24 21:35:57.152 17721 17743 I AdrenoGLES-0: Build Config                     : S P 10.0.7 AArch64
01-24 21:35:57.152 17721 17743 I AdrenoGLES-0: Driver Path                      : /vendor/lib64/egl/libGLESv2_adreno.so
01-24 21:35:57.153  1513 19960 E Utils   : did not find channel-count and/or sample-rate
01-24 21:35:57.156 17721 17743 I AdrenoGLES-0: PFP: 0x016dc094, ME: 0x00000000
01-24 21:35:57.157 17778 17778 D ApplicationLoaders: Returning zygote-cached class loader: /system/framework/android.test.base.jar
01-24 21:35:57.158 17778 17778 I .google.ar.len: The ClassLoaderContext is a special shared library.
01-24 21:35:57.159  5446  5446 I A       : onApplyWindowInsets: systemWindowInsets=Insets{left=0, top=90, right=0, bottom=60}
01-24 21:35:57.159  5446  5446 I A       : onApplyWindowInsets: systemWindowInsets=Insets{left=0, top=90, right=0, bottom=60}
